Component: Arm Compiler for Embedded 6.19 Tool: armlink [5e73cb00]

==============================================================================

Section Cross References

    startup_stm32f407xx.o(STACK) refers (Special) to heapauxi.o(.text) for __use_two_region_memory
    startup_stm32f407xx.o(HEAP) refers (Special) to heapauxi.o(.text) for __use_two_region_memory
    startup_stm32f407xx.o(RESET) refers (Special) to heapauxi.o(.text) for __use_two_region_memory
    startup_stm32f407xx.o(RESET) refers to startup_stm32f407xx.o(STACK) for __initial_sp
    startup_stm32f407xx.o(RESET) refers to startup_stm32f407xx.o(.text) for Reset_Handler
    startup_stm32f407xx.o(RESET) refers to stm32f4xx_it.o(.text.NMI_Handler) for NMI_Handler
    startup_stm32f407xx.o(RESET) refers to stm32f4xx_it.o(.text.HardFault_Handler) for HardFault_Handler
    startup_stm32f407xx.o(RESET) refers to stm32f4xx_it.o(.text.MemManage_Handler) for MemManage_Handler
    startup_stm32f407xx.o(RESET) refers to stm32f4xx_it.o(.text.BusFault_Handler) for BusFault_Handler
    startup_stm32f407xx.o(RESET) refers to stm32f4xx_it.o(.text.UsageFault_Handler) for UsageFault_Handler
    startup_stm32f407xx.o(RESET) refers to port.o(.text.SVC_Handler) for SVC_Handler
    startup_stm32f407xx.o(RESET) refers to stm32f4xx_it.o(.text.DebugMon_Handler) for DebugMon_Handler
    startup_stm32f407xx.o(RESET) refers to port.o(.text.PendSV_Handler) for PendSV_Handler
    startup_stm32f407xx.o(RESET) refers to cmsis_os2.o(.text.SysTick_Handler) for SysTick_Handler
    startup_stm32f407xx.o(RESET) refers to stm32f4xx_it.o(.text.CAN1_RX0_IRQHandler) for CAN1_RX0_IRQHandler
    startup_stm32f407xx.o(RESET) refers to stm32f4xx_it.o(.text.TIM6_DAC_IRQHandler) for TIM6_DAC_IRQHandler
    startup_stm32f407xx.o(.text) refers (Special) to heapauxi.o(.text) for __use_two_region_memory
    startup_stm32f407xx.o(.text) refers to system_stm32f4xx.o(.text.SystemInit) for SystemInit
    startup_stm32f407xx.o(.text) refers to __main.o(!!!main) for __main
    startup_stm32f407xx.o(.text) refers to startup_stm32f407xx.o(HEAP) for Heap_Mem
    startup_stm32f407xx.o(.text) refers to startup_stm32f407xx.o(STACK) for Stack_Mem
    main.o(.text.main) refers to stm32f4xx_hal.o(.text.HAL_Init) for HAL_Init
    main.o(.text.main) refers to main.o(.text.SystemClock_Config) for SystemClock_Config
    main.o(.text.main) refers to gpio.o(.text.MX_GPIO_Init) for MX_GPIO_Init
    main.o(.text.main) refers to can.o(.text.MX_CAN1_Init) for MX_CAN1_Init
    main.o(.text.main) refers to spi.o(.text.MX_SPI1_Init) for MX_SPI1_Init
    main.o(.text.main) refers to can.o(.bss.hcan1) for hcan1
    main.o(.text.main) refers to main.o(.data.filter_config) for filter_config
    main.o(.text.main) refers to stm32f4xx_hal_can.o(.text.HAL_CAN_ConfigFilter) for HAL_CAN_ConfigFilter
    main.o(.text.main) refers to stm32f4xx_hal_can.o(.text.HAL_CAN_Start) for HAL_CAN_Start
    main.o(.text.main) refers to stm32f4xx_hal_can.o(.text.HAL_CAN_ActivateNotification) for HAL_CAN_ActivateNotification
    main.o(.text.main) refers to bmi088.o(.text.bmi088_init) for bmi088_init
    main.o(.text.main) refers to cmsis_os2.o(.text.osKernelInitialize) for osKernelInitialize
    main.o(.text.main) refers to freertos.o(.text.MX_FREERTOS_Init) for MX_FREERTOS_Init
    main.o(.text.main) refers to cmsis_os2.o(.text.osKernelStart) for osKernelStart
    main.o(.ARM.exidx.text.main) refers to main.o(.text.main) for [Anonymous Symbol]
    main.o(.text.SystemClock_Config) refers to stm32f4xx_hal_rcc.o(.text.HAL_RCC_OscConfig) for HAL_RCC_OscConfig
    main.o(.text.SystemClock_Config) refers to stm32f4xx_hal_rcc.o(.text.HAL_RCC_ClockConfig) for HAL_RCC_ClockConfig
    main.o(.ARM.exidx.text.SystemClock_Config) refers to main.o(.text.SystemClock_Config) for [Anonymous Symbol]
    main.o(.ARM.exidx.text.Error_Handler) refers to main.o(.text.Error_Handler) for [Anonymous Symbol]
    main.o(.text.HAL_TIM_PeriodElapsedCallback) refers to stm32f4xx_hal.o(.text.HAL_IncTick) for HAL_IncTick
    main.o(.ARM.exidx.text.HAL_TIM_PeriodElapsedCallback) refers to main.o(.text.HAL_TIM_PeriodElapsedCallback) for [Anonymous Symbol]
    gpio.o(.text.MX_GPIO_Init) refers to stm32f4xx_hal_gpio.o(.text.HAL_GPIO_WritePin) for HAL_GPIO_WritePin
    gpio.o(.text.MX_GPIO_Init) refers to stm32f4xx_hal_gpio.o(.text.HAL_GPIO_Init) for HAL_GPIO_Init
    gpio.o(.ARM.exidx.text.MX_GPIO_Init) refers to gpio.o(.text.MX_GPIO_Init) for [Anonymous Symbol]
    freertos.o(.text.MX_FREERTOS_Init) refers to user_task.o(.text.user_task_init) for user_task_init
    freertos.o(.text.MX_FREERTOS_Init) refers to freertos.o(.text.StartDefaultTask) for StartDefaultTask
    freertos.o(.text.MX_FREERTOS_Init) refers to freertos.o(.rodata.defaultTask_attributes) for defaultTask_attributes
    freertos.o(.text.MX_FREERTOS_Init) refers to cmsis_os2.o(.text.osThreadNew) for osThreadNew
[...]
    ulMaxPRIGROUPValue                       0x200001d8   Data           4  port.o(.bss..L_MergedGlobals)
    .L_MergedGlobals.1                       0x200001dc   Data          40  tasks.o(.bss..L_MergedGlobals.1)
    xDelayedTaskList1                        0x200001dc   Data          20  tasks.o(.bss..L_MergedGlobals.1)
    [Anonymous Symbol]                       0x200001dc   Section        0  tasks.o(.bss..L_MergedGlobals.1)
    xDelayedTaskList2                        0x200001f0   Data          20  tasks.o(.bss..L_MergedGlobals.1)
    .L_MergedGlobals.3                       0x20000204   Data           8  user_task.o(.bss..L_MergedGlobals.3)
    [Anonymous Symbol]                       0x20000204   Section        0  user_task.o(.bss..L_MergedGlobals.3)
    KernelState                              0x2000020c   Data           4  cmsis_os2.o(.bss.KernelState)
    [Anonymous Symbol]                       0x2000020c   Section        0  cmsis_os2.o(.bss.KernelState)
    prvCheckForValidListAndQueue.ucStaticTimerQueueStorage 0x20000480   Data         160  timers.o(.bss.prvCheckForValidListAndQueue.ucStaticTimerQueueStorage)
    [Anonymous Symbol]                       0x20000480   Section        0  timers.o(.bss.prvCheckForValidListAndQueue.ucStaticTimerQueueStorage)
    prvCheckForValidListAndQueue.xStaticTimerQueue 0x20000520   Data          80  timers.o(.bss.prvCheckForValidListAndQueue.xStaticTimerQueue)
    [Anonymous Symbol]                       0x20000520   Section        0  timers.o(.bss.prvCheckForValidListAndQueue.xStaticTimerQueue)
    pxReadyTasksLists                        0x20000570   Data        1120  tasks.o(.bss.pxReadyTasksLists)
    [Anonymous Symbol]                       0x20000570   Section        0  tasks.o(.bss.pxReadyTasksLists)
    ucHeap                                   0x20000a00   Data       15360  heap_4.o(.bss.ucHeap)
    [Anonymous Symbol]                       0x20000a00   Section        0  heap_4.o(.bss.ucHeap)
    vApplicationGetIdleTaskMemory.Idle_Stack 0x20004604   Data         512  cmsis_os2.o(.bss.vApplicationGetIdleTaskMemory.Idle_Stack)
    [Anonymous Symbol]                       0x20004604   Section        0  cmsis_os2.o(.bss.vApplicationGetIdleTaskMemory.Idle_Stack)
    vApplicationGetIdleTaskMemory.Idle_TCB   0x20004804   Data          92  cmsis_os2.o(.bss.vApplicationGetIdleTaskMemory.Idle_TCB)
    [Anonymous Symbol]                       0x20004804   Section        0  cmsis_os2.o(.bss.vApplicationGetIdleTaskMemory.Idle_TCB)
    vApplicationGetTimerTaskMemory.Timer_Stack 0x20004860   Data        1024  cmsis_os2.o(.bss.vApplicationGetTimerTaskMemory.Timer_Stack)
    [Anonymous Symbol]                       0x20004860   Section        0  cmsis_os2.o(.bss.vApplicationGetTimerTaskMemory.Timer_Stack)
    vApplicationGetTimerTaskMemory.Timer_TCB 0x20004c60   Data          92  cmsis_os2.o(.bss.vApplicationGetTimerTaskMemory.Timer_TCB)
    [Anonymous Symbol]                       0x20004c60   Section        0  cmsis_os2.o(.bss.vApplicationGetTimerTaskMemory.Timer_TCB)
    Heap_Mem                                 0x20004e58   Data         512  startup_stm32f407xx.o(HEAP)
    HEAP                                     0x20004e58   Section      512  startup_stm32f407xx.o(HEAP)
    Stack_Mem                                0x20005058   Data        1024  startup_stm32f407xx.o(STACK)
    STACK                                    0x20005058   Section     1024  startup_stm32f407xx.o(STACK)
    __initial_sp                             0x20005458   Data           0  startup_stm32f407xx.o(STACK)

    Global Symbols

    Symbol Name                              Value     Ov Type        Size  Object(Section)

    BuildAttributes$$THM_ISAv4$E$P$D$K$B$S$7EM$VFPi3$EXTD16$VFPS$VFMA$PE$A:L22UL41UL21$X:L11$S22US41US21$IEEE1$IW$~IW$USESV6$~STKCKD$USESV7$~SHL$OTIME$ROPI$IEEEX$EBA8$UX$STANDARDLIB$REQ8$PRES8$EABIv2 0x00000000   Number         0  anon$$obj.o ABSOLUTE
    __ARM_exceptions_init                     - Undefined Weak Reference
    __alloca_initialize                       - Undefined Weak Reference
    __arm_preinit_                            - Undefined Weak Reference
    __arm_relocate_pie_                       - Undefined Weak Reference
    __cxa_finalize                            - Undefined Weak Reference
    __rt_locale                               - Undefined Weak Reference
    __sigvec_lookup                           - Undefined Weak Reference
    _atexit_init                              - Undefined Weak Reference
    _call_atexit_fns                          - Undefined Weak Reference
    _clock_init                               - Undefined Weak Reference
    _fp_trap_init                             - Undefined Weak Reference
    _fp_trap_shutdown                         - Undefined Weak Reference
    _get_lc_collate                           - Undefined Weak Reference
    _get_lc_ctype                             - Undefined Weak Reference
    _get_lc_monetary                          - Undefined Weak Reference
    _get_lc_numeric                           - Undefined Weak Reference
    _get_lc_time                              - Undefined Weak Reference
    _getenv_init                              - Undefined Weak Reference
    _handle_redirection                       - Undefined Weak Reference
    _init_alloc                               - Undefined Weak Reference
    _init_user_alloc                          - Undefined Weak Reference
    _initio                                   - Undefined Weak Reference
    _rand_init                                - Undefined Weak Reference
    _signal_finish                            - Undefined Weak Reference
    _signal_init                              - Undefined Weak Reference
    _terminate_alloc                          - Undefined Weak Reference
    _terminate_user_alloc                     - Undefined Weak Reference
    _terminateio                              - Undefined Weak Reference
    __Vectors_Size                           0x00000188   Number         0  startup_stm32f407xx.o ABSOLUTE
    __Vectors                                0x08000000   Data           4  startup_stm32f407xx.o(RESET)
    __Vectors_End                            0x08000188   Data           0  startup_stm32f407xx.o(RESET)
    __main                                   0x08000189   Thumb Code     8  __main.o(!!!main)
    __scatterload                            0x08000191   Thumb Code     0  __scatter.o(!!!scatter)
    __scatterload_rt2                        0x08000191   Thumb Code    44  __scatter.o(!!!scatter)
    __scatterload_rt2_thumb_only             0x08000191   Thumb Code     0  __scatter.o(!!!scatter)
    __scatterload_null                       0x0800019f   Thumb Code     0  __scatter.o(!!!scatter)
    __scatterload_copy                       0x080001c5   Thumb Code    26  __scatter_copy.o(!!handler_copy)
    __scatterload_zeroinit                   0x080001e1   Thumb Code    28  __scatter_zi.o(!!handler_zi)
    __rt_lib_init                            0x080001fd   Thumb Code     0  libinit.o(.ARM.Collect$$libinit$$00000000)
    __rt_lib_init_fp_1                       0x080001ff   Thumb Code     0  libinit2.o(.ARM.Collect$$libinit$$00000001)
    __rt_lib_init_alloca_1                   0x08000203   Thumb Code     0  libinit2.o(.ARM.Collect$$libinit$$00000030)
    __rt_lib_init_argv_1                     0x08000203   Thumb Code     0  libinit2.o(.ARM.Collect$$libinit$$0000002E)
    __rt_lib_init_atexit_1                   0x08000203   Thumb Code     0  libinit2.o(.ARM.Collect$$libinit$$0000001D)
    __rt_lib_init_clock_1                    0x08000203   Thumb Code     0  libinit2.o(.ARM.Collect$$libinit$$00000023)
    __rt_lib_init_cpp_2                      0x08000203   Thumb Code     0  libinit2.o(.ARM.Collect$$libinit$$00000033)
    __rt_lib_init_exceptions_1               0x08000203   Thumb Code     0  libinit2.o(.ARM.Collect$$libinit$$00000032)
    __rt_lib_init_fp_trap_1                  0x08000203   Thumb Code     0  libinit2.o(.ARM.Collect$$libinit$$00000021)
    __rt_lib_init_getenv_1                   0x08000203   Thumb Code     0  libinit2.o(.ARM.Collect$$libinit$$00000025)
    __rt_lib_init_heap_1                     0x08000203   Thumb Code     0  libinit2.o(.ARM.Collect$$libinit$$0000000C)
    __rt_lib_init_lc_collate_1               0x08000203   Thumb Code     0  libinit2.o(.ARM.Collect$$libinit$$00000013)
    __rt_lib_init_lc_ctype_1                 0x08000203   Thumb Code     0  libinit2.o(.ARM.Collect$$libinit$$00000015)
    __rt_lib_init_lc_monetary_1              0x08000203   Thumb Code     0  libinit2.o(.ARM.Collect$$libinit$$00000017)
    __rt_lib_init_lc_numeric_1               0x08000203   Thumb Code     0  libinit2.o(.ARM.Collect$$libinit$$00000019)
    __rt_lib_init_lc_time_1                  0x08000203   Thumb Code     0  libinit2.o(.ARM.Collect$$libinit$$0000001B)
    __rt_lib_init_preinit_1                  0x08000203   Thumb Code     0  libinit2.o(.ARM.Collect$$libinit$$00000006)
    __rt_lib_init_rand_1                     0x08000203   Thumb Code     0  libinit2.o(.ARM.Collect$$libinit$$00000010)
    __rt_lib_init_relocate_pie_1             0x08000203   Thumb Code     0  libinit2.o(.ARM.Collect$$libinit$$00000004)
    __rt_lib_init_signal_1                   0x08000203   Thumb Code     0  libinit2.o(.ARM.Collect$$libinit$$0000001F)
    __rt_lib_init_stdio_1                    0x08000203   Thumb Code     0  libinit2.o(.ARM.Collect$$libinit$$00000027)
    __rt_lib_init_user_alloc_1               0x08000203   Thumb Code     0  libinit2.o(.ARM.Collect$$libinit$$0000000E)
    __rt_lib_init_cpp_1                      0x08000207   Thumb Code     0  libinit2.o(.ARM.Collect$$libinit$$00000034)
    __rt_lib_init_return                     0x08000207   Thumb Code     0  libinit2.o(.ARM.Collect$$libinit$$00000035)
    __rt_lib_shutdown                        0x08000209   Thumb Code     0  libshutdown.o(.ARM.Collect$$libshutdown$$00000000)
    __rt_lib_shutdown_cpp_1                  0x0800020b   Thumb Code     0  libshutdown2.o(.ARM.Collect$$libshutdown$$00000002)
    __rt_lib_shutdown_fp_trap_1              0x0800020b   Thumb Code     0  libshutdown2.o(.ARM.Collect$$libshutdown$$00000007)
    __rt_lib_shutdown_heap_1                 0x0800020b   Thumb Code     0  libshutdown2.o(.ARM.Collect$$libshutdown$$0000000F)
    __rt_lib_shutdown_return                 0x0800020b   Thumb Code     0  libshutdown2.o(.ARM.Collect$$libshutdown$$00000010)
    __rt_lib_shutdown_signal_1               0x0800020b   Thumb Code     0  libshutdown2.o(.ARM.Collect$$libshutdown$$0000000A)
    __rt_lib_shutdown_stdio_1                0x0800020b   Thumb Code     0  libshutdown2.o(.ARM.Collect$$libshutdown$$00000004)
    __rt_lib_shutdown_user_alloc_1           0x0800020b   Thumb Code     0  libshutdown2.o(.ARM.Collect$$libshutdown$$0000000C)
    __rt_entry                               0x0800020d   Thumb Code     0  __rtentry.o(.ARM.Collect$$rtentry$$00000000)
    __rt_entry_presh_1                       0x0800020d   Thumb Code     0  __rtentry2.o(.ARM.Collect$$rtentry$$00000002)
    __rt_entry_sh                            0x0800020d   Thumb Code     0  __rtentry4.o(.ARM.Collect$$rtentry$$00000004)
    __rt_entry_li                            0x08000213   Thumb Code     0  __rtentry2.o(.ARM.Collect$$rtentry$$0000000A)
    __rt_entry_postsh_1                      0x08000213   Thumb Code     0  __rtentry2.o(.ARM.Collect$$rtentry$$00000009)
    __rt_entry_main                          0x08000217   Thumb Code     0  __rtentry2.o(.ARM.Collect$$rtentry$$0000000D)
    __rt_entry_postli_1                      0x08000217   Thumb Code     0  __rtentry2.o(.ARM.Collect$$rtentry$$0000000C)
    __rt_exit                                0x0800021f   Thumb Code     0  rtexit.o(.ARM.Collect$$rtexit$$00000000)
    __rt_exit_ls                             0x08000221   Thumb Code     0  rtexit2.o(.ARM.Collect$$rtexit$$00000003)
    __rt_exit_prels_1                        0x08000221   Thumb Code     0  rtexit2.o(.ARM.Collect$$rtexit$$00000002)
    __rt_exit_exit                           0x08000225   Thumb Code     0  rtexit2.o(.ARM.Collect$$rtexit$$00000004)
    Reset_Handler                            0x0800022d   Thumb Code     8  startup_stm32f407xx.o(.text)
    ADC_IRQHandler                           0x08000247   Thumb Code     0  startup_stm32f407xx.o(.text)
    CAN1_RX1_IRQHandler                      0x08000247   Thumb Code     0  startup_stm32f407xx.o(.text)
    CAN1_SCE_IRQHandler                      0x08000247   Thumb Code     0  startup_stm32f407xx.o(.text)
    CAN1_TX_IRQHandler                       0x08000247   Thumb Code     0  startup_stm32f407xx.o(.text)
    CAN2_RX0_IRQHandler                      0x08000247   Thumb Code     0  startup_stm32f407xx.o(.text)
    CAN2_RX1_IRQHandler                      0x08000247   Thumb Code     0  startup_stm32f407xx.o(.text)
    CAN2_SCE_IRQHandler                      0x08000247   Thumb Code     0  startup_stm32f407xx.o(.text)
    CAN2_TX_IRQHandler                       0x08000247   Thumb Code     0  startup_stm32f407xx.o(.text)
    DCMI_IRQHandler                          0x08000247   Thumb Code     0  startup_stm32f407xx.o(.text)
    DMA1_Stream0_IRQHandler                  0x08000247   Thumb Code     0  startup_stm32f407xx.o(.text)
    DMA1_Stream1_IRQHandler                  0x08000247   Thumb Code     0  startup_stm32f407xx.o(.text)
    DMA1_Stream2_IRQHandler                  0x08000247   Thumb Code     0  startup_stm32f407xx.o(.text)
    DMA1_Stream3_IRQHandler                  0x08000247   Thumb Code     0  startup_stm32f407xx.o(.text)
    DMA1_Stream4_IRQHandler                  0x08000247   Thumb Code     0  startup_stm32f407xx.o(.text)
    DMA1_Stream5_IRQHandler                  0x08000247   Thumb Code     0  startup_stm32f407xx.o(.text)
    DMA1_Stream6_IRQHandler                  0x08000247   Thumb Code     0  startup_stm32f407xx.o(.text)
    DMA1_Stream7_IRQHandler                  0x08000247   Thumb Code     0  startup_stm32f407xx.o(.text)
    DMA2_Stream0_IRQHandler                  0x08000247   Thumb Code     0  startup_stm32f407xx.o(.text)
    DMA2_Stream1_IRQHandler                  0x08000247   Thumb Code     0  startup_stm32f407xx.o(.text)
    DMA2_Stream2_IRQHandler                  0x08000247   Thumb Code     0  startup_stm32f407xx.o(.text)
    DMA2_Stream3_IRQHandler                  0x08000247   Thumb Code     0  startup_stm32f407xx.o(.text)
    DMA2_Stream4_IRQHandler                  0x08000247   Thumb Code     0  startup_stm32f407xx.o(.text)
    DMA2_Stream5_IRQHandler                  0x08000247   Thumb Code     0  startup_stm32f407xx.o(.text)
    DMA2_Stream6_IRQHandler                  0x08000247   Thumb Code     0  startup_stm32f407xx.o(.text)
    DMA2_Stream7_IRQHandler                  0x08000247   Thumb Code     0  startup_stm32f407xx.o(.text)
    ETH_IRQHandler                           0x08000247   Thumb Code     0  startup_stm32f407xx.o(.text)
    ETH_WKUP_IRQHandler                      0x08000247   Thumb Code     0  startup_stm32f407xx.o(.text)
    EXTI0_IRQHandler                         0x08000247   Thumb Code     0  startup_stm32f407xx.o(.text)
    EXTI15_10_IRQHandler                     0x08000247   Thumb Code     0  startup_stm32f407xx.o(.text)
    EXTI1_IRQHandler                         0x08000247   Thumb Code     0  startup_stm32f407xx.o(.text)
    EXTI2_IRQHandler                         0x08000247   Thumb Code     0  startup_stm32f407xx.o(.text)
    EXTI3_IRQHandler                         0x08000247   Thumb Code     0  startup_stm32f407xx.o(.text)
    EXTI4_IRQHandler                         0x08000247   Thumb Code     0  startup_stm32f407xx.o(.text)
    EXTI9_5_IRQHandler                       0x08000247   Thumb Code     0  startup_stm32f407xx.o(.text)
    FLASH_IRQHandler                         0x08000247   Thumb Code     0  startup_stm32f407xx.o(.text)
    FMC_IRQHandler                           0x08000247   Thumb Code     0  startup_stm32f407xx.o(.text)
    FPU_IRQHandler                           0x08000247   Thumb Code     0  startup_stm32f407xx.o(.text)
    HASH_RNG_IRQHandler                      0x08000247   Thumb Code     0  startup_stm32f407xx.o(.text)
    I2C1_ER_IRQHandler                       0x08000247   Thumb Code     0  startup_stm32f407xx.o(.text)
    I2C1_EV_IRQHandler                       0x08000247   Thumb Code     0  startup_stm32f407xx.o(.text)
    I2C2_ER_IRQHandler                       0x08000247   Thumb Code     0  startup_stm32f407xx.o(.text)
    I2C2_EV_IRQHandler                       0x08000247   Thumb Code     0  startup_stm32f407xx.o(.text)
    I2C3_ER_IRQHandler                       0x08000247   Thumb Code     0  startup_stm32f407xx.o(.text)
    I2C3_EV_IRQHandler                       0x08000247   Thumb Code     0  startup_stm32f407xx.o(.text)
    OTG_FS_IRQHandler                        0x08000247   Thumb Code     0  startup_stm32f407xx.o(.text)
    OTG_FS_WKUP_IRQHandler                   0x08000247   Thumb Code     0  startup_stm32f407xx.o(.text)
    OTG_HS_EP1_IN_IRQHandler                 0x08000247   Thumb Code     0  startup_stm32f407xx.o(.text)
    OTG_HS_EP1_OUT_IRQHandler                0x08000247   Thumb Code     0  startup_stm32f407xx.o(.text)
    OTG_HS_IRQHandler                        0x08000247   Thumb Code     0  startup_stm32f407xx.o(.text)
    OTG_HS_WKUP_IRQHandler                   0x08000247   Thumb Code     0  startup_stm32f407xx.o(.text)
    PVD_IRQHandler                           0x08000247   Thumb Code     0  startup_stm32f407xx.o(.text)
    RCC_IRQHandler                           0x08000247   Thumb Code     0  startup_stm32f407xx.o(.text)
    RTC_Alarm_IRQHandler                     0x08000247   Thumb Code     0  startup_stm32f407xx.o(.text)
    RTC_WKUP_IRQHandler                      0x08000247   Thumb Code     0  startup_stm32f407xx.o(.text)
    SDIO_IRQHandler                          0x08000247   Thumb Code     0  startup_stm32f407xx.o(.text)
    SPI1_IRQHandler                          0x08000247   Thumb Code     0  startup_stm32f407xx.o(.text)
    SPI2_IRQHandler                          0x08000247   Thumb Code     0  startup_stm32f407xx.o(.text)
    SPI3_IRQHandler                          0x08000247   Thumb Code     0  startup_stm32f407xx.o(.text)
    TAMP_STAMP_IRQHandler                    0x08000247   Thumb Code     0  startup_stm32f407xx.o(.text)
    TIM1_BRK_TIM9_IRQHandler                 0x08000247   Thumb Code     0  startup_stm32f407xx.o(.text)
    TIM1_CC_IRQHandler                       0x08000247   Thumb Code     0  startup_stm32f407xx.o(.text)
    TIM1_TRG_COM_TIM11_IRQHandler            0x08000247   Thumb Code     0  startup_stm32f407xx.o(.text)
    TIM1_UP_TIM10_IRQHandler                 0x08000247   Thumb Code     0  startup_stm32f407xx.o(.text)
    TIM2_IRQHandler                          0x08000247   Thumb Code     0  startup_stm32f407xx.o(.text)
    TIM3_IRQHandler                          0x08000247   Thumb Code     0  startup_stm32f407xx.o(.text)
    TIM4_IRQHandler                          0x08000247   Thumb Code     0  startup_stm32f407xx.o(.text)
    TIM5_IRQHandler                          0x08000247   Thumb Code     0  startup_stm32f407xx.o(.text)
    TIM7_IRQHandler                          0x08000247   Thumb Code     0  startup_stm32f407xx.o(.text)
    TIM8_BRK_TIM12_IRQHandler                0x08000247   Thumb Code     0  startup_stm32f407xx.o(.text)
    TIM8_CC_IRQHandler                       0x08000247   Thumb Code     0  startup_stm32f407xx.o(.text)
    TIM8_TRG_COM_TIM14_IRQHandler            0x08000247   Thumb Code     0  startup_stm32f407xx.o(.text)
    TIM8_UP_TIM13_IRQHandler                 0x08000247   Thumb Code     0  startup_stm32f407xx.o(.text)
    UART4_IRQHandler                         0x08000247   Thumb Code     0  startup_stm32f407xx.o(.text)
    UART5_IRQHandler                         0x08000247   Thumb Code     0  startup_stm32f407xx.o(.text)
    USART1_IRQHandler                        0x08000247   Thumb Code     0  startup_stm32f407xx.o(.text)
    USART2_IRQHandler                        0x08000247   Thumb Code     0  startup_stm32f407xx.o(.text)
    USART3_IRQHandler                        0x08000247   Thumb Code     0  startup_stm32f407xx.o(.text)
    USART6_IRQHandler                        0x08000247   Thumb Code     0  startup_stm32f407xx.o(.text)
    WWDG_IRQHandler                          0x08000247   Thumb Code     0  startup_stm32f407xx.o(.text)
    __user_initial_stackheap                 0x08000249   Thumb Code     0  startup_stm32f407xx.o(.text)
    __aeabi_uldivmod                         0x0800026d   Thumb Code     0  lludivv7m.o(.text)
    _ll_udiv                                 0x0800026d   Thumb Code   240  lludivv7m.o(.text)
    __aeabi_memcpy                           0x0800035d   Thumb Code     0  rt_memcpy_v6.o(.text)
    __rt_memcpy                              0x0800035d   Thumb Code   138  rt_memcpy_v6.o(.text)
    _memcpy_lastbytes                        0x080003c3   Thumb Code     0  rt_memcpy_v6.o(.text)
    __aeabi_memset4                          0x080003e7   Thumb Code    16  aeabi_memset4.o(.text)
    __aeabi_memset8                          0x080003e7   Thumb Code     0  aeabi_memset4.o(.text)
    __aeabi_memclr4                          0x080003f7   Thumb Code     0  rt_memclr_w.o(.text)
    __aeabi_memclr8                          0x080003f7   Thumb Code     0  rt_memclr_w.o(.text)
    __rt_memclr_w                            0x080003f7   Thumb Code     0  rt_memclr_w.o(.text)
    _memset_w                                0x080003fb   Thumb Code    74  rt_memclr_w.o(.text)
    __use_two_region_memory                  0x08000445   Thumb Code     2  heapauxi.o(.text)
    __rt_heap_escrow$2region                 0x08000447   Thumb Code     2  heapauxi.o(.text)
    __rt_heap_expand$2region                 0x08000449   Thumb Code     2  heapauxi.o(.text)
    __cpp_initialize__aeabi_                 0x0800044d   Thumb Code    28  init_aeabi.o(.text)
    __read_errno                             0x08000471   Thumb Code    10  _rserrno.o(.text)
    __set_errno                              0x0800047b   Thumb Code    12  _rserrno.o(.text)
    __aeabi_memcpy4                          0x08000487   Thumb Code     0  rt_memcpy_w.o(.text)
    __aeabi_memcpy8                          0x08000487   Thumb Code     0  rt_memcpy_w.o(.text)
    __rt_memcpy_w                            0x08000487   Thumb Code   100  rt_memcpy_w.o(.text)
    _memcpy_lastbytes_aligned                0x080004cf   Thumb Code     0  rt_memcpy_w.o(.text)
    __aeabi_errno_addr                       0x080004ed   Thumb Code     8  rt_errno_addr_intlibspace.o(.text)
    __errno$intlibspace                      0x080004ed   Thumb Code     0  rt_errno_addr_intlibspace.o(.text)
    __rt_errno_addr$intlibspace              0x080004ed   Thumb Code     0  rt_errno_addr_intlibspace.o(.text)
    __user_libspace                          0x080004f5   Thumb Code     8  libspace.o(.text)
    __user_perproc_libspace                  0x080004f5   Thumb Code     0  libspace.o(.text)
    __user_perthread_libspace                0x080004f5   Thumb Code     0  libspace.o(.text)
    __user_setup_stackheap                   0x080004fd   Thumb Code    74  sys_stackheap_outer.o(.text)
    exit                                     0x08000547   Thumb Code    18  exit.o(.text)
    _sys_exit                                0x08000559   Thumb Code     8  sys_exit.o(.text)
    __I$use$semihosting                      0x08000565   Thumb Code     0  use_no_semi.o(.text)
    __use_no_semihosting_swi                 0x08000565   Thumb Code     2  use_no_semi.o(.text)
    __semihosting_library_function           0x08000567   Thumb Code     0  indicate_semi.o(.text)
    BusFault_Handler                         0x08000569   Thumb Code     2  stm32f4xx_it.o(.text.BusFault_Handler)
    CAN1_RX0_IRQHandler                      0x0800056d   Thumb Code    12  stm32f4xx_it.o(.text.CAN1_RX0_IRQHandler)
    DebugMon_Handler                         0x08000579   Thumb Code     2  stm32f4xx_it.o(.text.DebugMon_Handler)
    Error_Handler                            0x0800057d   Thumb Code     6  main.o(.text.Error_Handler)
    HAL_CAN_ActivateNotification             0x08000585   Thumb Code    46  stm32f4xx_hal_can.o(.text.HAL_CAN_ActivateNotification)
    HAL_CAN_AddTxMessage                     0x080005b5   Thumb Code   168  stm32f4xx_hal_can.o(.text.HAL_CAN_AddTxMessage)
    HAL_CAN_ConfigFilter                     0x0800065d   Thumb Code   222  stm32f4xx_hal_can.o(.text.HAL_CAN_ConfigFilter)
    HAL_CAN_ErrorCallback                    0x0800073d   Thumb Code     2  stm32f4xx_hal_can.o(.text.HAL_CAN_ErrorCallback)
    HAL_CAN_GetRxMessage                     0x08000741   Thumb Code   308  stm32f4xx_hal_can.o(.text.HAL_CAN_GetRxMessage)
    HAL_CAN_IRQHandler                       0x08000875   Thumb Code   606  stm32f4xx_hal_can.o(.text.HAL_CAN_IRQHandler)
    HAL_CAN_Init                             0x08000ad5   Thumb Code   244  stm32f4xx_hal_can.o(.text.HAL_CAN_Init)
    HAL_CAN_MspInit                          0x08000bc9   Thumb Code   120  can.o(.text.HAL_CAN_MspInit)
    HAL_CAN_RxFifo0FullCallback              0x08000c41   Thumb Code     2  stm32f4xx_hal_can.o(.text.HAL_CAN_RxFifo0FullCallback)
    HAL_CAN_RxFifo0MsgPendingCallback        0x08000c45   Thumb Code   120  callback.o(.text.HAL_CAN_RxFifo0MsgPendingCallback)
    HAL_CAN_RxFifo1FullCallback              0x08000cbd   Thumb Code     2  stm32f4xx_hal_can.o(.text.HAL_CAN_RxFifo1FullCallback)
    HAL_CAN_RxFifo1MsgPendingCallback        0x08000cc1   Thumb Code     2  stm32f4xx_hal_can.o(.text.HAL_CAN_RxFifo1MsgPendingCallback)
    HAL_CAN_SleepCallback                    0x08000cc5   Thumb Code     2  stm32f4xx_hal_can.o(.text.HAL_CAN_SleepCallback)
    HAL_CAN_Start                            0x08000cc9   Thumb Code    90  stm32f4xx_hal_can.o(.text.HAL_CAN_Start)
    HAL_CAN_TxMailbox0AbortCallback          0x08000d25   Thumb Code     2  stm32f4xx_hal_can.o(.text.HAL_CAN_TxMailbox0AbortCallback)
    HAL_CAN_TxMailbox0CompleteCallback       0x08000d29   Thumb Code     2  stm32f4xx_hal_can.o(.text.HAL_CAN_TxMailbox0CompleteCallback)
    HAL_CAN_TxMailbox1AbortCallback          0x08000d2d   Thumb Code     2  stm32f4xx_hal_can.o(.text.HAL_CAN_TxMailbox1AbortCallback)
    HAL_CAN_TxMailbox1CompleteCallback       0x08000d31   Thumb Code     2  stm32f4xx_hal_can.o(.text.HAL_CAN_TxMailbox1CompleteCallback)
    HAL_CAN_TxMailbox2AbortCallback          0x08000d35   Thumb Code     2  stm32f4xx_hal_can.o(.text.HAL_CAN_TxMailbox2AbortCallback)
    HAL_CAN_TxMailbox2CompleteCallback       0x08000d39   Thumb Code     2  stm32f4xx_hal_can.o(.text.HAL_CAN_TxMailbox2CompleteCallback)
    HAL_CAN_WakeUpFromRxMsgCallback          0x08000d3d   Thumb Code     2  stm32f4xx_hal_can.o(.text.HAL_CAN_WakeUpFromRxMsgCallback)
    HAL_Delay                                0x08000d41   Thumb Code    40  stm32f4xx_hal.o(.text.HAL_Delay)
    HAL_GPIO_Init                            0x08000d69   Thumb Code   422  stm32f4xx_hal_gpio.o(.text.HAL_GPIO_Init)
    HAL_GPIO_WritePin                        0x08000f11   Thumb Code    10  stm32f4xx_hal_gpio.o(.text.HAL_GPIO_WritePin)
    HAL_GetTick                              0x08000f1d   Thumb Code    12  stm32f4xx_hal.o(.text.HAL_GetTick)
    HAL_IncTick                              0x08000f29   Thumb Code    26  stm32f4xx_hal.o(.text.HAL_IncTick)
    HAL_Init                                 0x08000f45   Thumb Code    54  stm32f4xx_hal.o(.text.HAL_Init)
    HAL_InitTick                             0x08000f7d   Thumb Code   188  stm32f4xx_hal_timebase_tim.o(.text.HAL_InitTick)
    HAL_MspInit                              0x08001039   Thumb Code    66  stm32f4xx_hal_msp.o(.text.HAL_MspInit)
    HAL_NVIC_EnableIRQ                       0x0800107d   Thumb Code    38  stm32f4xx_hal_cortex.o(.text.HAL_NVIC_EnableIRQ)
    HAL_NVIC_SetPriority                     0x080010a5   Thumb Code    86  stm32f4xx_hal_cortex.o(.text.HAL_NVIC_SetPriority)
    HAL_NVIC_SetPriorityGrouping             0x080010fd   Thumb Code    32  stm32f4xx_hal_cortex.o(.text.HAL_NVIC_SetPriorityGrouping)
    HAL_RCC_ClockConfig                      0x0800111d   Thumb Code   352  stm32f4xx_hal_rcc.o(.text.HAL_RCC_ClockConfig)
    HAL_RCC_GetClockConfig                   0x0800127d   Thumb Code    62  stm32f4xx_hal_rcc.o(.text.HAL_RCC_GetClockConfig)
    HAL_RCC_GetPCLK1Freq                     0x080012bd   Thumb Code    38  stm32f4xx_hal_rcc.o(.text.HAL_RCC_GetPCLK1Freq)
    HAL_RCC_GetSysClockFreq                  0x080012e5   Thumb Code   106  stm32f4xx_hal_rcc.o(.text.HAL_RCC_GetSysClockFreq)
    HAL_RCC_OscConfig                        0x08001351   Thumb Code   884  stm32f4xx_hal_rcc.o(.text.HAL_RCC_OscConfig)
    HAL_SPI_GetState                         0x080016c5   Thumb Code     6  stm32f4xx_hal_spi.o(.text.HAL_SPI_GetState)
    HAL_SPI_Init                             0x080016cd   Thumb Code   180  stm32f4xx_hal_spi.o(.text.HAL_SPI_Init)
    HAL_SPI_MspInit                          0x08001781   Thumb Code   162  spi.o(.text.HAL_SPI_MspInit)
    HAL_SPI_Receive                          0x08001825   Thumb Code   512  stm32f4xx_hal_spi.o(.text.HAL_SPI_Receive)
    HAL_SPI_Transmit                         0x08001a25   Thumb Code   634  stm32f4xx_hal_spi.o(.text.HAL_SPI_Transmit)
    HAL_SPI_TransmitReceive                  0x08001ca1   Thumb Code   846  stm32f4xx_hal_spi.o(.text.HAL_SPI_TransmitReceive)
    HAL_TIMEx_BreakCallback                  0x08001ff1   Thumb Code     2  stm32f4xx_hal_tim_ex.o(.text.HAL_TIMEx_BreakCallback)
    HAL_TIMEx_CommutCallback                 0x08001ff5   Thumb Code     2  stm32f4xx_hal_tim_ex.o(.text.HAL_TIMEx_CommutCallback)
    HAL_TIM_Base_Init                        0x08001ff9   Thumb Code    90  stm32f4xx_hal_tim.o(.text.HAL_TIM_Base_Init)
    HAL_TIM_Base_MspInit                     0x08002055   Thumb Code     2  stm32f4xx_hal_tim.o(.text.HAL_TIM_Base_MspInit)
    HAL_TIM_Base_Start_IT                    0x08002059   Thumb Code   170  stm32f4xx_hal_tim.o(.text.HAL_TIM_Base_Start_IT)
    HAL_TIM_IC_CaptureCallback               0x08002105   Thumb Code     2  stm32f4xx_hal_tim.o(.text.HAL_TIM_IC_CaptureCallback)
    HAL_TIM_IRQHandler                       0x08002109   Thumb Code   334  stm32f4xx_hal_tim.o(.text.HAL_TIM_IRQHandler)
    HAL_TIM_OC_DelayElapsedCallback          0x08002259   Thumb Code     2  stm32f4xx_hal_tim.o(.text.HAL_TIM_OC_DelayElapsedCallback)
    HAL_TIM_PWM_PulseFinishedCallback        0x0800225d   Thumb Code     2  stm32f4xx_hal_tim.o(.text.HAL_TIM_PWM_PulseFinishedCallback)
    HAL_TIM_PeriodElapsedCallback            0x08002261   Thumb Code    20  main.o(.text.HAL_TIM_PeriodElapsedCallback)
    HAL_TIM_TriggerCallback                  0x08002275   Thumb Code     2  stm32f4xx_hal_tim.o(.text.HAL_TIM_TriggerCallback)
    HardFault_Handler                        0x08002279   Thumb Code     2  stm32f4xx_it.o(.text.HardFault_Handler)
    MX_CAN1_Init                             0x0800227d   Thumb Code    64  can.o(.text.MX_CAN1_Init)
    MX_FREERTOS_Init                         0x080022bd   Thumb Code    40  freertos.o(.text.MX_FREERTOS_Init)
    MX_GPIO_Init                             0x080022e5   Thumb Code   178  gpio.o(.text.MX_GPIO_Init)
    MX_SPI1_Init                             0x08002399   Thumb Code    82  spi.o(.text.MX_SPI1_Init)
    MemManage_Handler                        0x080023ed   Thumb Code     2  stm32f4xx_it.o(.text.MemManage_Handler)
    NMI_Handler                              0x080023f1   Thumb Code     2  stm32f4xx_it.o(.text.NMI_Handler)
    PendSV_Handler                           0x08002401   Thumb Code   100  port.o(.text.PendSV_Handler)
    SVC_Handler                              0x08002591   Thumb Code    36  port.o(.text.SVC_Handler)
    StartDefaultTask                         0x080025b5   Thumb Code     8  freertos.o(.text.StartDefaultTask)
    SysTick_Handler                          0x080025bd   Thumb Code    30  cmsis_os2.o(.text.SysTick_Handler)
    SystemClock_Config                       0x080025dd   Thumb Code   168  main.o(.text.SystemClock_Config)
    SystemInit                               0x08002685   Thumb Code    18  system_stm32f4xx.o(.text.SystemInit)
    TIM6_DAC_IRQHandler                      0x08002699   Thumb Code    12  stm32f4xx_it.o(.text.TIM6_DAC_IRQHandler)
    TIM_Base_SetConfig                       0x080026a5   Thumb Code   322  stm32f4xx_hal_tim.o(.text.TIM_Base_SetConfig)
    UsageFault_Handler                       0x080027e9   Thumb Code     2  stm32f4xx_it.o(.text.UsageFault_Handler)
    motor_task(void*)                        0x080029c9   Thumb Code   120  user_task.o(.text._Z10motor_taskPv)
    imu_task(void*)                          0x08002a41   Thumb Code    28  user_task.o(.text._Z8imu_taskPv)
    GM6020Motor::read_RxMsg(unsigned char const*) 0x08002a5d   Thumb Code   460  motor.o(.text._ZN11GM6020Motor10read_RxMsgEPKh)
    GM6020Motor::write_TxMsg(unsigned char*) 0x08002c29   Thumb Code    44  motor.o(.text._ZN11GM6020Motor11write_TxMsgEPh)
    GM6020Motor::handle()                    0x08002c59   Thumb Code   640  motor.o(.text._ZN11GM6020Motor6handleEv)
    IMU::gyro_calculate()                    0x08002ed9   Thumb Code   224  imu.o(.text._ZN3IMU14gyro_calculateEv)
    IMU::accel_calculate()                   0x08002fb9   Thumb Code   168  imu.o(.text._ZN3IMU15accel_calculateEv)
    PID::set_out_max(float)                  0x08003061   Thumb Code    28  pid.o(.text._ZN3PID11set_out_maxEf)
    PID::calc(float, float)                  0x0800307d   Thumb Code   316  pid.o(.text._ZN3PID4calcEff)
    bmi088_accel_read_reg                    0x080031b9   Thumb Code   112  bmi088.o(.text.bmi088_accel_read_reg)
    bmi088_gyro_read_reg                     0x08003229   Thumb Code   112  bmi088.o(.text.bmi088_gyro_read_reg)
    bmi088_init                              0x08003299   Thumb Code   238  bmi088.o(.text.bmi088_init)
    main                                     0x08003389   Thumb Code    74  main.o(.text.main)
    osDelay                                  0x080033d5   Thumb Code    32  cmsis_os2.o(.text.osDelay)
    osKernelInitialize                       0x080033f5   Thumb Code    40  cmsis_os2.o(.text.osKernelInitialize)
    osKernelStart                            0x0800341d   Thumb Code    60  cmsis_os2.o(.text.osKernelStart)
    osThreadNew                              0x08003459   Thumb Code   174  cmsis_os2.o(.text.osThreadNew)
    pvPortMalloc                             0x08003dad   Thumb Code   522  heap_4.o(.text.pvPortMalloc)
    pxPortInitialiseStack                    0x08003fb9   Thumb Code    40  port.o(.text.pxPortInitialiseStack)
    user_task_init                           0x08003fe1   Thumb Code    58  user_task.o(.text.user_task_init)
    uxListRemove                             0x0800401d   Thumb Code    36  list.o(.text.uxListRemove)
    vApplicationGetIdleTaskMemory            0x08004041   Thumb Code    26  cmsis_os2.o(.text.vApplicationGetIdleTaskMemory)
    vApplicationGetTimerTaskMemory           0x0800405d   Thumb Code    28  cmsis_os2.o(.text.vApplicationGetTimerTaskMemory)
    vListInitialise                          0x08004079   Thumb Code    22  list.o(.text.vListInitialise)
    vListInitialiseItem                      0x08004091   Thumb Code     6  list.o(.text.vListInitialiseItem)
    vListInsert                              0x08004099   Thumb Code    98  list.o(.text.vListInsert)
    vListInsertEnd                           0x080040fd   Thumb Code    28  list.o(.text.vListInsertEnd)
    vPortEnterCritical                       0x0800412d   Thumb Code    70  port.o(.text.vPortEnterCritical)
    vPortExitCritical                        0x08004175   Thumb Code    46  port.o(.text.vPortExitCritical)
    vPortFree                                0x080041a5   Thumb Code   212  heap_4.o(.text.vPortFree)
    vPortSetupTimerInterrupt                 0x08004279   Thumb Code    52  port.o(.text.vPortSetupTimerInterrupt)
    vQueueAddToRegistry                      0x080042ad   Thumb Code   176  queue.o(.text.vQueueAddToRegistry)
    vQueueWaitForMessageRestricted           0x0800435d   Thumb Code    82  queue.o(.text.vQueueWaitForMessageRestricted)
    vTaskDelay                               0x080043b1   Thumb Code   128  tasks.o(.text.vTaskDelay)
    vTaskInternalSetTimeOutState             0x08004431   Thumb Code    18  tasks.o(.text.vTaskInternalSetTimeOutState)
    vTaskMissedYield                         0x08004445   Thumb Code    14  tasks.o(.text.vTaskMissedYield)
    vTaskPlaceOnEventList                    0x08004455   Thumb Code   116  tasks.o(.text.vTaskPlaceOnEventList)
    vTaskPlaceOnEventListRestricted          0x080044c9   Thumb Code   122  tasks.o(.text.vTaskPlaceOnEventListRestricted)
    vTaskStartScheduler                      0x08004545   Thumb Code   232  tasks.o(.text.vTaskStartScheduler)
    vTaskSuspendAll                          0x08004635   Thumb Code    16  tasks.o(.text.vTaskSuspendAll)
    vTaskSwitchContext                       0x08004645   Thumb Code   188  tasks.o(.text.vTaskSwitchContext)
    xPortStartScheduler                      0x08004701   Thumb Code   388  port.o(.text.xPortStartScheduler)
    xPortSysTickHandler                      0x08004885   Thumb Code    46  port.o(.text.xPortSysTickHandler)
    xQueueGenericCreateStatic                0x080048b5   Thumb Code   222  queue.o(.text.xQueueGenericCreateStatic)
    xQueueGenericSend                        0x08004995   Thumb Code   554  queue.o(.text.xQueueGenericSend)
    xQueueReceive                            0x08004bc1   Thumb Code   418  queue.o(.text.xQueueReceive)
    xTaskCheckForTimeOut                     0x08004d65   Thumb Code   162  tasks.o(.text.xTaskCheckForTimeOut)
    xTaskCreate                              0x08004e09   Thumb Code    96  tasks.o(.text.xTaskCreate)
    xTaskCreateStatic                        0x08004e69   Thumb Code   118  tasks.o(.text.xTaskCreateStatic)
    xTaskGetSchedulerState                   0x08004ee1   Thumb Code    30  tasks.o(.text.xTaskGetSchedulerState)
    xTaskGetTickCount                        0x08004f01   Thumb Code    12  tasks.o(.text.xTaskGetTickCount)
    xTaskIncrementTick                       0x08004f0d   Thumb Code   260  tasks.o(.text.xTaskIncrementTick)
    xTaskPriorityDisinherit                  0x08005011   Thumb Code   138  tasks.o(.text.xTaskPriorityDisinherit)
    xTaskRemoveFromEventList                 0x0800509d   Thumb Code   114  tasks.o(.text.xTaskRemoveFromEventList)
    xTaskResumeAll                           0x08005111   Thumb Code   238  tasks.o(.text.xTaskResumeAll)
    xTimerCreateTimerTask                    0x08005201   Thumb Code   172  timers.o(.text.xTimerCreateTimerTask)
    __ARM_fpclassify                         0x080052b5   Thumb Code    48  fpclassify.o(i.__ARM_fpclassify)
    __hardfp_pow                             0x080052e9   Thumb Code  3088  pow.o(i.__hardfp_pow)
    __kernel_poly                            0x08005f49   Thumb Code   248  poly.o(i.__kernel_poly)
    __mathlib_dbl_divzero                    0x08006041   Thumb Code    28  dunder.o(i.__mathlib_dbl_divzero)
    __mathlib_dbl_infnan2                    0x08006071   Thumb Code    20  dunder.o(i.__mathlib_dbl_infnan2)
    __mathlib_dbl_invalid                    0x08006089   Thumb Code    24  dunder.o(i.__mathlib_dbl_invalid)
    __mathlib_dbl_overflow                   0x080060a9   Thumb Code    24  dunder.o(i.__mathlib_dbl_overflow)
    __mathlib_dbl_underflow                  0x080060c9   Thumb Code    24  dunder.o(i.__mathlib_dbl_underflow)
    fabs                                     0x080060e9   Thumb Code    24  fabs.o(i.fabs)
    sqrt                                     0x08006101   Thumb Code   110  sqrt.o(i.sqrt)
    __aeabi_dneg                             0x0800616f   Thumb Code     0  basic.o(x$fpl$basic)
    _dneg                                    0x0800616f   Thumb Code     6  basic.o(x$fpl$basic)
    __aeabi_fneg                             0x08006175   Thumb Code     0  basic.o(x$fpl$basic)
    _fneg                                    0x08006175   Thumb Code     6  basic.o(x$fpl$basic)
    _dabs                                    0x0800617b   Thumb Code     6  basic.o(x$fpl$basic)
    _fabs                                    0x08006181   Thumb Code     6  basic.o(x$fpl$basic)
    __aeabi_d2f                              0x08006189   Thumb Code     0  d2f.o(x$fpl$d2f)
    _d2f                                     0x08006189   Thumb Code    98  d2f.o(x$fpl$d2f)
    __aeabi_dadd                             0x080061ed   Thumb Code     0  daddsub_clz.o(x$fpl$dadd)
    _dadd                                    0x080061ed   Thumb Code   332  daddsub_clz.o(x$fpl$dadd)
    __fpl_dcheck_NaN1                        0x0800633d   Thumb Code    10  dcheck1.o(x$fpl$dcheck1)
    __fpl_dcmp_Inf                           0x0800634d   Thumb Code    24  dcmpi.o(x$fpl$dcmpinf)
    __aeabi_ddiv                             0x08006365   Thumb Code     0  ddiv.o(x$fpl$ddiv)
    _ddiv                                    0x08006365   Thumb Code   556  ddiv.o(x$fpl$ddiv)
    __aeabi_i2d                              0x08006619   Thumb Code     0  dflt_clz.o(x$fpl$dflt)
    _dflt                                    0x08006619   Thumb Code    46  dflt_clz.o(x$fpl$dflt)
    __aeabi_cdcmple                          0x08006649   Thumb Code     0  dleqf.o(x$fpl$dleqf)
    _dcmple                                  0x08006649   Thumb Code   120  dleqf.o(x$fpl$dleqf)
    __fpl_dcmple_InfNaN                      0x080066ab   Thumb Code     0  dleqf.o(x$fpl$dleqf)
    __aeabi_dmul                             0x080066c1   Thumb Code     0  dmul.o(x$fpl$dmul)
    _dmul                                    0x080066c1   Thumb Code   332  dmul.o(x$fpl$dmul)
    __fpl_dnaninf                            0x08006815   Thumb Code   156  dnaninf.o(x$fpl$dnaninf)
    __fpl_dretinf                            0x080068b1   Thumb Code    12  dretinf.o(x$fpl$dretinf)
    __aeabi_cdrcmple                         0x080068bd   Thumb Code     0  drleqf.o(x$fpl$drleqf)
    _drcmple                                 0x080068bd   Thumb Code   108  drleqf.o(x$fpl$drleqf)
    __aeabi_drsub                            0x08006929   Thumb Code     0  daddsub_clz.o(x$fpl$drsb)
    _drsb                                    0x08006929   Thumb Code    22  daddsub_clz.o(x$fpl$drsb)
    _dsqrt                                   0x08006941   Thumb Code   404  dsqrt_umaal.o(x$fpl$dsqrt)
    __aeabi_dsub                             0x08006ad9   Thumb Code     0  daddsub_clz.o(x$fpl$dsub)
    _dsub                                    0x08006ad9   Thumb Code   472  daddsub_clz.o(x$fpl$dsub)
    __aeabi_f2d                              0x08006cb5   Thumb Code     0  f2d.o(x$fpl$f2d)
    _f2d                                     0x08006cb5   Thumb Code    86  f2d.o(x$fpl$f2d)
    __fpl_fnaninf                            0x08006d0b   Thumb Code   140  fnaninf.o(x$fpl$fnaninf)
    _fp_init                                 0x08006d97   Thumb Code    26  fpinit.o(x$fpl$fpinit)
    __fplib_config_fpu_vfp                   0x08006daf   Thumb Code     0  fpinit.o(x$fpl$fpinit)
    __fplib_config_pureend_doubles           0x08006daf   Thumb Code     0  fpinit.o(x$fpl$fpinit)
    __fpl_fretinf                            0x08006db1   Thumb Code    10  fretinf.o(x$fpl$fretinf)
    __fpl_return_NaN                         0x08006dbb   Thumb Code   100  retnan.o(x$fpl$retnan)
    __ARM_scalbn                             0x08006e1f   Thumb Code    92  scalbn.o(x$fpl$scalbn)
    __fpl_cmpreturn                          0x08006e7b   Thumb Code    48  trapv.o(x$fpl$trapveneer)
    __I$use$fp                               0x08006eaa   Number         0  usenofp.o(x$fpl$usenofp)
    __mathlib_zero                           0x08006f38   Data           8  qnan.o(.constdata)
    AHBPrescTable                            0x08006f40   Data          16  system_stm32f4xx.o(.rodata.AHBPrescTable)
    APBPrescTable                            0x08006f50   Data           8  system_stm32f4xx.o(.rodata.APBPrescTable)
    defaultTask_attributes                   0x08006f58   Data          36  freertos.o(.rodata.defaultTask_attributes)
    Region$$Table$$Base                      0x08006fac   Number         0  anon$$obj.o(Region$$Table)
    Region$$Table$$Limit                     0x08006fcc   Number         0  anon$$obj.o(Region$$Table)
    SHT$$INIT_ARRAY$$Base                    0x08006fcc   Number         0  motor.o(.init_array)
    SHT$$INIT_ARRAY$$Limit                   0x08006fd0   Number         0  init_aeabi.o(.init_array)
    uwTickFreq                               0x20000000   Data           1  stm32f4xx_hal.o(.data..L_MergedGlobals)
    uwTickPrio                               0x20000004   Data           4  stm32f4xx_hal.o(.data..L_MergedGlobals)
    motor_task_attr                          0x20000008   Data          36  user_task.o(.data..L_MergedGlobals)
    imu_task_attr                            0x2000002c   Data          36  user_task.o(.data..L_MergedGlobals)
    SystemCoreClock                          0x20000050   Data           4  system_stm32f4xx.o(.data.SystemCoreClock)
    filter_config                            0x20000054   Data          40  main.o(.data.filter_config)
    stop_flag                                0x2000007c   Data           4  user_task.o(.data.stop_flag)
    tx_header                                0x20000080   Data          24  main.o(.data.tx_header)
    __libspace_start                         0x200000a0   Data          96  libspace.o(.bss)
    __temporary_stack_top$libspace           0x20000100   Data           0  libspace.o(.bss)
    pxCurrentTCB                             0x20000100   Data           4  tasks.o(.bss..L_MergedGlobals)
    motor_task_handle                        0x20000204   Data           4  user_task.o(.bss..L_MergedGlobals.3)
    imu_task_handle                          0x20000208   Data           4  user_task.o(.bss..L_MergedGlobals.3)
    can_tx_mailbox                           0x20000210   Data           4  main.o(.bss.can_tx_mailbox)
    defaultTaskHandle                        0x20000214   Data           4  freertos.o(.bss.defaultTaskHandle)
    hcan1                                    0x20000218   Data          40  can.o(.bss.hcan1)
    hspi1                                    0x20000240   Data          88  spi.o(.bss.hspi1)
    htim6                                    0x20000298   Data          72  stm32f4xx_hal_timebase_tim.o(.bss.htim6)
    imu                                      0x200002e0   Data          68  imu.o(.bss.imu)
    pitch_motor                              0x20000324   Data         212  motor.o(.bss.pitch_motor)
    pitch_ppid                               0x200003f8   Data          68  motor.o(.bss.pitch_ppid)
    pitch_spid                               0x2000043c   Data          68  motor.o(.bss.pitch_spid)
    rx_data                                  0x200009d0   Data           8  callback.o(.bss.rx_data)
    rx_header                                0x200009d8   Data          28  main.o(.bss.rx_header)
    tx_data                                  0x200009f8   Data           8  user_task.o(.bss.tx_data)
    uwTick                                   0x20004600   Data           4  stm32f4xx_hal.o(.bss.uwTick)
    xQueueRegistry                           0x20004cbc   Data          64  queue.o(.bss.xQueueRegistry)
    yaw_motor                                0x20004cfc   Data         212  motor.o(.bss.yaw_motor)
    yaw_ppid                                 0x20004dd0   Data          68  motor.o(.bss.yaw_ppid)
    yaw_spid                                 0x20004e14   Data          68  motor.o(.bss.yaw_spid)



==============================================================================

Memory Map of the image

  Image Entry point : 0x08000189

  Load Region LR_IROM1 (Base: 0x08000000, Size: 0x00007070, Max: 0x00100000, ABSOLUTE)

    Execution Region ER_IROM1 (Exec base: 0x08000000, Load base: 0x08000000, Size: 0x00006fd0, Max: 0x00100000, ABSOLUTE)

    Exec Addr    Load Addr    Size         Type   Attr      Idx    E Section Name        Object

    0x08000000   0x08000000   0x00000188   Data   RO            3    RESET               startup_stm32f407xx.o
    0x08000188   0x08000188   0x00000008   Code   RO         1763  * !!!main             c_w.l(__main.o)
    0x08000190   0x08000190   0x00000034   Code   RO         2044    !!!scatter          c_w.l(__scatter.o)
    0x080001c4   0x080001c4   0x0000001a   Code   RO         2046    !!handler_copy      c_w.l(__scatter_copy.o)
    0x080001de   0x080001de   0x00000002   PAD
    0x080001e0   0x080001e0   0x0000001c   Code   RO         2048    !!handler_zi        c_w.l(__scatter_zi.o)
    0x080001fc   0x080001fc   0x00000002   Code   RO         1958    .ARM.Collect$$libinit$$00000000  c_w.l(libinit.o)
    0x080001fe   0x080001fe   0x00000004   Code   RO         1799    .ARM.Collect$$libinit$$00000001  c_w.l(libinit2.o)
    0x08000202   0x08000202   0x00000000   Code   RO         1802    .ARM.Collect$$libinit$$00000004  c_w.l(libinit2.o)
    0x08000202   0x08000202   0x00000000   Code   RO         1804    .ARM.Collect$$libinit$$00000006  c_w.l(libinit2.o)
    0x08000202   0x08000202   0x00000000   Code   RO         1807    .ARM.Collect$$libinit$$0000000C  c_w.l(libinit2.o)
    0x08000202   0x08000202   0x00000000   Code   RO         1809    .ARM.Collect$$libinit$$0000000E  c_w.l(libinit2.o)
    0x08000202   0x08000202   0x00000000   Code   RO         1811    .ARM.Collect$$libinit$$00000010  c_w.l(libinit2.o)
    0x08000202   0x08000202   0x00000000   Code   RO         1814    .ARM.Collect$$libinit$$00000013  c_w.l(libinit2.o)
    0x08000202   0x08000202   0x00000000   Code   RO         1816    .ARM.Collect$$libinit$$00000015  c_w.l(libinit2.o)
    0x08000202   0x08000202   0x00000000   Code   RO         1818    .ARM.Collect$$libinit$$00000017  c_w.l(libinit2.o)
    0x08000202   0x08000202   0x00000000   Code   RO         1820    .ARM.Collect$$libinit$$00000019  c_w.l(libinit2.o)
    0x08000202   0x08000202   0x00000000   Code   RO         1822    .ARM.Collect$$libinit$$0000001B  c_w.l(libinit2.o)
    0x08000202   0x08000202   0x00000000   Code   RO         1824    .ARM.Collect$$libinit$$0000001D  c_w.l(libinit2.o)
    0x08000202   0x08000202   0x00000000   Code   RO         1826    .ARM.Collect$$libinit$$0000001F  c_w.l(libinit2.o)
    0x08000202   0x08000202   0x00000000   Code   RO         1828    .ARM.Collect$$libinit$$00000021  c_w.l(libinit2.o)
    0x08000202   0x08000202   0x00000000   Code   RO         1830    .ARM.Collect$$libinit$$00000023  c_w.l(libinit2.o)
    0x08000202   0x08000202   0x00000000   Code   RO         1832    .ARM.Collect$$libinit$$00000025  c_w.l(libinit2.o)
    0x08000202   0x08000202   0x00000000   Code   RO         1834    .ARM.Collect$$libinit$$00000027  c_w.l(libinit2.o)
    0x08000202   0x08000202   0x00000000   Code   RO         1838    .ARM.Collect$$libinit$$0000002E  c_w.l(libinit2.o)
    0x08000202   0x08000202   0x00000000   Code   RO         1840    .ARM.Collect$$libinit$$00000030  c_w.l(libinit2.o)
    0x08000202   0x08000202   0x00000000   Code   RO         1842    .ARM.Collect$$libinit$$00000032  c_w.l(libinit2.o)
    0x08000202   0x08000202   0x00000004   Code   RO         1843    .ARM.Collect$$libinit$$00000033  c_w.l(libinit2.o)
    0x08000206   0x08000206   0x00000000   Code   RO         1844    .ARM.Collect$$libinit$$00000034  c_w.l(libinit2.o)
    0x08000206   0x08000206   0x00000002   Code   RO         1845    .ARM.Collect$$libinit$$00000035  c_w.l(libinit2.o)
    0x08000208   0x08000208   0x00000002   Code   RO         2011    .ARM.Collect$$libshutdown$$00000000  c_w.l(libshutdown.o)
    0x0800020a   0x0800020a   0x00000000   Code   RO         2027    .ARM.Collect$$libshutdown$$00000002  c_w.l(libshutdown2.o)
    0x0800020a   0x0800020a   0x00000000   Code   RO         2029    .ARM.Collect$$libshutdown$$00000004  c_w.l(libshutdown2.o)
    0x0800020a   0x0800020a   0x00000000   Code   RO         2032    .ARM.Collect$$libshutdown$$00000007  c_w.l(libshutdown2.o)
    0x0800020a   0x0800020a   0x00000000   Code   RO         2035    .ARM.Collect$$libshutdown$$0000000A  c_w.l(libshutdown2.o)
    0x0800020a   0x0800020a   0x00000000   Code   RO         2037    .ARM.Collect$$libshutdown$$0000000C  c_w.l(libshutdown2.o)
    0x0800020a   0x0800020a   0x00000000   Code   RO         2040    .ARM.Collect$$libshutdown$$0000000F  c_w.l(libshutdown2.o)
    0x0800020a   0x0800020a   0x00000002   Code   RO         2041    .ARM.Collect$$libshutdown$$00000010  c_w.l(libshutdown2.o)
    0x0800020c   0x0800020c   0x00000000   Code   RO         1790    .ARM.Collect$$rtentry$$00000000  c_w.l(__rtentry.o)
    0x0800020c   0x0800020c   0x00000000   Code   RO         1907    .ARM.Collect$$rtentry$$00000002  c_w.l(__rtentry2.o)
    0x0800020c   0x0800020c   0x00000006   Code   RO         1919    .ARM.Collect$$rtentry$$00000004  c_w.l(__rtentry4.o)
    0x08000212   0x08000212   0x00000000   Code   RO         1909    .ARM.Collect$$rtentry$$00000009  c_w.l(__rtentry2.o)
    0x08000212   0x08000212   0x00000004   Code   RO         1910    .ARM.Collect$$rtentry$$0000000A  c_w.l(__rtentry2.o)
    0x08000216   0x08000216   0x00000000   Code   RO         1912    .ARM.Collect$$rtentry$$0000000C  c_w.l(__rtentry2.o)
    0x08000216   0x08000216   0x00000008   Code   RO         1913    .ARM.Collect$$rtentry$$0000000D  c_w.l(__rtentry2.o)
    0x0800021e   0x0800021e   0x00000002   Code   RO         1967    .ARM.Collect$$rtexit$$00000000  c_w.l(rtexit.o)
    0x08000220   0x08000220   0x00000000   Code   RO         1991    .ARM.Collect$$rtexit$$00000002  c_w.l(rtexit2.o)
    0x08000220   0x08000220   0x00000004   Code   RO         1992    .ARM.Collect$$rtexit$$00000003  c_w.l(rtexit2.o)
    0x08000224   0x08000224   0x00000006   Code   RO         1993    .ARM.Collect$$rtexit$$00000004  c_w.l(rtexit2.o)
    0x0800022a   0x0800022a   0x00000002   PAD
    0x0800022c   0x0800022c   0x00000040   Code   RO            4    .text               startup_stm32f407xx.o
    0x0800026c   0x0800026c   0x000000f0   Code   RO         1749    .text               c_w.l(lludivv7m.o)
    0x0800035c   0x0800035c   0x0000008a   Code   RO         1751    .text               c_w.l(rt_memcpy_v6.o)
    0x080003e6   0x080003e6   0x00000010   Code   RO         1755    .text               c_w.l(aeabi_memset4.o)
    0x080003f6   0x080003f6   0x0000004e   Code   RO         1759    .text               c_w.l(rt_memclr_w.o)
    0x08000444   0x08000444   0x00000006   Code   RO         1761    .text               c_w.l(heapauxi.o)
    0x0800044a   0x0800044a   0x00000002   PAD
    0x0800044c   0x0800044c   0x00000024   Code   RO         1768    .text               c_w.l(init_aeabi.o)
    0x08000470   0x08000470   0x00000016   Code   RO         1795    .text               c_w.l(_rserrno.o)
    0x08000486   0x08000486   0x00000064   Code   RO         1797    .text               c_w.l(rt_memcpy_w.o)
    0x080004ea   0x080004ea   0x00000002   PAD
    0x080004ec   0x080004ec   0x00000008   Code   RO         1926    .text               c_w.l(rt_errno_addr_intlibspace.o)
    0x080004f4   0x080004f4   0x00000008   Code   RO         1938    .text               c_w.l(libspace.o)
    0x080004fc   0x080004fc   0x0000004a   Code   RO         1941    .text               c_w.l(sys_stackheap_outer.o)
    0x08000546   0x08000546   0x00000012   Code   RO         1943    .text               c_w.l(exit.o)
    0x08000558   0x08000558   0x0000000c   Code   RO         1983    .text               c_w.l(sys_exit.o)
    0x08000564   0x08000564   0x00000002   Code   RO         1987    .text               c_w.l(use_no_semi.o)
    0x08000566   0x08000566   0x00000000   Code   RO         1989    .text               c_w.l(indicate_semi.o)
    0x08000566   0x08000566   0x00000002   PAD
    0x08000568   0x08000568   0x00000002   Code   RO           91    .text.BusFault_Handler  stm32f4xx_it.o
    0x0800056a   0x0800056a   0x00000002   PAD
    0x0800056c   0x0800056c   0x0000000c   Code   RO           97    .text.CAN1_RX0_IRQHandler  stm32f4xx_it.o
    0x08000578   0x08000578   0x00000002   Code   RO           95    .text.DebugMon_Handler  stm32f4xx_it.o
    0x0800057a   0x0800057a   0x00000002   PAD
    0x0800057c   0x0800057c   0x00000006   Code   RO           15    .text.Error_Handler  main.o
    0x08000582   0x08000582   0x00000002   PAD
    0x08000584   0x08000584   0x0000002e   Code   RO          485    .text.HAL_CAN_ActivateNotification  stm32f4xx_hal_can.o
    0x080005b2   0x080005b2   0x00000002   PAD
    0x080005b4   0x080005b4   0x000000a8   Code   RO          471    .text.HAL_CAN_AddTxMessage  stm32f4xx_hal_can.o
    0x0800065c   0x0800065c   0x000000de   Code   RO          461    .text.HAL_CAN_ConfigFilter  stm32f4xx_hal_can.o
    0x0800073a   0x0800073a   0x00000002   PAD
    0x0800073c   0x0800073c   0x00000002   Code   RO          515    .text.HAL_CAN_ErrorCallback  stm32f4xx_hal_can.o
    0x0800073e   0x0800073e   0x00000002   PAD
    0x08000740   0x08000740   0x00000134   Code   RO          481    .text.HAL_CAN_GetRxMessage  stm32f4xx_hal_can.o
    0x08000874   0x08000874   0x0000025e   Code   RO          489    .text.HAL_CAN_IRQHandler  stm32f4xx_hal_can.o
    0x08000ad2   0x08000ad2   0x00000002   PAD
    0x08000ad4   0x08000ad4   0x000000f4   Code   RO          451    .text.HAL_CAN_Init  stm32f4xx_hal_can.o
    0x08000bc8   0x08000bc8   0x00000078   Code   RO           57    .text.HAL_CAN_MspInit  can.o
    0x08000c40   0x08000c40   0x00000002   Code   RO          503    .text.HAL_CAN_RxFifo0FullCallback  stm32f4xx_hal_can.o
    0x08000c42   0x08000c42   0x00000002   PAD
    0x08000c44   0x08000c44   0x00000078   Code   RO         1045    .text.HAL_CAN_RxFifo0MsgPendingCallback  callback.o
    0x08000cbc   0x08000cbc   0x00000002   Code   RO          507    .text.HAL_CAN_RxFifo1FullCallback  stm32f4xx_hal_can.o
    0x08000cbe   0x08000cbe   0x00000002   PAD
    0x08000cc0   0x08000cc0   0x00000002   Code   RO          509    .text.HAL_CAN_RxFifo1MsgPendingCallback  stm32f4xx_hal_can.o
    0x08000cc2   0x08000cc2   0x00000002   PAD
    0x08000cc4   0x08000cc4   0x00000002   Code   RO          511    .text.HAL_CAN_SleepCallback  stm32f4xx_hal_can.o
    0x08000cc6   0x08000cc6   0x00000002   PAD
    0x08000cc8   0x08000cc8   0x0000005a   Code   RO          463    .text.HAL_CAN_Start  stm32f4xx_hal_can.o
    0x08000d22   0x08000d22   0x00000002   PAD
    0x08000d24   0x08000d24   0x00000002   Code   RO          493    .text.HAL_CAN_TxMailbox0AbortCallback  stm32f4xx_hal_can.o
    0x08000d26   0x08000d26   0x00000002   PAD
    0x08000d28   0x08000d28   0x00000002   Code   RO          491    .text.HAL_CAN_TxMailbox0CompleteCallback  stm32f4xx_hal_can.o
    0x08000d2a   0x08000d2a   0x00000002   PAD
    0x08000d2c   0x08000d2c   0x00000002   Code   RO          497    .text.HAL_CAN_TxMailbox1AbortCallback  stm32f4xx_hal_can.o
    0x08000d2e   0x08000d2e   0x00000002   PAD
    0x08000d30   0x08000d30   0x00000002   Code   RO          495    .text.HAL_CAN_TxMailbox1CompleteCallback  stm32f4xx_hal_can.o
    0x08000d32   0x08000d32   0x00000002   PAD
    0x08000d34   0x08000d34   0x00000002   Code   RO          501    .text.HAL_CAN_TxMailbox2AbortCallback  stm32f4xx_hal_can.o
    0x08000d36   0x08000d36   0x00000002   PAD
    0x08000d38   0x08000d38   0x00000002   Code   RO          499    .text.HAL_CAN_TxMailbox2CompleteCallback  stm32f4xx_hal_can.o
    0x08000d3a   0x08000d3a   0x00000002   PAD
    0x08000d3c   0x08000d3c   0x00000002   Code   RO          513    .text.HAL_CAN_WakeUpFromRxMsgCallback  stm32f4xx_hal_can.o
    0x08000d3e   0x08000d3e   0x00000002   PAD
    0x08000d40   0x08000d40   0x00000028   Code   RO          846    .text.HAL_Delay     stm32f4xx_hal.o
    0x08000d68   0x08000d68   0x000001a6   Code   RO          641    .text.HAL_GPIO_Init  stm32f4xx_hal_gpio.o
    0x08000f0e   0x08000f0e   0x00000002   PAD
    0x08000f10   0x08000f10   0x0000000a   Code   RO          647    .text.HAL_GPIO_WritePin  stm32f4xx_hal_gpio.o
    0x08000f1a   0x08000f1a   0x00000002   PAD
    0x08000f1c   0x08000f1c   0x0000000c   Code   RO          838    .text.HAL_GetTick   stm32f4xx_hal.o
    0x08000f28   0x08000f28   0x0000001a   Code   RO          836    .text.HAL_IncTick   stm32f4xx_hal.o
    0x08000f42   0x08000f42   0x00000002   PAD
    0x08000f44   0x08000f44   0x00000036   Code   RO          826    .text.HAL_Init      stm32f4xx_hal.o
    0x08000f7a   0x08000f7a   0x00000002   PAD
    0x08000f7c   0x08000f7c   0x000000bc   Code   RO          117    .text.HAL_InitTick  stm32f4xx_hal_timebase_tim.o
    0x08001038   0x08001038   0x00000042   Code   RO          108    .text.HAL_MspInit   stm32f4xx_hal_msp.o
    0x0800107a   0x0800107a   0x00000002   PAD
    0x0800107c   0x0800107c   0x00000026   Code   RO          778    .text.HAL_NVIC_EnableIRQ  stm32f4xx_hal_cortex.o
    0x080010a2   0x080010a2   0x00000002   PAD
    0x080010a4   0x080010a4   0x00000056   Code   RO          776    .text.HAL_NVIC_SetPriority  stm32f4xx_hal_cortex.o
    0x080010fa   0x080010fa   0x00000002   PAD
    0x080010fc   0x080010fc   0x00000020   Code   RO          774    .text.HAL_NVIC_SetPriorityGrouping  stm32f4xx_hal_cortex.o
    0x0800111c   0x0800111c   0x00000160   Code   RO          535    .text.HAL_RCC_ClockConfig  stm32f4xx_hal_rcc.o
    0x0800127c   0x0800127c   0x0000003e   Code   RO          553    .text.HAL_RCC_GetClockConfig  stm32f4xx_hal_rcc.o
    0x080012ba   0x080012ba   0x00000002   PAD
    0x080012bc   0x080012bc   0x00000026   Code   RO          547    .text.HAL_RCC_GetPCLK1Freq  stm32f4xx_hal_rcc.o
    0x080012e2   0x080012e2   0x00000002   PAD
    0x080012e4   0x080012e4   0x0000006a   Code   RO          537    .text.HAL_RCC_GetSysClockFreq  stm32f4xx_hal_rcc.o
    0x0800134e   0x0800134e   0x00000002   PAD
    0x08001350   0x08001350   0x00000374   Code   RO          533    .text.HAL_RCC_OscConfig  stm32f4xx_hal_rcc.o
    0x080016c4   0x080016c4   0x00000006   Code   RO         1010    .text.HAL_SPI_GetState  stm32f4xx_hal_spi.o
    0x080016ca   0x080016ca   0x00000002   PAD
    0x080016cc   0x080016cc   0x000000b4   Code   RO          916    .text.HAL_SPI_Init  stm32f4xx_hal_spi.o
    0x08001780   0x08001780   0x000000a2   Code   RO           72    .text.HAL_SPI_MspInit  spi.o
    0x08001822   0x08001822   0x00000002   PAD
    0x08001824   0x08001824   0x00000200   Code   RO          926    .text.HAL_SPI_Receive  stm32f4xx_hal_spi.o
    0x08001a24   0x08001a24   0x0000027a   Code   RO          924    .text.HAL_SPI_Transmit  stm32f4xx_hal_spi.o
    0x08001c9e   0x08001c9e   0x00000002   PAD
    0x08001ca0   0x08001ca0   0x0000034e   Code   RO          928    .text.HAL_SPI_TransmitReceive  stm32f4xx_hal_spi.o
    0x08001fee   0x08001fee   0x00000002   PAD
    0x08001ff0   0x08001ff0   0x00000002   Code   RO          437    .text.HAL_TIMEx_BreakCallback  stm32f4xx_hal_tim_ex.o
    0x08001ff2   0x08001ff2   0x00000002   PAD
    0x08001ff4   0x08001ff4   0x00000002   Code   RO          433    .text.HAL_TIMEx_CommutCallback  stm32f4xx_hal_tim_ex.o
    0x08001ff6   0x08001ff6   0x00000002   PAD
    0x08001ff8   0x08001ff8   0x0000005a   Code   RO          132    .text.HAL_TIM_Base_Init  stm32f4xx_hal_tim.o
    0x08002052   0x08002052   0x00000002   PAD
    0x08002054   0x08002054   0x00000002   Code   RO          134    .text.HAL_TIM_Base_MspInit  stm32f4xx_hal_tim.o
    0x08002056   0x08002056   0x00000002   PAD
    0x08002058   0x08002058   0x000000aa   Code   RO          146    .text.HAL_TIM_Base_Start_IT  stm32f4xx_hal_tim.o
    0x08002102   0x08002102   0x00000002   PAD
    0x08002104   0x08002104   0x00000002   Code   RO          268    .text.HAL_TIM_IC_CaptureCallback  stm32f4xx_hal_tim.o
    0x08002106   0x08002106   0x00000002   PAD
    0x08002108   0x08002108   0x0000014e   Code   RO          266    .text.HAL_TIM_IRQHandler  stm32f4xx_hal_tim.o
    0x08002256   0x08002256   0x00000002   PAD
    0x08002258   0x08002258   0x00000002   Code   RO          270    .text.HAL_TIM_OC_DelayElapsedCallback  stm32f4xx_hal_tim.o
    0x0800225a   0x0800225a   0x00000002   PAD
    0x0800225c   0x0800225c   0x00000002   Code   RO          272    .text.HAL_TIM_PWM_PulseFinishedCallback  stm32f4xx_hal_tim.o
    0x0800225e   0x0800225e   0x00000002   PAD
    0x08002260   0x08002260   0x00000014   Code   RO           17    .text.HAL_TIM_PeriodElapsedCallback  main.o
    0x08002274   0x08002274   0x00000002   Code   RO          276    .text.HAL_TIM_TriggerCallback  stm32f4xx_hal_tim.o
    0x08002276   0x08002276   0x00000002   PAD
    0x08002278   0x08002278   0x00000002   Code   RO           87    .text.HardFault_Handler  stm32f4xx_it.o
    0x0800227a   0x0800227a   0x00000002   PAD
    0x0800227c   0x0800227c   0x00000040   Code   RO           55    .text.MX_CAN1_Init  can.o
    0x080022bc   0x080022bc   0x00000028   Code   RO           41    .text.MX_FREERTOS_Init  freertos.o
    0x080022e4   0x080022e4   0x000000b2   Code   RO           32    .text.MX_GPIO_Init  gpio.o
    0x08002396   0x08002396   0x00000002   PAD
    0x08002398   0x08002398   0x00000052   Code   RO           70    .text.MX_SPI1_Init  spi.o
    0x080023ea   0x080023ea   0x00000002   PAD
    0x080023ec   0x080023ec   0x00000002   Code   RO           89    .text.MemManage_Handler  stm32f4xx_it.o
    0x080023ee   0x080023ee   0x00000002   PAD
    0x080023f0   0x080023f0   0x00000002   Code   RO           85    .text.NMI_Handler   stm32f4xx_it.o
    0x080023f2   0x080023f2   0x0000000e   PAD
    0x08002400   0x08002400   0x00000064   Code   RO         1732    .text.PendSV_Handler  port.o
    0x08002464   0x08002464   0x00000124   Code   RO         1020    .text.SPI_WaitFlagStateUntilTimeout  stm32f4xx_hal_spi.o
    0x08002588   0x08002588   0x00000008   PAD
    0x08002590   0x08002590   0x00000024   Code   RO         1716    .text.SVC_Handler   port.o
    0x080025b4   0x080025b4   0x00000008   Code   RO           43    .text.StartDefaultTask  freertos.o
    0x080025bc   0x080025bc   0x0000001e   Code   RO         1527    .text.SysTick_Handler  cmsis_os2.o
    0x080025da   0x080025da   0x00000002   PAD
    0x080025dc   0x080025dc   0x000000a8   Code   RO           13    .text.SystemClock_Config  main.o
    0x08002684   0x08002684   0x00000012   Code   RO         1030    .text.SystemInit    system_stm32f4xx.o
    0x08002696   0x08002696   0x00000002   PAD
    0x08002698   0x08002698   0x0000000c   Code   RO           99    .text.TIM6_DAC_IRQHandler  stm32f4xx_it.o
    0x080026a4   0x080026a4   0x00000142   Code   RO          136    .text.TIM_Base_SetConfig  stm32f4xx_hal_tim.o
    0x080027e6   0x080027e6   0x00000002   PAD
    0x080027e8   0x080027e8   0x00000002   Code   RO           93    .text.UsageFault_Handler  stm32f4xx_it.o
    0x080027ea   0x080027ea   0x00000002   PAD
    0x080027ec   0x080027ec   0x000001dc   Code   RO         1071    .text._GLOBAL__sub_I_motor.cpp  motor.o
    0x080029c8   0x080029c8   0x00000078   Code   RO         1106    .text._Z10motor_taskPv  user_task.o
    0x08002a40   0x08002a40   0x0000001c   Code   RO         1108    .text._Z8imu_taskPv  user_task.o
    0x08002a5c   0x08002a5c   0x000001cc   Code   RO         1057    .text._ZN11GM6020Motor10read_RxMsgEPKh  motor.o
    0x08002c28   0x08002c28   0x0000002c   Code   RO         1059    .text._ZN11GM6020Motor11write_TxMsgEPh  motor.o
    0x08002c54   0x08002c54   0x00000004   PAD
    0x08002c58   0x08002c58   0x00000280   Code   RO         1069    .text._ZN11GM6020Motor6handleEv  motor.o
    0x08002ed8   0x08002ed8   0x000000e0   Code   RO         1167    .text._ZN3IMU14gyro_calculateEv  imu.o
    0x08002fb8   0x08002fb8   0x000000a8   Code   RO         1165    .text._ZN3IMU15accel_calculateEv  imu.o
    0x08003060   0x08003060   0x0000001c   Code   RO         1090    .text._ZN3PID11set_out_maxEf  pid.o
    0x0800307c   0x0800307c   0x0000013c   Code   RO         1092    .text._ZN3PID4calcEff  pid.o
    0x080031b8   0x080031b8   0x00000070   Code   RO         1145    .text.bmi088_accel_read_reg  bmi088.o
    0x08003228   0x08003228   0x00000070   Code   RO         1147    .text.bmi088_gyro_read_reg  bmi088.o
    0x08003298   0x08003298   0x000000ee   Code   RO         1151    .text.bmi088_init   bmi088.o
    0x08003386   0x08003386   0x00000002   PAD
    0x08003388   0x08003388   0x0000004a   Code   RO           11    .text.main          main.o
    0x080033d2   0x080033d2   0x00000002   PAD
    0x080033d4   0x080033d4   0x00000020   Code   RO         1587    .text.osDelay       cmsis_os2.o
    0x080033f4   0x080033f4   0x00000028   Code   RO         1529    .text.osKernelInitialize  cmsis_os2.o
    0x0800341c   0x0800341c   0x0000003c   Code   RO         1535    .text.osKernelStart  cmsis_os2.o
    0x08003458   0x08003458   0x000000ae   Code   RO         1551    .text.osThreadNew   cmsis_os2.o
    0x08003506   0x08003506   0x00000002   PAD
    0x08003508   0x08003508   0x0000028a   Code   RO         1362    .text.prvAddNewTaskToReadyList  tasks.o
    0x08003792   0x08003792   0x00000002   PAD
    0x08003794   0x08003794   0x00000086   Code   RO         1394    .text.prvIdleTask   tasks.o
    0x0800381a   0x0800381a   0x00000002   PAD
    0x0800381c   0x0800381c   0x00000128   Code   RO         1360    .text.prvInitialiseNewTask  tasks.o
    0x08003944   0x08003944   0x00000028   Code   RO         1724    .text.prvPortStartFirstTask  port.o
    0x0800396c   0x0800396c   0x0000003e   Code   RO         1714    .text.prvTaskExitError  port.o
    0x080039aa   0x080039aa   0x00000002   PAD
    0x080039ac   0x080039ac   0x0000038a   Code   RO         1479    .text.prvTimerTask  timers.o
    0x08003d36   0x08003d36   0x00000002   PAD
    0x08003d38   0x08003d38   0x00000074   Code   RO         1259    .text.prvUnlockQueue  queue.o
    0x08003dac   0x08003dac   0x0000020a   Code   RO         1690    .text.pvPortMalloc  heap_4.o
    0x08003fb6   0x08003fb6   0x00000002   PAD
    0x08003fb8   0x08003fb8   0x00000028   Code   RO         1712    .text.pxPortInitialiseStack  port.o
    0x08003fe0   0x08003fe0   0x0000003a   Code   RO         1110    .text.user_task_init  user_task.o
    0x0800401a   0x0800401a   0x00000002   PAD
    0x0800401c   0x0800401c   0x00000024   Code   RO         1223    .text.uxListRemove  list.o
    0x08004040   0x08004040   0x0000001a   Code   RO         1673    .text.vApplicationGetIdleTaskMemory  cmsis_os2.o
    0x0800405a   0x0800405a   0x00000002   PAD
    0x0800405c   0x0800405c   0x0000001c   Code   RO         1675    .text.vApplicationGetTimerTaskMemory  cmsis_os2.o
    0x08004078   0x08004078   0x00000016   Code   RO         1215    .text.vListInitialise  list.o
    0x0800408e   0x0800408e   0x00000002   PAD
    0x08004090   0x08004090   0x00000006   Code   RO         1217    .text.vListInitialiseItem  list.o
    0x08004096   0x08004096   0x00000002   PAD
    0x08004098   0x08004098   0x00000062   Code   RO         1221    .text.vListInsert   list.o
    0x080040fa   0x080040fa   0x00000002   PAD
    0x080040fc   0x080040fc   0x0000001c   Code   RO         1219    .text.vListInsertEnd  list.o
    0x08004118   0x08004118   0x00000014   Code   RO         1722    .text.vPortEnableVFP  port.o
    0x0800412c   0x0800412c   0x00000046   Code   RO         1728    .text.vPortEnterCritical  port.o
    0x08004172   0x08004172   0x00000002   PAD
    0x08004174   0x08004174   0x0000002e   Code   RO         1730    .text.vPortExitCritical  port.o
    0x080041a2   0x080041a2   0x00000002   PAD
    0x080041a4   0x080041a4   0x000000d4   Code   RO         1692    .text.vPortFree     heap_4.o
    0x08004278   0x08004278   0x00000034   Code   RO         1720    .text.vPortSetupTimerInterrupt  port.o
    0x080042ac   0x080042ac   0x000000b0   Code   RO         1293    .text.vQueueAddToRegistry  queue.o
    0x0800435c   0x0800435c   0x00000052   Code   RO         1297    .text.vQueueWaitForMessageRestricted  queue.o
    0x080043ae   0x080043ae   0x00000002   PAD
    0x080043b0   0x080043b0   0x00000080   Code   RO         1374    .text.vTaskDelay    tasks.o
    0x08004430   0x08004430   0x00000012   Code   RO         1424    .text.vTaskInternalSetTimeOutState  tasks.o
    0x08004442   0x08004442   0x00000002   PAD
    0x08004444   0x08004444   0x0000000e   Code   RO         1428    .text.vTaskMissedYield  tasks.o
    0x08004452   0x08004452   0x00000002   PAD
    0x08004454   0x08004454   0x00000074   Code   RO         1412    .text.vTaskPlaceOnEventList  tasks.o
    0x080044c8   0x080044c8   0x0000007a   Code   RO         1416    .text.vTaskPlaceOnEventListRestricted  tasks.o
    0x08004542   0x08004542   0x00000002   PAD
    0x08004544   0x08004544   0x000000f0   Code   RO         1392    .text.vTaskStartScheduler  tasks.o
    0x08004634   0x08004634   0x00000010   Code   RO         1370    .text.vTaskSuspendAll  tasks.o
    0x08004644   0x08004644   0x000000bc   Code   RO         1386    .text.vTaskSwitchContext  tasks.o
    0x08004700   0x08004700   0x00000184   Code   RO         1718    .text.xPortStartScheduler  port.o
    0x08004884   0x08004884   0x0000002e   Code   RO         1734    .text.xPortSysTickHandler  port.o
    0x080048b2   0x080048b2   0x00000002   PAD
    0x080048b4   0x080048b4   0x000000de   Code   RO         1235    .text.xQueueGenericCreateStatic  queue.o
    0x08004992   0x08004992   0x00000002   PAD
    0x08004994   0x08004994   0x0000022a   Code   RO         1249    .text.xQueueGenericSend  queue.o
    0x08004bbe   0x08004bbe   0x00000002   PAD
    0x08004bc0   0x08004bc0   0x000001a2   Code   RO         1265    .text.xQueueReceive  queue.o
    0x08004d62   0x08004d62   0x00000002   PAD
    0x08004d64   0x08004d64   0x000000a2   Code   RO         1426    .text.xTaskCheckForTimeOut  tasks.o
    0x08004e06   0x08004e06   0x00000002   PAD
    0x08004e08   0x08004e08   0x00000060   Code   RO         1364    .text.xTaskCreate   tasks.o
    0x08004e68   0x08004e68   0x00000076   Code   RO         1358    .text.xTaskCreateStatic  tasks.o
    0x08004ede   0x08004ede   0x00000002   PAD
    0x08004ee0   0x08004ee0   0x0000001e   Code   RO         1440    .text.xTaskGetSchedulerState  tasks.o
    0x08004efe   0x08004efe   0x00000002   PAD
    0x08004f00   0x08004f00   0x0000000c   Code   RO         1400    .text.xTaskGetTickCount  tasks.o
    0x08004f0c   0x08004f0c   0x00000104   Code   RO         1398    .text.xTaskIncrementTick  tasks.o
    0x08005010   0x08005010   0x0000008a   Code   RO         1444    .text.xTaskPriorityDisinherit  tasks.o
    0x0800509a   0x0800509a   0x00000002   PAD
    0x0800509c   0x0800509c   0x00000072   Code   RO         1418    .text.xTaskRemoveFromEventList  tasks.o
    0x0800510e   0x0800510e   0x00000002   PAD
    0x08005110   0x08005110   0x000000ee   Code   RO         1372    .text.xTaskResumeAll  tasks.o
    0x080051fe   0x080051fe   0x00000002   PAD
    0x08005200   0x08005200   0x000000b4   Code   RO         1477    .text.xTimerCreateTimerTask  timers.o
    0x080052b4   0x080052b4   0x00000030   Code   RO         1895    i.__ARM_fpclassify  m_wm.l(fpclassify.o)
    0x080052e4   0x080052e4   0x00000004   PAD
    0x080052e8   0x080052e8   0x00000c60   Code   RO         1783    i.__hardfp_pow      m_wm.l(pow.o)
    0x08005f48   0x08005f48   0x000000f8   Code   RO         1897    i.__kernel_poly     m_wm.l(poly.o)
    0x08006040   0x08006040   0x00000030   Code   RO         1875    i.__mathlib_dbl_divzero  m_wm.l(dunder.o)
    0x08006070   0x08006070   0x00000014   Code   RO         1877    i.__mathlib_dbl_infnan2  m_wm.l(dunder.o)
    0x08006084   0x08006084   0x00000004   PAD
    0x08006088   0x08006088   0x00000020   Code   RO         1878    i.__mathlib_dbl_invalid  m_wm.l(dunder.o)
    0x080060a8   0x080060a8   0x00000020   Code   RO         1879    i.__mathlib_dbl_overflow  m_wm.l(dunder.o)
    0x080060c8   0x080060c8   0x00000020   Code   RO         1881    i.__mathlib_dbl_underflow  m_wm.l(dunder.o)
    0x080060e8   0x080060e8   0x00000018   Code   RO         1891    i.fabs              m_wm.l(fabs.o)
    0x08006100   0x08006100   0x0000006e   Code   RO         1902    i.sqrt              m_wm.l(sqrt.o)
    0x0800616e   0x0800616e   0x00000018   Code   RO         1850    x$fpl$basic         fz_wm.l(basic.o)
    0x08006186   0x08006186   0x00000002   PAD
    0x08006188   0x08006188   0x00000062   Code   RO         1771    x$fpl$d2f           fz_wm.l(d2f.o)
    0x080061ea   0x080061ea   0x00000002   PAD
    0x080061ec   0x080061ec   0x00000150   Code   RO         1773    x$fpl$dadd          fz_wm.l(daddsub_clz.o)
    0x0800633c   0x0800633c   0x00000010   Code   RO         1930    x$fpl$dcheck1       fz_wm.l(dcheck1.o)
    0x0800634c   0x0800634c   0x00000018   Code   RO         1959    x$fpl$dcmpinf       fz_wm.l(dcmpi.o)
    0x08006364   0x08006364   0x000002b4   Code   RO         1853    x$fpl$ddiv          fz_wm.l(ddiv.o)
    0x08006618   0x08006618   0x0000002e   Code   RO         1857    x$fpl$dflt          fz_wm.l(dflt_clz.o)
    0x08006646   0x08006646   0x00000002   PAD
    0x08006648   0x08006648   0x00000078   Code   RO         1932    x$fpl$dleqf         fz_wm.l(dleqf.o)
    0x080066c0   0x080066c0   0x00000154   Code   RO         1779    x$fpl$dmul          fz_wm.l(dmul.o)
    0x08006814   0x08006814   0x0000009c   Code   RO         1862    x$fpl$dnaninf       fz_wm.l(dnaninf.o)
    0x080068b0   0x080068b0   0x0000000c   Code   RO         1864    x$fpl$dretinf       fz_wm.l(dretinf.o)
    0x080068bc   0x080068bc   0x0000006c   Code   RO         1866    x$fpl$drleqf        fz_wm.l(drleqf.o)
    0x08006928   0x08006928   0x00000016   Code   RO         1774    x$fpl$drsb          fz_wm.l(daddsub_clz.o)
    0x0800693e   0x0800693e   0x00000002   PAD
    0x08006940   0x08006940   0x00000198   Code   RO         1934    x$fpl$dsqrt         fz_wm.l(dsqrt_umaal.o)
    0x08006ad8   0x08006ad8   0x000001dc   Code   RO         1775    x$fpl$dsub          fz_wm.l(daddsub_clz.o)
    0x08006cb4   0x08006cb4   0x00000056   Code   RO         1781    x$fpl$f2d           fz_wm.l(f2d.o)
    0x08006d0a   0x08006d0a   0x0000008c   Code   RO         1868    x$fpl$fnaninf       fz_wm.l(fnaninf.o)
    0x08006d96   0x08006d96   0x0000001a   Code   RO         1936    x$fpl$fpinit        fz_wm.l(fpinit.o)
    0x08006db0   0x08006db0   0x0000000a   Code   RO         1870    x$fpl$fretinf       fz_wm.l(fretinf.o)
    0x08006dba   0x08006dba   0x00000064   Code   RO         1961    x$fpl$retnan        fz_wm.l(retnan.o)
    0x08006e1e   0x08006e1e   0x0000005c   Code   RO         1872    x$fpl$scalbn        fz_wm.l(scalbn.o)
    0x08006e7a   0x08006e7a   0x00000030   Code   RO         1981    x$fpl$trapveneer    fz_wm.l(trapv.o)
    0x08006eaa   0x08006eaa   0x00000000   Code   RO         1874    x$fpl$usenofp       fz_wm.l(usenofp.o)
    0x08006eaa   0x08006eaa   0x00000006   PAD
    0x08006eb0   0x08006eb0   0x00000088   Data   RO         1786    .constdata          m_wm.l(pow.o)
    0x08006f38   0x08006f38   0x00000008   Data   RO         1899    .constdata          m_wm.l(qnan.o)
    0x08006f40   0x08006f40   0x00000010   Data   RO         1035    .rodata.AHBPrescTable  system_stm32f4xx.o
    0x08006f50   0x08006f50   0x00000008   Data   RO         1036    .rodata.APBPrescTable  system_stm32f4xx.o
    0x08006f58   0x08006f58   0x00000024   Data   RO           46    .rodata.defaultTask_attributes  freertos.o
    0x08006f7c   0x08006f7c   0x0000000c   Data   RO           45    .rodata.str1.1      freertos.o
    0x08006f88   0x08006f88   0x0000001e   Data   RO         1115    .rodata.str1.1      user_task.o
    0x08006fa6   0x08006fa6   0x00000005   Data   RO         1517    .rodata.str1.1      timers.o
    0x08006fab   0x08006fab   0x00000001   PAD
    0x08006fac   0x08006fac   0x00000020   Data   RO         2043    Region$$Table       anon$$obj.o
    0x08006fcc   0x08006fcc   0x00000004   Data   RO         1079    .init_array         motor.o
    0x08006fd0   0x08006fcc   0x00000000   Data   RO         1766    .init_array         c_w.l(init_aeabi.o)


    Execution Region RW_IRAM1 (Exec base: 0x20000000, Load base: 0x08006fd0, Size: 0x00005458, Max: 0x0001c000, ABSOLUTE)

    Exec Addr    Load Addr    Size         Type   Attr      Idx    E Section Name        Object

    0x20000000   0x08006fd0   0x00000008   Data   RW          881    .data..L_MergedGlobals  stm32f4xx_hal.o
    0x20000008   0x08006fd8   0x00000048   Data   RW         1119    .data..L_MergedGlobals  user_task.o
    0x20000050   0x08007020   0x00000004   Data   RW         1034    .data.SystemCoreClock  system_stm32f4xx.o
    0x20000054   0x08007024   0x00000028   Data   RW           20    .data.filter_config  main.o
    0x2000007c   0x0800704c   0x00000004   Data   RW         1112    .data.stop_flag     user_task.o
    0x20000080   0x08007050   0x00000018   Data   RW           19    .data.tx_header     main.o
    0x20000098   0x08007068   0x00000004   Data   RW         1738    .data.uxCriticalNesting  port.o
    0x2000009c   0x0800706c   0x00000004   PAD
    0x200000a0        -       0x00000060   Zero   RW         1939    .bss                c_w.l(libspace.o)
    0x20000100        -       0x00000078   Zero   RW         1467    .bss..L_MergedGlobals  tasks.o
    0x20000178        -       0x0000003c   Zero   RW         1518    .bss..L_MergedGlobals  timers.o
    0x200001b4        -       0x00000020   Zero   RW         1703    .bss..L_MergedGlobals  heap_4.o
    0x200001d4        -       0x00000008   Zero   RW         1739    .bss..L_MergedGlobals  port.o
    0x200001dc        -       0x00000028   Zero   RW         1468    .bss..L_MergedGlobals.1  tasks.o
    0x20000204        -       0x00000008   Zero   RW         1120    .bss..L_MergedGlobals.3  user_task.o
    0x2000020c        -       0x00000004   Zero   RW         1677    .bss.KernelState    cmsis_os2.o
    0x20000210        -       0x00000004   Zero   RW           22    .bss.can_tx_mailbox  main.o
    0x20000214        -       0x00000004   Zero   RW           47    .bss.defaultTaskHandle  freertos.o
    0x20000218        -       0x00000028   Zero   RW           61    .bss.hcan1          can.o
    0x20000240        -       0x00000058   Zero   RW           76    .bss.hspi1          spi.o
    0x20000298        -       0x00000048   Zero   RW          123    .bss.htim6          stm32f4xx_hal_timebase_tim.o
    0x200002e0        -       0x00000044   Zero   RW         1169    .bss.imu            imu.o
    0x20000324        -       0x000000d4   Zero   RW         1078    .bss.pitch_motor    motor.o
    0x200003f8        -       0x00000044   Zero   RW         1076    .bss.pitch_ppid     motor.o
    0x2000043c        -       0x00000044   Zero   RW         1077    .bss.pitch_spid     motor.o
    0x20000480        -       0x000000a0   Zero   RW         1516    .bss.prvCheckForValidListAndQueue.ucStaticTimerQueueStorage  timers.o
    0x20000520        -       0x00000050   Zero   RW         1515    .bss.prvCheckForValidListAndQueue.xStaticTimerQueue  timers.o
    0x20000570        -       0x00000460   Zero   RW         1466    .bss.pxReadyTasksLists  tasks.o
    0x200009d0        -       0x00000008   Zero   RW         1047    .bss.rx_data        callback.o
    0x200009d8        -       0x0000001c   Zero   RW           21    .bss.rx_header      main.o
    0x200009f4   0x0800706c   0x00000004   PAD
    0x200009f8        -       0x00000008   Zero   RW         1113    .bss.tx_data        user_task.o
    0x20000a00        -       0x00003c00   Zero   RW         1702    .bss.ucHeap         heap_4.o
    0x20004600        -       0x00000004   Zero   RW          880    .bss.uwTick         stm32f4xx_hal.o
    0x20004604        -       0x00000200   Zero   RW         1679    .bss.vApplicationGetIdleTaskMemory.Idle_Stack  cmsis_os2.o
    0x20004804        -       0x0000005c   Zero   RW         1678    .bss.vApplicationGetIdleTaskMemory.Idle_TCB  cmsis_os2.o
    0x20004860        -       0x00000400   Zero   RW         1681    .bss.vApplicationGetTimerTaskMemory.Timer_Stack  cmsis_os2.o
    0x20004c60        -       0x0000005c   Zero   RW         1680    .bss.vApplicationGetTimerTaskMemory.Timer_TCB  cmsis_os2.o
    0x20004cbc        -       0x00000040   Zero   RW         1299    .bss.xQueueRegistry  queue.o
    0x20004cfc        -       0x000000d4   Zero   RW         1075    .bss.yaw_motor      motor.o
    0x20004dd0        -       0x00000044   Zero   RW         1073    .bss.yaw_ppid       motor.o
    0x20004e14        -       0x00000044   Zero   RW         1074    .bss.yaw_spid       motor.o
    0x20004e58        -       0x00000200   Zero   RW            2    HEAP                startup_stm32f407xx.o
    0x20005058        -       0x00000400   Zero   RW            1    STACK               startup_stm32f407xx.o


    Execution Region RW_IRAM2 (Exec base: 0x2001c000, Load base: 0x08007070, Size: 0x00000000, Max: 0x00004000, ABSOLUTE)

    **** No section assigned to this execution region ****


==============================================================================

Image component sizes


      Code (inc. data)   RO Data    RW Data    ZI Data      Debug   Object Name

       462          0          0          0          0       6109   bmi088.o
       120          0          0          0          8       2877   callback.o
       184          0          0          0         40       6172   can.o
       390          0          0          0       1724      44670   cmsis_os2.o
        48          0         48          0          4       2787   freertos.o
       178          0          0          0          0       2129   gpio.o
       734          0          0          0      15392       5578   heap_4.o
       392         48          0          0         68       3830   imu.o
       190          0          0          0          0       2304   list.o
       268          0          0         64         32       7168   main.o
      1620        128          4          0        696      28595   motor.o
       344          8          0          0          0       1694   pid.o
       900         16          0          4          8       4150   port.o
      1568          0          0          0         64      28107   queue.o
       244          0          0          0         88       5116   spi.o
        64         26        392          0       1536        824   startup_stm32f407xx.o
       132          0          0          8          4       7271   stm32f4xx_hal.o
      1708          6          0          0          0      13803   stm32f4xx_hal_can.o
       156          0          0          0          0      10792   stm32f4xx_hal_cortex.o
       432          0          0          0          0       5233   stm32f4xx_hal_gpio.o
        66          0          0          0          0       3505   stm32f4xx_hal_msp.o
      1442          0          0          0          0       7363   stm32f4xx_hal_rcc.o
      2470          0          0          0          0      24876   stm32f4xx_hal_spi.o
       926          0          0          0          0      55145   stm32f4xx_hal_tim.o
         4          0          0          0          0      21165   stm32f4xx_hal_tim_ex.o
       188          0          0          0         72       7238   stm32f4xx_hal_timebase_tim.o
        36          0          0          0          0       5840   stm32f4xx_it.o
        18          0         24          4          0       2563   system_stm32f4xx.o
      3090          8          0          0       1280      42975   tasks.o
      1086         20          5          0        300      16051   timers.o
       206          0         30         76         16       4869   user_task.o

    ----------------------------------------------------------------------
     19852        260        536        156      21340     380799   Object Totals
         0          0         32          0          0          0   (incl. Generated)
       186          0          1          0          8          0   (incl. Padding)

    ----------------------------------------------------------------------

      Code (inc. data)   RO Data    RW Data    ZI Data      Debug   Library Member Name

         8          0          0          0          0         68   __main.o
         0          0          0          0          0          0   __rtentry.o
        12          0          0          0          0          0   __rtentry2.o
         6          0          0          0          0          0   __rtentry4.o
        52          8          0          0          0          0   __scatter.o
        26          0          0          0          0          0   __scatter_copy.o
        28          0          0          0          0          0   __scatter_zi.o
        22          0          0          0          0        100   _rserrno.o
        16          0          0          0          0         68   aeabi_memset4.o
        18          0          0          0          0         80   exit.o
         6          0          0          0          0        152   heapauxi.o
         0          0          0          0          0          0   indicate_semi.o
        36          8          0          0          0         80   init_aeabi.o
         2          0          0          0          0          0   libinit.o
        10          0          0          0          0          0   libinit2.o
         2          0          0          0          0          0   libshutdown.o
         2          0          0          0          0          0   libshutdown2.o
         8          4          0          0         96         68   libspace.o
       240          0          0          0          0        100   lludivv7m.o
         8          4          0          0          0         68   rt_errno_addr_intlibspace.o
        78          0          0          0          0         80   rt_memclr_w.o
       138          0          0          0          0         68   rt_memcpy_v6.o
       100          0          0          0          0         80   rt_memcpy_w.o
         2          0          0          0          0          0   rtexit.o
        10          0          0          0          0          0   rtexit2.o
        12          4          0          0          0         68   sys_exit.o
        74          0          0          0          0         80   sys_stackheap_outer.o
         2          0          0          0          0         68   use_no_semi.o
        24          0          0          0          0        164   basic.o
        98          4          0          0          0        140   d2f.o
       834         16          0          0          0        516   daddsub_clz.o
        16          4          0          0          0        116   dcheck1.o
        24          0          0          0          0        116   dcmpi.o
       692        140          0          0          0        264   ddiv.o
        46          0          0          0          0        116   dflt_clz.o
       120          4          0          0          0        140   dleqf.o
       340         12          0          0          0        152   dmul.o
       156          4          0          0          0        140   dnaninf.o
        12          0          0          0          0        116   dretinf.o
       108          0          0          0          0        128   drleqf.o
       408         56          0          0          0        168   dsqrt_umaal.o
        86          4          0          0          0        132   f2d.o
       140          4          0          0          0        132   fnaninf.o
        26          0          0          0          0        116   fpinit.o
        10          0          0          0          0        116   fretinf.o
       100          0          0          0          0        116   retnan.o
        92          0          0          0          0        116   scalbn.o
        48          0          0          0          0        116   trapv.o
         0          0          0          0          0          0   usenofp.o
       164         44          0          0          0        620   dunder.o
        24          0          0          0          0        124   fabs.o
        48          0          0          0          0        124   fpclassify.o
       248          0          0          0          0        152   poly.o
      3168        296        136          0          0        352   pow.o
         0          0          8          0          0          0   qnan.o
       110          0          0          0          0        148   sqrt.o

    ----------------------------------------------------------------------
      8092        616        144          0         96       5868   Library Totals
        32          0          0          0          0          0   (incl. Padding)

    ----------------------------------------------------------------------

      Code (inc. data)   RO Data    RW Data    ZI Data      Debug   Library Name

       918         28          0          0         96       1228   c_w.l
      3380        248          0          0          0       3120   fz_wm.l
      3762        340        144          0          0       1520   m_wm.l

    ----------------------------------------------------------------------
      8092        616        144          0         96       5868   Library Totals

    ----------------------------------------------------------------------

==============================================================================


      Code (inc. data)   RO Data    RW Data    ZI Data      Debug   

     27944        876        680        156      21436     382515   Grand Totals
     27944        876        680        156      21436     382515   ELF Image Totals
     27944        876        680        156          0          0   ROM Totals

==============================================================================

    Total RO  Size (Code + RO Data)                28624 (  27.95kB)
    Total RW  Size (RW Data + ZI Data)             21592 (  21.09kB)
    Total ROM Size (Code + RO Data + RW Data)      28780 (  28.11kB)

==============================================================================

