Component: Arm Compiler for Embedded 6.19 Tool: armlink [5e73cb00]

==============================================================================

Section Cross References

    startup_stm32f407xx.o(STACK) refers (Special) to heapauxi.o(.text) for __use_two_region_memory
    startup_stm32f407xx.o(HEAP) refers (Special) to heapauxi.o(.text) for __use_two_region_memory
    startup_stm32f407xx.o(RESET) refers (Special) to heapauxi.o(.text) for __use_two_region_memory
    startup_stm32f407xx.o(RESET) refers to startup_stm32f407xx.o(STACK) for __initial_sp
    startup_stm32f407xx.o(RESET) refers to startup_stm32f407xx.o(.text) for Reset_Handler
    startup_stm32f407xx.o(RESET) refers to stm32f4xx_it.o(.text.NMI_Handler) for NMI_Handler
    startup_stm32f407xx.o(RESET) refers to stm32f4xx_it.o(.text.HardFault_Handler) for HardFault_Handler
    startup_stm32f407xx.o(RESET) refers to stm32f4xx_it.o(.text.MemManage_Handler) for MemManage_Handler
    startup_stm32f407xx.o(RESET) refers to stm32f4xx_it.o(.text.BusFault_Handler) for BusFault_Handler
    startup_stm32f407xx.o(RESET) refers to stm32f4xx_it.o(.text.UsageFault_Handler) for UsageFault_Handler
    startup_stm32f407xx.o(RESET) refers to port.o(.text.SVC_Handler) for SVC_Handler
    startup_stm32f407xx.o(RESET) refers to stm32f4xx_it.o(.text.DebugMon_Handler) for DebugMon_Handler
    startup_stm32f407xx.o(RESET) refers to port.o(.text.PendSV_Handler) for PendSV_Handler
    startup_stm32f407xx.o(RESET) refers to cmsis_os2.o(.text.SysTick_Handler) for SysTick_Handler
    startup_stm32f407xx.o(RESET) refers to stm32f4xx_it.o(.text.DMA1_Stream1_IRQHandler) for DMA1_Stream1_IRQHandler
    startup_stm32f407xx.o(RESET) refers to stm32f4xx_it.o(.text.CAN1_RX0_IRQHandler) for CAN1_RX0_IRQHandler
    startup_stm32f407xx.o(RESET) refers to stm32f4xx_it.o(.text.TIM6_DAC_IRQHandler) for TIM6_DAC_IRQHandler
    startup_stm32f407xx.o(.text) refers (Special) to heapauxi.o(.text) for __use_two_region_memory
    startup_stm32f407xx.o(.text) refers to system_stm32f4xx.o(.text.SystemInit) for SystemInit
    startup_stm32f407xx.o(.text) refers to __main.o(!!!main) for __main
    startup_stm32f407xx.o(.text) refers to startup_stm32f407xx.o(HEAP) for Heap_Mem
    startup_stm32f407xx.o(.text) refers to startup_stm32f407xx.o(STACK) for Stack_Mem
    main.o(.text.main) refers to stm32f4xx_hal.o(.text.HAL_Init) for HAL_Init
    main.o(.text.main) refers to main.o(.text.SystemClock_Config) for SystemClock_Config
    main.o(.text.main) refers to gpio.o(.text.MX_GPIO_Init) for MX_GPIO_Init
    main.o(.text.main) refers to dma.o(.text.MX_DMA_Init) for MX_DMA_Init
    main.o(.text.main) refers to can.o(.text.MX_CAN1_Init) for MX_CAN1_Init
    main.o(.text.main) refers to spi.o(.text.MX_SPI1_Init) for MX_SPI1_Init
    main.o(.text.main) refers to usart.o(.text.MX_USART3_UART_Init) for MX_USART3_UART_Init
    main.o(.text.main) refers to iwdg.o(.text.MX_IWDG_Init) for MX_IWDG_Init
    main.o(.text.main) refers to can.o(.bss.hcan1) for hcan1
    main.o(.text.main) refers to main.o(.data.filter_config) for filter_config
    main.o(.text.main) refers to stm32f4xx_hal_can.o(.text.HAL_CAN_ConfigFilter) for HAL_CAN_ConfigFilter
    main.o(.text.main) refers to stm32f4xx_hal_can.o(.text.HAL_CAN_Start) for HAL_CAN_Start
    main.o(.text.main) refers to stm32f4xx_hal_can.o(.text.HAL_CAN_ActivateNotification) for HAL_CAN_ActivateNotification
    main.o(.text.main) refers to bmi088.o(.text.bmi088_init) for bmi088_init
    main.o(.text.main) refers to init.o(.text.rc_init) for rc_init
    main.o(.text.main) refers to cmsis_os2.o(.text.osKernelInitialize) for osKernelInitialize
    main.o(.text.main) refers to freertos.o(.text.MX_FREERTOS_Init) for MX_FREERTOS_Init
    main.o(.text.main) refers to cmsis_os2.o(.text.osKernelStart) for osKernelStart
    main.o(.ARM.exidx.text.main) refers to main.o(.text.main) for [Anonymous Symbol]
    main.o(.text.SystemClock_Config) refers to stm32f4xx_hal_rcc.o(.text.HAL_RCC_OscConfig) for HAL_RCC_OscConfig
    main.o(.text.SystemClock_Config) refers to stm32f4xx_hal_rcc.o(.text.HAL_RCC_ClockConfig) for HAL_RCC_ClockConfig
    main.o(.ARM.exidx.text.SystemClock_Config) refers to main.o(.text.SystemClock_Config) for [Anonymous Symbol]
    main.o(.ARM.exidx.text.Error_Handler) refers to main.o(.text.Error_Handler) for [Anonymous Symbol]
    main.o(.text.HAL_TIM_PeriodElapsedCallback) refers to stm32f4xx_hal.o(.text.HAL_IncTick) for HAL_IncTick
    main.o(.ARM.exidx.text.HAL_TIM_PeriodElapsedCallback) refers to main.o(.text.HAL_TIM_PeriodElapsedCallback) for [Anonymous Symbol]
    gpio.o(.text.MX_GPIO_Init) refers to stm32f4xx_hal_gpio.o(.text.HAL_GPIO_WritePin) for HAL_GPIO_WritePin
    gpio.o(.text.MX_GPIO_Init) refers to stm32f4xx_hal_gpio.o(.text.HAL_GPIO_Init) for HAL_GPIO_Init
    gpio.o(.ARM.exidx.text.MX_GPIO_Init) refers to gpio.o(.text.MX_GPIO_Init) for [Anonymous Symbol]
[...]
    DMA2_Stream0_IRQHandler                  0x08000267   Thumb Code     0  startup_stm32f407xx.o(.text)
    DMA2_Stream1_IRQHandler                  0x08000267   Thumb Code     0  startup_stm32f407xx.o(.text)
    DMA2_Stream2_IRQHandler                  0x08000267   Thumb Code     0  startup_stm32f407xx.o(.text)
    DMA2_Stream3_IRQHandler                  0x08000267   Thumb Code     0  startup_stm32f407xx.o(.text)
    DMA2_Stream4_IRQHandler                  0x08000267   Thumb Code     0  startup_stm32f407xx.o(.text)
    DMA2_Stream5_IRQHandler                  0x08000267   Thumb Code     0  startup_stm32f407xx.o(.text)
    DMA2_Stream6_IRQHandler                  0x08000267   Thumb Code     0  startup_stm32f407xx.o(.text)
    DMA2_Stream7_IRQHandler                  0x08000267   Thumb Code     0  startup_stm32f407xx.o(.text)
    ETH_IRQHandler                           0x08000267   Thumb Code     0  startup_stm32f407xx.o(.text)
    ETH_WKUP_IRQHandler                      0x08000267   Thumb Code     0  startup_stm32f407xx.o(.text)
    EXTI0_IRQHandler                         0x08000267   Thumb Code     0  startup_stm32f407xx.o(.text)
    EXTI15_10_IRQHandler                     0x08000267   Thumb Code     0  startup_stm32f407xx.o(.text)
    EXTI1_IRQHandler                         0x08000267   Thumb Code     0  startup_stm32f407xx.o(.text)
    EXTI2_IRQHandler                         0x08000267   Thumb Code     0  startup_stm32f407xx.o(.text)
    EXTI3_IRQHandler                         0x08000267   Thumb Code     0  startup_stm32f407xx.o(.text)
    EXTI4_IRQHandler                         0x08000267   Thumb Code     0  startup_stm32f407xx.o(.text)
    EXTI9_5_IRQHandler                       0x08000267   Thumb Code     0  startup_stm32f407xx.o(.text)
    FLASH_IRQHandler                         0x08000267   Thumb Code     0  startup_stm32f407xx.o(.text)
    FMC_IRQHandler                           0x08000267   Thumb Code     0  startup_stm32f407xx.o(.text)
    FPU_IRQHandler                           0x08000267   Thumb Code     0  startup_stm32f407xx.o(.text)
    HASH_RNG_IRQHandler                      0x08000267   Thumb Code     0  startup_stm32f407xx.o(.text)
    I2C1_ER_IRQHandler                       0x08000267   Thumb Code     0  startup_stm32f407xx.o(.text)
    I2C1_EV_IRQHandler                       0x08000267   Thumb Code     0  startup_stm32f407xx.o(.text)
    I2C2_ER_IRQHandler                       0x08000267   Thumb Code     0  startup_stm32f407xx.o(.text)
    I2C2_EV_IRQHandler                       0x08000267   Thumb Code     0  startup_stm32f407xx.o(.text)
    I2C3_ER_IRQHandler                       0x08000267   Thumb Code     0  startup_stm32f407xx.o(.text)
    I2C3_EV_IRQHandler                       0x08000267   Thumb Code     0  startup_stm32f407xx.o(.text)
    OTG_FS_IRQHandler                        0x08000267   Thumb Code     0  startup_stm32f407xx.o(.text)
    OTG_FS_WKUP_IRQHandler                   0x08000267   Thumb Code     0  startup_stm32f407xx.o(.text)
    OTG_HS_EP1_IN_IRQHandler                 0x08000267   Thumb Code     0  startup_stm32f407xx.o(.text)
    OTG_HS_EP1_OUT_IRQHandler                0x08000267   Thumb Code     0  startup_stm32f407xx.o(.text)
    OTG_HS_IRQHandler                        0x08000267   Thumb Code     0  startup_stm32f407xx.o(.text)
    OTG_HS_WKUP_IRQHandler                   0x08000267   Thumb Code     0  startup_stm32f407xx.o(.text)
    PVD_IRQHandler                           0x08000267   Thumb Code     0  startup_stm32f407xx.o(.text)
    RCC_IRQHandler                           0x08000267   Thumb Code     0  startup_stm32f407xx.o(.text)
    RTC_Alarm_IRQHandler                     0x08000267   Thumb Code     0  startup_stm32f407xx.o(.text)
    RTC_WKUP_IRQHandler                      0x08000267   Thumb Code     0  startup_stm32f407xx.o(.text)
    SDIO_IRQHandler                          0x08000267   Thumb Code     0  startup_stm32f407xx.o(.text)
    SPI1_IRQHandler                          0x08000267   Thumb Code     0  startup_stm32f407xx.o(.text)
    SPI2_IRQHandler                          0x08000267   Thumb Code     0  startup_stm32f407xx.o(.text)
    SPI3_IRQHandler                          0x08000267   Thumb Code     0  startup_stm32f407xx.o(.text)
    TAMP_STAMP_IRQHandler                    0x08000267   Thumb Code     0  startup_stm32f407xx.o(.text)
    TIM1_BRK_TIM9_IRQHandler                 0x08000267   Thumb Code     0  startup_stm32f407xx.o(.text)
    TIM1_CC_IRQHandler                       0x08000267   Thumb Code     0  startup_stm32f407xx.o(.text)
    TIM1_TRG_COM_TIM11_IRQHandler            0x08000267   Thumb Code     0  startup_stm32f407xx.o(.text)
    TIM1_UP_TIM10_IRQHandler                 0x08000267   Thumb Code     0  startup_stm32f407xx.o(.text)
    TIM2_IRQHandler                          0x08000267   Thumb Code     0  startup_stm32f407xx.o(.text)
    TIM3_IRQHandler                          0x08000267   Thumb Code     0  startup_stm32f407xx.o(.text)
    TIM4_IRQHandler                          0x08000267   Thumb Code     0  startup_stm32f407xx.o(.text)
    TIM5_IRQHandler                          0x08000267   Thumb Code     0  startup_stm32f407xx.o(.text)
    TIM7_IRQHandler                          0x08000267   Thumb Code     0  startup_stm32f407xx.o(.text)
    TIM8_BRK_TIM12_IRQHandler                0x08000267   Thumb Code     0  startup_stm32f407xx.o(.text)
    TIM8_CC_IRQHandler                       0x08000267   Thumb Code     0  startup_stm32f407xx.o(.text)
    TIM8_TRG_COM_TIM14_IRQHandler            0x08000267   Thumb Code     0  startup_stm32f407xx.o(.text)
    TIM8_UP_TIM13_IRQHandler                 0x08000267   Thumb Code     0  startup_stm32f407xx.o(.text)
    UART4_IRQHandler                         0x08000267   Thumb Code     0  startup_stm32f407xx.o(.text)
    UART5_IRQHandler                         0x08000267   Thumb Code     0  startup_stm32f407xx.o(.text)
    USART1_IRQHandler                        0x08000267   Thumb Code     0  startup_stm32f407xx.o(.text)
    USART2_IRQHandler                        0x08000267   Thumb Code     0  startup_stm32f407xx.o(.text)
    USART3_IRQHandler                        0x08000267   Thumb Code     0  startup_stm32f407xx.o(.text)
    USART6_IRQHandler                        0x08000267   Thumb Code     0  startup_stm32f407xx.o(.text)
    WWDG_IRQHandler                          0x08000267   Thumb Code     0  startup_stm32f407xx.o(.text)
    __user_initial_stackheap                 0x08000269   Thumb Code     0  startup_stm32f407xx.o(.text)
    __aeabi_uldivmod                         0x0800028d   Thumb Code     0  lludivv7m.o(.text)
    _ll_udiv                                 0x0800028d   Thumb Code   240  lludivv7m.o(.text)
    __aeabi_memcpy                           0x0800037d   Thumb Code     0  rt_memcpy_v6.o(.text)
    __rt_memcpy                              0x0800037d   Thumb Code   138  rt_memcpy_v6.o(.text)
    _memcpy_lastbytes                        0x080003e3   Thumb Code     0  rt_memcpy_v6.o(.text)
    __aeabi_memset4                          0x08000407   Thumb Code    16  aeabi_memset4.o(.text)
    __aeabi_memset8                          0x08000407   Thumb Code     0  aeabi_memset4.o(.text)
    __aeabi_memclr4                          0x08000417   Thumb Code     0  rt_memclr_w.o(.text)
    __aeabi_memclr8                          0x08000417   Thumb Code     0  rt_memclr_w.o(.text)
    __rt_memclr_w                            0x08000417   Thumb Code     0  rt_memclr_w.o(.text)
    _memset_w                                0x0800041b   Thumb Code    74  rt_memclr_w.o(.text)
    __use_two_region_memory                  0x08000465   Thumb Code     2  heapauxi.o(.text)
    __rt_heap_escrow$2region                 0x08000467   Thumb Code     2  heapauxi.o(.text)
    __rt_heap_expand$2region                 0x08000469   Thumb Code     2  heapauxi.o(.text)
    __cpp_initialize__aeabi_                 0x0800046d   Thumb Code    28  init_aeabi.o(.text)
    __read_errno                             0x08000491   Thumb Code    10  _rserrno.o(.text)
    __set_errno                              0x0800049b   Thumb Code    12  _rserrno.o(.text)
    __aeabi_memcpy4                          0x080004a7   Thumb Code     0  rt_memcpy_w.o(.text)
    __aeabi_memcpy8                          0x080004a7   Thumb Code     0  rt_memcpy_w.o(.text)
    __rt_memcpy_w                            0x080004a7   Thumb Code   100  rt_memcpy_w.o(.text)
    _memcpy_lastbytes_aligned                0x080004ef   Thumb Code     0  rt_memcpy_w.o(.text)
    __aeabi_errno_addr                       0x0800050d   Thumb Code     8  rt_errno_addr_intlibspace.o(.text)
    __errno$intlibspace                      0x0800050d   Thumb Code     0  rt_errno_addr_intlibspace.o(.text)
    __rt_errno_addr$intlibspace              0x0800050d   Thumb Code     0  rt_errno_addr_intlibspace.o(.text)
    __user_libspace                          0x08000515   Thumb Code     8  libspace.o(.text)
    __user_perproc_libspace                  0x08000515   Thumb Code     0  libspace.o(.text)
    __user_perthread_libspace                0x08000515   Thumb Code     0  libspace.o(.text)
    __user_setup_stackheap                   0x0800051d   Thumb Code    74  sys_stackheap_outer.o(.text)
    exit                                     0x08000567   Thumb Code    18  exit.o(.text)
    _sys_exit                                0x08000579   Thumb Code     8  sys_exit.o(.text)
    __I$use$semihosting                      0x08000585   Thumb Code     0  use_no_semi.o(.text)
    __use_no_semihosting_swi                 0x08000585   Thumb Code     2  use_no_semi.o(.text)
    __semihosting_library_function           0x08000587   Thumb Code     0  indicate_semi.o(.text)
    BusFault_Handler                         0x08000589   Thumb Code     2  stm32f4xx_it.o(.text.BusFault_Handler)
    CAN1_RX0_IRQHandler                      0x0800058d   Thumb Code    12  stm32f4xx_it.o(.text.CAN1_RX0_IRQHandler)
    DMA1_Stream1_IRQHandler                  0x08000599   Thumb Code    12  stm32f4xx_it.o(.text.DMA1_Stream1_IRQHandler)
    DebugMon_Handler                         0x080005a5   Thumb Code     2  stm32f4xx_it.o(.text.DebugMon_Handler)
    Error_Handler                            0x080005a9   Thumb Code     6  main.o(.text.Error_Handler)
    HAL_CAN_ActivateNotification             0x080005b1   Thumb Code    46  stm32f4xx_hal_can.o(.text.HAL_CAN_ActivateNotification)
    HAL_CAN_AddTxMessage                     0x080005e1   Thumb Code   168  stm32f4xx_hal_can.o(.text.HAL_CAN_AddTxMessage)
    HAL_CAN_ConfigFilter                     0x08000689   Thumb Code   222  stm32f4xx_hal_can.o(.text.HAL_CAN_ConfigFilter)
    HAL_CAN_ErrorCallback                    0x08000769   Thumb Code     2  stm32f4xx_hal_can.o(.text.HAL_CAN_ErrorCallback)
    HAL_CAN_GetRxMessage                     0x0800076d   Thumb Code   308  stm32f4xx_hal_can.o(.text.HAL_CAN_GetRxMessage)
    HAL_CAN_IRQHandler                       0x080008a1   Thumb Code   606  stm32f4xx_hal_can.o(.text.HAL_CAN_IRQHandler)
    HAL_CAN_Init                             0x08000b01   Thumb Code   244  stm32f4xx_hal_can.o(.text.HAL_CAN_Init)
    HAL_CAN_MspInit                          0x08000bf5   Thumb Code   120  can.o(.text.HAL_CAN_MspInit)
    HAL_CAN_RxFifo0FullCallback              0x08000c6d   Thumb Code     2  stm32f4xx_hal_can.o(.text.HAL_CAN_RxFifo0FullCallback)
    HAL_CAN_RxFifo0MsgPendingCallback        0x08000c71   Thumb Code   120  callback.o(.text.HAL_CAN_RxFifo0MsgPendingCallback)
    HAL_CAN_RxFifo1FullCallback              0x08000ce9   Thumb Code     2  stm32f4xx_hal_can.o(.text.HAL_CAN_RxFifo1FullCallback)
    HAL_CAN_RxFifo1MsgPendingCallback        0x08000ced   Thumb Code     2  stm32f4xx_hal_can.o(.text.HAL_CAN_RxFifo1MsgPendingCallback)
    HAL_CAN_SleepCallback                    0x08000cf1   Thumb Code     2  stm32f4xx_hal_can.o(.text.HAL_CAN_SleepCallback)
    HAL_CAN_Start                            0x08000cf5   Thumb Code    90  stm32f4xx_hal_can.o(.text.HAL_CAN_Start)
    HAL_CAN_TxMailbox0AbortCallback          0x08000d51   Thumb Code     2  stm32f4xx_hal_can.o(.text.HAL_CAN_TxMailbox0AbortCallback)
    HAL_CAN_TxMailbox0CompleteCallback       0x08000d55   Thumb Code     2  stm32f4xx_hal_can.o(.text.HAL_CAN_TxMailbox0CompleteCallback)
    HAL_CAN_TxMailbox1AbortCallback          0x08000d59   Thumb Code     2  stm32f4xx_hal_can.o(.text.HAL_CAN_TxMailbox1AbortCallback)
    HAL_CAN_TxMailbox1CompleteCallback       0x08000d5d   Thumb Code     2  stm32f4xx_hal_can.o(.text.HAL_CAN_TxMailbox1CompleteCallback)
    HAL_CAN_TxMailbox2AbortCallback          0x08000d61   Thumb Code     2  stm32f4xx_hal_can.o(.text.HAL_CAN_TxMailbox2AbortCallback)
    HAL_CAN_TxMailbox2CompleteCallback       0x08000d65   Thumb Code     2  stm32f4xx_hal_can.o(.text.HAL_CAN_TxMailbox2CompleteCallback)
    HAL_CAN_WakeUpFromRxMsgCallback          0x08000d69   Thumb Code     2  stm32f4xx_hal_can.o(.text.HAL_CAN_WakeUpFromRxMsgCallback)
    HAL_DMA_IRQHandler                       0x08000d6d   Thumb Code   448  stm32f4xx_hal_dma.o(.text.HAL_DMA_IRQHandler)
    HAL_DMA_Init                             0x08000f2d   Thumb Code   354  stm32f4xx_hal_dma.o(.text.HAL_DMA_Init)
    HAL_DMA_Start_IT                         0x08001091   Thumb Code   158  stm32f4xx_hal_dma.o(.text.HAL_DMA_Start_IT)
    HAL_Delay                                0x08001131   Thumb Code    40  stm32f4xx_hal.o(.text.HAL_Delay)
    HAL_GPIO_Init                            0x08001159   Thumb Code   422  stm32f4xx_hal_gpio.o(.text.HAL_GPIO_Init)
    HAL_GPIO_WritePin                        0x08001301   Thumb Code    10  stm32f4xx_hal_gpio.o(.text.HAL_GPIO_WritePin)
    HAL_GetTick                              0x0800130d   Thumb Code    12  stm32f4xx_hal.o(.text.HAL_GetTick)
    HAL_IWDG_Init                            0x08001319   Thumb Code    92  stm32f4xx_hal_iwdg.o(.text.HAL_IWDG_Init)
    HAL_IWDG_Refresh                         0x08001375   Thumb Code    12  stm32f4xx_hal_iwdg.o(.text.HAL_IWDG_Refresh)
    HAL_IncTick                              0x08001381   Thumb Code    26  stm32f4xx_hal.o(.text.HAL_IncTick)
    HAL_Init                                 0x0800139d   Thumb Code    54  stm32f4xx_hal.o(.text.HAL_Init)
    HAL_InitTick                             0x080013d5   Thumb Code   188  stm32f4xx_hal_timebase_tim.o(.text.HAL_InitTick)
    HAL_MspInit                              0x08001491   Thumb Code    66  stm32f4xx_hal_msp.o(.text.HAL_MspInit)
    HAL_NVIC_EnableIRQ                       0x080014d5   Thumb Code    38  stm32f4xx_hal_cortex.o(.text.HAL_NVIC_EnableIRQ)
    HAL_NVIC_SetPriority                     0x080014fd   Thumb Code    86  stm32f4xx_hal_cortex.o(.text.HAL_NVIC_SetPriority)
    HAL_NVIC_SetPriorityGrouping             0x08001555   Thumb Code    32  stm32f4xx_hal_cortex.o(.text.HAL_NVIC_SetPriorityGrouping)
    HAL_RCC_ClockConfig                      0x08001575   Thumb Code   352  stm32f4xx_hal_rcc.o(.text.HAL_RCC_ClockConfig)
    HAL_RCC_GetClockConfig                   0x080016d5   Thumb Code    62  stm32f4xx_hal_rcc.o(.text.HAL_RCC_GetClockConfig)
    HAL_RCC_GetPCLK1Freq                     0x08001715   Thumb Code    38  stm32f4xx_hal_rcc.o(.text.HAL_RCC_GetPCLK1Freq)
    HAL_RCC_GetPCLK2Freq                     0x0800173d   Thumb Code    38  stm32f4xx_hal_rcc.o(.text.HAL_RCC_GetPCLK2Freq)
    HAL_RCC_GetSysClockFreq                  0x08001765   Thumb Code   106  stm32f4xx_hal_rcc.o(.text.HAL_RCC_GetSysClockFreq)
    HAL_RCC_OscConfig                        0x080017d1   Thumb Code   884  stm32f4xx_hal_rcc.o(.text.HAL_RCC_OscConfig)
    HAL_SPI_GetState                         0x08001b45   Thumb Code     6  stm32f4xx_hal_spi.o(.text.HAL_SPI_GetState)
    HAL_SPI_Init                             0x08001b4d   Thumb Code   180  stm32f4xx_hal_spi.o(.text.HAL_SPI_Init)
    HAL_SPI_MspInit                          0x08001c01   Thumb Code   162  spi.o(.text.HAL_SPI_MspInit)
    HAL_SPI_Receive                          0x08001ca5   Thumb Code   512  stm32f4xx_hal_spi.o(.text.HAL_SPI_Receive)
    HAL_SPI_Transmit                         0x08001ea5   Thumb Code   634  stm32f4xx_hal_spi.o(.text.HAL_SPI_Transmit)
    HAL_SPI_TransmitReceive                  0x08002121   Thumb Code   846  stm32f4xx_hal_spi.o(.text.HAL_SPI_TransmitReceive)
    HAL_TIMEx_BreakCallback                  0x08002471   Thumb Code     2  stm32f4xx_hal_tim_ex.o(.text.HAL_TIMEx_BreakCallback)
    HAL_TIMEx_CommutCallback                 0x08002475   Thumb Code     2  stm32f4xx_hal_tim_ex.o(.text.HAL_TIMEx_CommutCallback)
    HAL_TIM_Base_Init                        0x08002479   Thumb Code    90  stm32f4xx_hal_tim.o(.text.HAL_TIM_Base_Init)
    HAL_TIM_Base_MspInit                     0x080024d5   Thumb Code     2  stm32f4xx_hal_tim.o(.text.HAL_TIM_Base_MspInit)
    HAL_TIM_Base_Start_IT                    0x080024d9   Thumb Code   170  stm32f4xx_hal_tim.o(.text.HAL_TIM_Base_Start_IT)
    HAL_TIM_IC_CaptureCallback               0x08002585   Thumb Code     2  stm32f4xx_hal_tim.o(.text.HAL_TIM_IC_CaptureCallback)
    HAL_TIM_IRQHandler                       0x08002589   Thumb Code   334  stm32f4xx_hal_tim.o(.text.HAL_TIM_IRQHandler)
    HAL_TIM_OC_DelayElapsedCallback          0x080026d9   Thumb Code     2  stm32f4xx_hal_tim.o(.text.HAL_TIM_OC_DelayElapsedCallback)
    HAL_TIM_PWM_PulseFinishedCallback        0x080026dd   Thumb Code     2  stm32f4xx_hal_tim.o(.text.HAL_TIM_PWM_PulseFinishedCallback)
    HAL_TIM_PeriodElapsedCallback            0x080026e1   Thumb Code    20  main.o(.text.HAL_TIM_PeriodElapsedCallback)
    HAL_TIM_TriggerCallback                  0x080026f5   Thumb Code     2  stm32f4xx_hal_tim.o(.text.HAL_TIM_TriggerCallback)
    HAL_UARTEx_ReceiveToIdle_DMA             0x080026f9   Thumb Code   490  stm32f4xx_hal_uart.o(.text.HAL_UARTEx_ReceiveToIdle_DMA)
    HAL_UARTEx_RxEventCallback               0x080028e5   Thumb Code    60  callback.o(.text.HAL_UARTEx_RxEventCallback)
    HAL_UART_ErrorCallback                   0x08002921   Thumb Code     2  stm32f4xx_hal_uart.o(.text.HAL_UART_ErrorCallback)
    HAL_UART_Init                            0x08002925   Thumb Code    96  stm32f4xx_hal_uart.o(.text.HAL_UART_Init)
    HAL_UART_MspInit                         0x08002985   Thumb Code   168  usart.o(.text.HAL_UART_MspInit)
    HAL_UART_RxCpltCallback                  0x08002a2d   Thumb Code     2  stm32f4xx_hal_uart.o(.text.HAL_UART_RxCpltCallback)
    HAL_UART_RxHalfCpltCallback              0x08002a31   Thumb Code     2  stm32f4xx_hal_uart.o(.text.HAL_UART_RxHalfCpltCallback)
    HardFault_Handler                        0x08002a35   Thumb Code     2  stm32f4xx_it.o(.text.HardFault_Handler)
    MX_CAN1_Init                             0x08002a39   Thumb Code    64  can.o(.text.MX_CAN1_Init)
    MX_DMA_Init                              0x08002a79   Thumb Code    56  dma.o(.text.MX_DMA_Init)
    MX_FREERTOS_Init                         0x08002ab1   Thumb Code    40  freertos.o(.text.MX_FREERTOS_Init)
    MX_GPIO_Init                             0x08002ad9   Thumb Code   198  gpio.o(.text.MX_GPIO_Init)
    MX_IWDG_Init                             0x08002ba1   Thumb Code    46  iwdg.o(.text.MX_IWDG_Init)
    MX_SPI1_Init                             0x08002bd1   Thumb Code    82  spi.o(.text.MX_SPI1_Init)
    MX_USART3_UART_Init                      0x08002c25   Thumb Code    72  usart.o(.text.MX_USART3_UART_Init)
    MemManage_Handler                        0x08002c6d   Thumb Code     2  stm32f4xx_it.o(.text.MemManage_Handler)
    NMI_Handler                              0x08002c71   Thumb Code     2  stm32f4xx_it.o(.text.NMI_Handler)
    PendSV_Handler                           0x08002c81   Thumb Code   100  port.o(.text.PendSV_Handler)
    SVC_Handler                              0x08002e11   Thumb Code    36  port.o(.text.SVC_Handler)
    StartDefaultTask                         0x08002e35   Thumb Code     8  freertos.o(.text.StartDefaultTask)
    SysTick_Handler                          0x08002e3d   Thumb Code    30  cmsis_os2.o(.text.SysTick_Handler)
    SystemClock_Config                       0x08002e5d   Thumb Code   172  main.o(.text.SystemClock_Config)
    SystemInit                               0x08002f09   Thumb Code    18  system_stm32f4xx.o(.text.SystemInit)
    TIM6_DAC_IRQHandler                      0x08002f1d   Thumb Code    12  stm32f4xx_it.o(.text.TIM6_DAC_IRQHandler)
    TIM_Base_SetConfig                       0x08002f29   Thumb Code   322  stm32f4xx_hal_tim.o(.text.TIM_Base_SetConfig)
    UsageFault_Handler                       0x08003451   Thumb Code     2  stm32f4xx_it.o(.text.UsageFault_Handler)
    motor_task(void*)                        0x08003631   Thumb Code   120  user_task.o(.text._Z10motor_taskPv)
    rc_task(void*)                           0x080036a9   Thumb Code   176  user_task.o(.text._Z7rc_taskPv)
    imu_task(void*)                          0x08003759   Thumb Code    28  user_task.o(.text._Z8imu_taskPv)
    ctrl_task(void*)                         0x08003775   Thumb Code    24  user_task.o(.text._Z9ctrl_taskPv)
    GM6020Motor::read_RxMsg(unsigned char const*) 0x0800378d   Thumb Code   460  motor.o(.text._ZN11GM6020Motor10read_RxMsgEPKh)
    GM6020Motor::write_TxMsg(unsigned char*) 0x08003959   Thumb Code    44  motor.o(.text._ZN11GM6020Motor11write_TxMsgEPh)
    GM6020Motor::handle()                    0x08003989   Thumb Code   640  motor.o(.text._ZN11GM6020Motor6handleEv)
    GM6020Motor::SetAngle(float, float, float) 0x08003c09   Thumb Code    16  motor.o(.text._ZN11GM6020Motor8SetAngleEfff)
    RC::handle(int)                          0x08003c19   Thumb Code   808  remotecontroller.o(.text._ZN2RC6handleEi)
    IMU::gyro_calculate()                    0x08003f41   Thumb Code   224  imu.o(.text._ZN3IMU14gyro_calculateEv)
    IMU::accel_calculate()                   0x08004021   Thumb Code   168  imu.o(.text._ZN3IMU15accel_calculateEv)
    PID::set_out_max(float)                  0x080040c9   Thumb Code    28  pid.o(.text._ZN3PID11set_out_maxEf)
    PID::calc(float, float)                  0x080040e5   Thumb Code   316  pid.o(.text._ZN3PID4calcEff)
    bmi088_accel_read_reg                    0x08004221   Thumb Code   112  bmi088.o(.text.bmi088_accel_read_reg)
    bmi088_gyro_read_reg                     0x08004291   Thumb Code   112  bmi088.o(.text.bmi088_gyro_read_reg)
    bmi088_init                              0x08004301   Thumb Code   238  bmi088.o(.text.bmi088_init)
    main                                     0x080043f1   Thumb Code    90  main.o(.text.main)
    osDelay                                  0x0800444d   Thumb Code    32  cmsis_os2.o(.text.osDelay)
    osKernelGetTickCount                     0x0800446d   Thumb Code    16  cmsis_os2.o(.text.osKernelGetTickCount)
    osKernelInitialize                       0x0800447d   Thumb Code    40  cmsis_os2.o(.text.osKernelInitialize)
    osKernelStart                            0x080044a5   Thumb Code    60  cmsis_os2.o(.text.osKernelStart)
    osSemaphoreAcquire                       0x080044e1   Thumb Code   108  cmsis_os2.o(.text.osSemaphoreAcquire)
    osSemaphoreNew                           0x0800454d   Thumb Code   184  cmsis_os2.o(.text.osSemaphoreNew)
    osSemaphoreRelease                       0x08004605   Thumb Code   100  cmsis_os2.o(.text.osSemaphoreRelease)
    osThreadNew                              0x08004669   Thumb Code   174  cmsis_os2.o(.text.osThreadNew)
    pvPortMalloc                             0x08004fbd   Thumb Code   522  heap_4.o(.text.pvPortMalloc)
    pvTaskIncrementMutexHeldCount            0x080051c9   Thumb Code    24  tasks.o(.text.pvTaskIncrementMutexHeldCount)
    pxPortInitialiseStack                    0x080051e1   Thumb Code    40  port.o(.text.pxPortInitialiseStack)
    rc_init                                  0x08005209   Thumb Code    26  init.o(.text.rc_init)
    user_task_init                           0x08005225   Thumb Code   116  user_task.o(.text.user_task_init)
    uxListRemove                             0x08005299   Thumb Code    36  list.o(.text.uxListRemove)
    vApplicationGetIdleTaskMemory            0x080052bd   Thumb Code    26  cmsis_os2.o(.text.vApplicationGetIdleTaskMemory)
    vApplicationGetTimerTaskMemory           0x080052d9   Thumb Code    28  cmsis_os2.o(.text.vApplicationGetTimerTaskMemory)
    vListInitialise                          0x080052f5   Thumb Code    22  list.o(.text.vListInitialise)
    vListInitialiseItem                      0x0800530d   Thumb Code     6  list.o(.text.vListInitialiseItem)
    vListInsert                              0x08005315   Thumb Code    98  list.o(.text.vListInsert)
    vListInsertEnd                           0x08005379   Thumb Code    28  list.o(.text.vListInsertEnd)
    vPortEnterCritical                       0x080053a9   Thumb Code    70  port.o(.text.vPortEnterCritical)
    vPortExitCritical                        0x080053f1   Thumb Code    46  port.o(.text.vPortExitCritical)
    vPortFree                                0x08005421   Thumb Code   212  heap_4.o(.text.vPortFree)
    vPortSetupTimerInterrupt                 0x080054f5   Thumb Code    52  port.o(.text.vPortSetupTimerInterrupt)
    vPortValidateInterruptPriority           0x08005529   Thumb Code    94  port.o(.text.vPortValidateInterruptPriority)
    vQueueAddToRegistry                      0x08005589   Thumb Code   176  queue.o(.text.vQueueAddToRegistry)
    vQueueDelete                             0x08005639   Thumb Code   168  queue.o(.text.vQueueDelete)
    vQueueWaitForMessageRestricted           0x080056e1   Thumb Code    82  queue.o(.text.vQueueWaitForMessageRestricted)
    vTaskDelay                               0x08005735   Thumb Code   128  tasks.o(.text.vTaskDelay)
    vTaskInternalSetTimeOutState             0x080057b5   Thumb Code    18  tasks.o(.text.vTaskInternalSetTimeOutState)
    vTaskMissedYield                         0x080057c9   Thumb Code    14  tasks.o(.text.vTaskMissedYield)
    vTaskPlaceOnEventList                    0x080057d9   Thumb Code   116  tasks.o(.text.vTaskPlaceOnEventList)
    vTaskPlaceOnEventListRestricted          0x0800584d   Thumb Code   122  tasks.o(.text.vTaskPlaceOnEventListRestricted)
    vTaskPriorityDisinheritAfterTimeout      0x080058c9   Thumb Code   162  tasks.o(.text.vTaskPriorityDisinheritAfterTimeout)
    vTaskStartScheduler                      0x0800596d   Thumb Code   232  tasks.o(.text.vTaskStartScheduler)
    vTaskSuspendAll                          0x08005a5d   Thumb Code    16  tasks.o(.text.vTaskSuspendAll)
    vTaskSwitchContext                       0x08005a6d   Thumb Code   188  tasks.o(.text.vTaskSwitchContext)
    xPortStartScheduler                      0x08005b29   Thumb Code   388  port.o(.text.xPortStartScheduler)
    xPortSysTickHandler                      0x08005cad   Thumb Code    46  port.o(.text.xPortSysTickHandler)
    xQueueCreateCountingSemaphore            0x08005cdd   Thumb Code    68  queue.o(.text.xQueueCreateCountingSemaphore)
    xQueueCreateCountingSemaphoreStatic      0x08005d21   Thumb Code   194  queue.o(.text.xQueueCreateCountingSemaphoreStatic)
    xQueueGenericCreate                      0x08005de5   Thumb Code   134  queue.o(.text.xQueueGenericCreate)
    xQueueGenericCreateStatic                0x08005e6d   Thumb Code   222  queue.o(.text.xQueueGenericCreateStatic)
    xQueueGenericSend                        0x08005f4d   Thumb Code   554  queue.o(.text.xQueueGenericSend)
    xQueueGiveFromISR                        0x08006179   Thumb Code   200  queue.o(.text.xQueueGiveFromISR)
    xQueueReceive                            0x08006241   Thumb Code   418  queue.o(.text.xQueueReceive)
    xQueueReceiveFromISR                     0x080063e5   Thumb Code   228  queue.o(.text.xQueueReceiveFromISR)
    xQueueSemaphoreTake                      0x080064c9   Thumb Code   474  queue.o(.text.xQueueSemaphoreTake)
    xTaskCheckForTimeOut                     0x080066a5   Thumb Code   162  tasks.o(.text.xTaskCheckForTimeOut)
    xTaskCreate                              0x08006749   Thumb Code    96  tasks.o(.text.xTaskCreate)
    xTaskCreateStatic                        0x080067a9   Thumb Code   118  tasks.o(.text.xTaskCreateStatic)
    xTaskGetSchedulerState                   0x08006821   Thumb Code    30  tasks.o(.text.xTaskGetSchedulerState)
    xTaskGetTickCount                        0x08006841   Thumb Code    12  tasks.o(.text.xTaskGetTickCount)
    xTaskGetTickCountFromISR                 0x0800684d   Thumb Code    18  tasks.o(.text.xTaskGetTickCountFromISR)
    xTaskIncrementTick                       0x08006861   Thumb Code   260  tasks.o(.text.xTaskIncrementTick)
    xTaskPriorityDisinherit                  0x08006965   Thumb Code   138  tasks.o(.text.xTaskPriorityDisinherit)
    xTaskPriorityInherit                     0x080069f1   Thumb Code   146  tasks.o(.text.xTaskPriorityInherit)
    xTaskRemoveFromEventList                 0x08006a85   Thumb Code   114  tasks.o(.text.xTaskRemoveFromEventList)
    xTaskResumeAll                           0x08006af9   Thumb Code   238  tasks.o(.text.xTaskResumeAll)
    xTimerCreateTimerTask                    0x08006be9   Thumb Code   172  timers.o(.text.xTimerCreateTimerTask)
    __ARM_fpclassify                         0x08006c9d   Thumb Code    48  fpclassify.o(i.__ARM_fpclassify)
    __hardfp_pow                             0x08006cd1   Thumb Code  3088  pow.o(i.__hardfp_pow)
    __kernel_poly                            0x08007931   Thumb Code   248  poly.o(i.__kernel_poly)
    __mathlib_dbl_divzero                    0x08007a29   Thumb Code    28  dunder.o(i.__mathlib_dbl_divzero)
    __mathlib_dbl_infnan2                    0x08007a59   Thumb Code    20  dunder.o(i.__mathlib_dbl_infnan2)
    __mathlib_dbl_invalid                    0x08007a71   Thumb Code    24  dunder.o(i.__mathlib_dbl_invalid)
    __mathlib_dbl_overflow                   0x08007a91   Thumb Code    24  dunder.o(i.__mathlib_dbl_overflow)
    __mathlib_dbl_underflow                  0x08007ab1   Thumb Code    24  dunder.o(i.__mathlib_dbl_underflow)
    fabs                                     0x08007ad1   Thumb Code    24  fabs.o(i.fabs)
    sqrt                                     0x08007ae9   Thumb Code   110  sqrt.o(i.sqrt)
    __aeabi_dneg                             0x08007b57   Thumb Code     0  basic.o(x$fpl$basic)
    _dneg                                    0x08007b57   Thumb Code     6  basic.o(x$fpl$basic)
    __aeabi_fneg                             0x08007b5d   Thumb Code     0  basic.o(x$fpl$basic)
    _fneg                                    0x08007b5d   Thumb Code     6  basic.o(x$fpl$basic)
    _dabs                                    0x08007b63   Thumb Code     6  basic.o(x$fpl$basic)
    _fabs                                    0x08007b69   Thumb Code     6  basic.o(x$fpl$basic)
    __aeabi_d2f                              0x08007b71   Thumb Code     0  d2f.o(x$fpl$d2f)
    _d2f                                     0x08007b71   Thumb Code    98  d2f.o(x$fpl$d2f)
    __aeabi_dadd                             0x08007bd5   Thumb Code     0  daddsub_clz.o(x$fpl$dadd)
    _dadd                                    0x08007bd5   Thumb Code   332  daddsub_clz.o(x$fpl$dadd)
    __fpl_dcheck_NaN1                        0x08007d25   Thumb Code    10  dcheck1.o(x$fpl$dcheck1)
    __fpl_dcmp_Inf                           0x08007d35   Thumb Code    24  dcmpi.o(x$fpl$dcmpinf)
    __aeabi_ddiv                             0x08007d4d   Thumb Code     0  ddiv.o(x$fpl$ddiv)
    _ddiv                                    0x08007d4d   Thumb Code   556  ddiv.o(x$fpl$ddiv)
    __aeabi_cdcmpeq                          0x08008001   Thumb Code     0  deqf.o(x$fpl$deqf)
    _dcmpeq                                  0x08008001   Thumb Code   120  deqf.o(x$fpl$deqf)
    __aeabi_i2d                              0x08008079   Thumb Code     0  dflt_clz.o(x$fpl$dflt)
    _dflt                                    0x08008079   Thumb Code    46  dflt_clz.o(x$fpl$dflt)
    __aeabi_cdcmpge                          0x080080a9   Thumb Code     0  dgeqf.o(x$fpl$dgeqf)
    _dcmpge                                  0x080080a9   Thumb Code   120  dgeqf.o(x$fpl$dgeqf)
    __aeabi_cdcmple                          0x08008121   Thumb Code     0  dleqf.o(x$fpl$dleqf)
    _dcmple                                  0x08008121   Thumb Code   120  dleqf.o(x$fpl$dleqf)
    __fpl_dcmple_InfNaN                      0x08008183   Thumb Code     0  dleqf.o(x$fpl$dleqf)
    __aeabi_dmul                             0x08008199   Thumb Code     0  dmul.o(x$fpl$dmul)
    _dmul                                    0x08008199   Thumb Code   332  dmul.o(x$fpl$dmul)
    __fpl_dnaninf                            0x080082ed   Thumb Code   156  dnaninf.o(x$fpl$dnaninf)
    __fpl_dretinf                            0x08008389   Thumb Code    12  dretinf.o(x$fpl$dretinf)
    __aeabi_cdrcmple                         0x08008395   Thumb Code     0  drleqf.o(x$fpl$drleqf)
    _drcmple                                 0x08008395   Thumb Code   108  drleqf.o(x$fpl$drleqf)
    __aeabi_drsub                            0x08008401   Thumb Code     0  daddsub_clz.o(x$fpl$drsb)
    _drsb                                    0x08008401   Thumb Code    22  daddsub_clz.o(x$fpl$drsb)
    _dsqrt                                   0x08008419   Thumb Code   404  dsqrt_umaal.o(x$fpl$dsqrt)
    __aeabi_dsub                             0x080085b1   Thumb Code     0  daddsub_clz.o(x$fpl$dsub)
    _dsub                                    0x080085b1   Thumb Code   472  daddsub_clz.o(x$fpl$dsub)
    __aeabi_f2d                              0x0800878d   Thumb Code     0  f2d.o(x$fpl$f2d)
    _f2d                                     0x0800878d   Thumb Code    86  f2d.o(x$fpl$f2d)
    __aeabi_dcmpeq                           0x080087e3   Thumb Code     0  dcmp.o(x$fpl$fcmp)
    _deq                                     0x080087e3   Thumb Code    14  dcmp.o(x$fpl$fcmp)
    _dneq                                    0x080087f1   Thumb Code    14  dcmp.o(x$fpl$fcmp)
    __aeabi_dcmpgt                           0x080087ff   Thumb Code     0  dcmp.o(x$fpl$fcmp)
    _dgr                                     0x080087ff   Thumb Code    14  dcmp.o(x$fpl$fcmp)
    __aeabi_dcmpge                           0x0800880d   Thumb Code     0  dcmp.o(x$fpl$fcmp)
    _dgeq                                    0x0800880d   Thumb Code    14  dcmp.o(x$fpl$fcmp)
    __aeabi_dcmple                           0x0800881b   Thumb Code     0  dcmp.o(x$fpl$fcmp)
    _dleq                                    0x0800881b   Thumb Code    14  dcmp.o(x$fpl$fcmp)
    __aeabi_dcmplt                           0x08008829   Thumb Code     0  dcmp.o(x$fpl$fcmp)
    _dls                                     0x08008829   Thumb Code    14  dcmp.o(x$fpl$fcmp)
    __fpl_fnaninf                            0x08008837   Thumb Code   140  fnaninf.o(x$fpl$fnaninf)
    _fp_init                                 0x080088c3   Thumb Code    26  fpinit.o(x$fpl$fpinit)
    __fplib_config_fpu_vfp                   0x080088db   Thumb Code     0  fpinit.o(x$fpl$fpinit)
    __fplib_config_pureend_doubles           0x080088db   Thumb Code     0  fpinit.o(x$fpl$fpinit)
    __fpl_fretinf                            0x080088dd   Thumb Code    10  fretinf.o(x$fpl$fretinf)
    __fpl_return_NaN                         0x080088e7   Thumb Code   100  retnan.o(x$fpl$retnan)
    __ARM_scalbn                             0x0800894b   Thumb Code    92  scalbn.o(x$fpl$scalbn)
    __fpl_cmpreturn                          0x080089a7   Thumb Code    48  trapv.o(x$fpl$trapveneer)
    __I$use$fp                               0x080089d6   Number         0  usenofp.o(x$fpl$usenofp)
    __mathlib_zero                           0x08008a60   Data           8  qnan.o(.constdata)
    AHBPrescTable                            0x08008a68   Data          16  system_stm32f4xx.o(.rodata.AHBPrescTable)
    APBPrescTable                            0x08008a78   Data           8  system_stm32f4xx.o(.rodata.APBPrescTable)
    defaultTask_attributes                   0x08008a88   Data          36  freertos.o(.rodata.defaultTask_attributes)
    Region$$Table$$Base                      0x08008af0   Number         0  anon$$obj.o(Region$$Table)
    Region$$Table$$Limit                     0x08008b10   Number         0  anon$$obj.o(Region$$Table)
    SHT$$INIT_ARRAY$$Base                    0x08008b10   Number         0  motor.o(.init_array)
    SHT$$INIT_ARRAY$$Limit                   0x08008b14   Number         0  init_aeabi.o(.init_array)
    uwTickFreq                               0x20000000   Data           1  stm32f4xx_hal.o(.data..L_MergedGlobals)
    uwTickPrio                               0x20000004   Data           4  stm32f4xx_hal.o(.data..L_MergedGlobals)
    rc_semaphore_attr                        0x20000008   Data          16  user_task.o(.data..L_MergedGlobals)
    motor_task_attr                          0x20000018   Data          36  user_task.o(.data..L_MergedGlobals)
    imu_task_attr                            0x2000003c   Data          36  user_task.o(.data..L_MergedGlobals)
    rc_task_attr                             0x20000060   Data          36  user_task.o(.data..L_MergedGlobals)
    SystemCoreClock                          0x20000084   Data           4  system_stm32f4xx.o(.data.SystemCoreClock)
    ctrl_task_attr                           0x20000088   Data          36  user_task.o(.data.ctrl_task_attr)
    filter_config                            0x200000ac   Data          40  main.o(.data.filter_config)
    rc                                       0x200000d4   Data         128  remotecontroller.o(.data.rc)
    stop_flag                                0x20000154   Data           4  user_task.o(.data.stop_flag)
    tx_header                                0x20000158   Data          24  main.o(.data.tx_header)
    __libspace_start                         0x20000178   Data          96  libspace.o(.bss)
    __temporary_stack_top$libspace           0x200001d8   Data           0  libspace.o(.bss)
    pxCurrentTCB                             0x200001d8   Data           4  tasks.o(.bss..L_MergedGlobals)
    motor_task_handle                        0x200002dc   Data           4  user_task.o(.bss..L_MergedGlobals.6)
    imu_task_handle                          0x200002e0   Data           4  user_task.o(.bss..L_MergedGlobals.6)
    rc_semaphore_handle                      0x200002e4   Data           4  user_task.o(.bss..L_MergedGlobals.6)
    rc_task_handle                           0x200002e8   Data           4  user_task.o(.bss..L_MergedGlobals.6)
    ctrl_task_handle                         0x200002ec   Data           4  user_task.o(.bss..L_MergedGlobals.6)
    can_tx_mailbox                           0x200002f4   Data           4  main.o(.bss.can_tx_mailbox)
    defaultTaskHandle                        0x200002f8   Data           4  freertos.o(.bss.defaultTaskHandle)
    hcan1                                    0x200002fc   Data          40  can.o(.bss.hcan1)
    hdma_usart3_rx                           0x20000324   Data          96  usart.o(.bss.hdma_usart3_rx)
    hiwdg                                    0x20000384   Data          12  iwdg.o(.bss.hiwdg)
    hspi1                                    0x20000390   Data          88  spi.o(.bss.hspi1)
    htim6                                    0x200003e8   Data          72  stm32f4xx_hal_timebase_tim.o(.bss.htim6)
    huart3                                   0x20000430   Data          72  usart.o(.bss.huart3)
    imu                                      0x20000478   Data          68  imu.o(.bss.imu)
    pitch_motor                              0x200004bc   Data         212  motor.o(.bss.pitch_motor)
    pitch_ppid                               0x20000590   Data          68  motor.o(.bss.pitch_ppid)
    pitch_spid                               0x200005d4   Data          68  motor.o(.bss.pitch_spid)
    rx_data                                  0x20000b68   Data           8  callback.o(.bss.rx_data)
    rx_header                                0x20000b70   Data          28  main.o(.bss.rx_header)
    tx_data                                  0x20000b90   Data           8  user_task.o(.bss.tx_data)
    uwTick                                   0x20004798   Data           4  stm32f4xx_hal.o(.bss.uwTick)
    xQueueRegistry                           0x20004e54   Data          64  queue.o(.bss.xQueueRegistry)
    yaw_motor                                0x20004e94   Data         212  motor.o(.bss.yaw_motor)
    yaw_ppid                                 0x20004f68   Data          68  motor.o(.bss.yaw_ppid)
    yaw_spid                                 0x20004fac   Data          68  motor.o(.bss.yaw_spid)



==============================================================================

Memory Map of the image

  Image Entry point : 0x08000189

  Load Region LR_IROM1 (Base: 0x08000000, Size: 0x00008c90, Max: 0x00100000, ABSOLUTE, COMPRESSED[0x00008b68])

    Execution Region ER_IROM1 (Exec base: 0x08000000, Load base: 0x08000000, Size: 0x00008b14, Max: 0x00100000, ABSOLUTE)

    Exec Addr    Load Addr    Size         Type   Attr      Idx    E Section Name        Object

    0x08000000   0x08000000   0x00000188   Data   RO            3    RESET               startup_stm32f407xx.o
    0x08000188   0x08000188   0x00000008   Code   RO         1962  * !!!main             c_w.l(__main.o)
    0x08000190   0x08000190   0x00000034   Code   RO         2251    !!!scatter          c_w.l(__scatter.o)
    0x080001c4   0x080001c4   0x0000003a   Code   RO         2249    !!dczerorl          c_w.l(__dczerorl.o)
    0x080001fe   0x080001fe   0x00000002   PAD
    0x08000200   0x08000200   0x0000001c   Code   RO         2253    !!handler_zi        c_w.l(__scatter_zi.o)
    0x0800021c   0x0800021c   0x00000002   Code   RO         2165    .ARM.Collect$$libinit$$00000000  c_w.l(libinit.o)
    0x0800021e   0x0800021e   0x00000004   Code   RO         2004    .ARM.Collect$$libinit$$00000001  c_w.l(libinit2.o)
    0x08000222   0x08000222   0x00000000   Code   RO         2007    .ARM.Collect$$libinit$$00000004  c_w.l(libinit2.o)
    0x08000222   0x08000222   0x00000000   Code   RO         2009    .ARM.Collect$$libinit$$00000006  c_w.l(libinit2.o)
    0x08000222   0x08000222   0x00000000   Code   RO         2012    .ARM.Collect$$libinit$$0000000C  c_w.l(libinit2.o)
    0x08000222   0x08000222   0x00000000   Code   RO         2014    .ARM.Collect$$libinit$$0000000E  c_w.l(libinit2.o)
    0x08000222   0x08000222   0x00000000   Code   RO         2016    .ARM.Collect$$libinit$$00000010  c_w.l(libinit2.o)
    0x08000222   0x08000222   0x00000000   Code   RO         2019    .ARM.Collect$$libinit$$00000013  c_w.l(libinit2.o)
    0x08000222   0x08000222   0x00000000   Code   RO         2021    .ARM.Collect$$libinit$$00000015  c_w.l(libinit2.o)
    0x08000222   0x08000222   0x00000000   Code   RO         2023    .ARM.Collect$$libinit$$00000017  c_w.l(libinit2.o)
    0x08000222   0x08000222   0x00000000   Code   RO         2025    .ARM.Collect$$libinit$$00000019  c_w.l(libinit2.o)
    0x08000222   0x08000222   0x00000000   Code   RO         2027    .ARM.Collect$$libinit$$0000001B  c_w.l(libinit2.o)
    0x08000222   0x08000222   0x00000000   Code   RO         2029    .ARM.Collect$$libinit$$0000001D  c_w.l(libinit2.o)
    0x08000222   0x08000222   0x00000000   Code   RO         2031    .ARM.Collect$$libinit$$0000001F  c_w.l(libinit2.o)
    0x08000222   0x08000222   0x00000000   Code   RO         2033    .ARM.Collect$$libinit$$00000021  c_w.l(libinit2.o)
    0x08000222   0x08000222   0x00000000   Code   RO         2035    .ARM.Collect$$libinit$$00000023  c_w.l(libinit2.o)
    0x08000222   0x08000222   0x00000000   Code   RO         2037    .ARM.Collect$$libinit$$00000025  c_w.l(libinit2.o)
    0x08000222   0x08000222   0x00000000   Code   RO         2039    .ARM.Collect$$libinit$$00000027  c_w.l(libinit2.o)
    0x08000222   0x08000222   0x00000000   Code   RO         2043    .ARM.Collect$$libinit$$0000002E  c_w.l(libinit2.o)
    0x08000222   0x08000222   0x00000000   Code   RO         2045    .ARM.Collect$$libinit$$00000030  c_w.l(libinit2.o)
    0x08000222   0x08000222   0x00000000   Code   RO         2047    .ARM.Collect$$libinit$$00000032  c_w.l(libinit2.o)
    0x08000222   0x08000222   0x00000004   Code   RO         2048    .ARM.Collect$$libinit$$00000033  c_w.l(libinit2.o)
    0x08000226   0x08000226   0x00000000   Code   RO         2049    .ARM.Collect$$libinit$$00000034  c_w.l(libinit2.o)
    0x08000226   0x08000226   0x00000002   Code   RO         2050    .ARM.Collect$$libinit$$00000035  c_w.l(libinit2.o)
    0x08000228   0x08000228   0x00000002   Code   RO         2216    .ARM.Collect$$libshutdown$$00000000  c_w.l(libshutdown.o)
    0x0800022a   0x0800022a   0x00000000   Code   RO         2232    .ARM.Collect$$libshutdown$$00000002  c_w.l(libshutdown2.o)
    0x0800022a   0x0800022a   0x00000000   Code   RO         2234    .ARM.Collect$$libshutdown$$00000004  c_w.l(libshutdown2.o)
    0x0800022a   0x0800022a   0x00000000   Code   RO         2237    .ARM.Collect$$libshutdown$$00000007  c_w.l(libshutdown2.o)
    0x0800022a   0x0800022a   0x00000000   Code   RO         2240    .ARM.Collect$$libshutdown$$0000000A  c_w.l(libshutdown2.o)
    0x0800022a   0x0800022a   0x00000000   Code   RO         2242    .ARM.Collect$$libshutdown$$0000000C  c_w.l(libshutdown2.o)
    0x0800022a   0x0800022a   0x00000000   Code   RO         2245    .ARM.Collect$$libshutdown$$0000000F  c_w.l(libshutdown2.o)
    0x0800022a   0x0800022a   0x00000002   Code   RO         2246    .ARM.Collect$$libshutdown$$00000010  c_w.l(libshutdown2.o)
    0x0800022c   0x0800022c   0x00000000   Code   RO         1995    .ARM.Collect$$rtentry$$00000000  c_w.l(__rtentry.o)
    0x0800022c   0x0800022c   0x00000000   Code   RO         2114    .ARM.Collect$$rtentry$$00000002  c_w.l(__rtentry2.o)
    0x0800022c   0x0800022c   0x00000006   Code   RO         2126    .ARM.Collect$$rtentry$$00000004  c_w.l(__rtentry4.o)
    0x08000232   0x08000232   0x00000000   Code   RO         2116    .ARM.Collect$$rtentry$$00000009  c_w.l(__rtentry2.o)
    0x08000232   0x08000232   0x00000004   Code   RO         2117    .ARM.Collect$$rtentry$$0000000A  c_w.l(__rtentry2.o)
    0x08000236   0x08000236   0x00000000   Code   RO         2119    .ARM.Collect$$rtentry$$0000000C  c_w.l(__rtentry2.o)
    0x08000236   0x08000236   0x00000008   Code   RO         2120    .ARM.Collect$$rtentry$$0000000D  c_w.l(__rtentry2.o)
    0x0800023e   0x0800023e   0x00000002   Code   RO         2172    .ARM.Collect$$rtexit$$00000000  c_w.l(rtexit.o)
    0x08000240   0x08000240   0x00000000   Code   RO         2196    .ARM.Collect$$rtexit$$00000002  c_w.l(rtexit2.o)
    0x08000240   0x08000240   0x00000004   Code   RO         2197    .ARM.Collect$$rtexit$$00000003  c_w.l(rtexit2.o)
    0x08000244   0x08000244   0x00000006   Code   RO         2198    .ARM.Collect$$rtexit$$00000004  c_w.l(rtexit2.o)
    0x0800024a   0x0800024a   0x00000002   PAD
    0x0800024c   0x0800024c   0x00000040   Code   RO            4    .text               startup_stm32f407xx.o
    0x0800028c   0x0800028c   0x000000f0   Code   RO         1948    .text               c_w.l(lludivv7m.o)
    0x0800037c   0x0800037c   0x0000008a   Code   RO         1950    .text               c_w.l(rt_memcpy_v6.o)
    0x08000406   0x08000406   0x00000010   Code   RO         1954    .text               c_w.l(aeabi_memset4.o)
    0x08000416   0x08000416   0x0000004e   Code   RO         1958    .text               c_w.l(rt_memclr_w.o)
    0x08000464   0x08000464   0x00000006   Code   RO         1960    .text               c_w.l(heapauxi.o)
    0x0800046a   0x0800046a   0x00000002   PAD
    0x0800046c   0x0800046c   0x00000024   Code   RO         1967    .text               c_w.l(init_aeabi.o)
    0x08000490   0x08000490   0x00000016   Code   RO         2000    .text               c_w.l(_rserrno.o)
    0x080004a6   0x080004a6   0x00000064   Code   RO         2002    .text               c_w.l(rt_memcpy_w.o)
    0x0800050a   0x0800050a   0x00000002   PAD
    0x0800050c   0x0800050c   0x00000008   Code   RO         2133    .text               c_w.l(rt_errno_addr_intlibspace.o)
    0x08000514   0x08000514   0x00000008   Code   RO         2145    .text               c_w.l(libspace.o)
    0x0800051c   0x0800051c   0x0000004a   Code   RO         2148    .text               c_w.l(sys_stackheap_outer.o)
    0x08000566   0x08000566   0x00000012   Code   RO         2150    .text               c_w.l(exit.o)
    0x08000578   0x08000578   0x0000000c   Code   RO         2188    .text               c_w.l(sys_exit.o)
    0x08000584   0x08000584   0x00000002   Code   RO         2192    .text               c_w.l(use_no_semi.o)
    0x08000586   0x08000586   0x00000000   Code   RO         2194    .text               c_w.l(indicate_semi.o)
    0x08000586   0x08000586   0x00000002   PAD
    0x08000588   0x08000588   0x00000002   Code   RO          125    .text.BusFault_Handler  stm32f4xx_it.o
    0x0800058a   0x0800058a   0x00000002   PAD
    0x0800058c   0x0800058c   0x0000000c   Code   RO          133    .text.CAN1_RX0_IRQHandler  stm32f4xx_it.o
    0x08000598   0x08000598   0x0000000c   Code   RO          131    .text.DMA1_Stream1_IRQHandler  stm32f4xx_it.o
    0x080005a4   0x080005a4   0x00000002   Code   RO          129    .text.DebugMon_Handler  stm32f4xx_it.o
    0x080005a6   0x080005a6   0x00000002   PAD
    0x080005a8   0x080005a8   0x00000006   Code   RO           15    .text.Error_Handler  main.o
    0x080005ae   0x080005ae   0x00000002   PAD
    0x080005b0   0x080005b0   0x0000002e   Code   RO          521    .text.HAL_CAN_ActivateNotification  stm32f4xx_hal_can.o
    0x080005de   0x080005de   0x00000002   PAD
    0x080005e0   0x080005e0   0x000000a8   Code   RO          507    .text.HAL_CAN_AddTxMessage  stm32f4xx_hal_can.o
    0x08000688   0x08000688   0x000000de   Code   RO          497    .text.HAL_CAN_ConfigFilter  stm32f4xx_hal_can.o
    0x08000766   0x08000766   0x00000002   PAD
    0x08000768   0x08000768   0x00000002   Code   RO          551    .text.HAL_CAN_ErrorCallback  stm32f4xx_hal_can.o
    0x0800076a   0x0800076a   0x00000002   PAD
    0x0800076c   0x0800076c   0x00000134   Code   RO          517    .text.HAL_CAN_GetRxMessage  stm32f4xx_hal_can.o
    0x080008a0   0x080008a0   0x0000025e   Code   RO          525    .text.HAL_CAN_IRQHandler  stm32f4xx_hal_can.o
    0x08000afe   0x08000afe   0x00000002   PAD
    0x08000b00   0x08000b00   0x000000f4   Code   RO          487    .text.HAL_CAN_Init  stm32f4xx_hal_can.o
    0x08000bf4   0x08000bf4   0x00000078   Code   RO           57    .text.HAL_CAN_MspInit  can.o
    0x08000c6c   0x08000c6c   0x00000002   Code   RO          539    .text.HAL_CAN_RxFifo0FullCallback  stm32f4xx_hal_can.o
    0x08000c6e   0x08000c6e   0x00000002   PAD
    0x08000c70   0x08000c70   0x00000078   Code   RO         1215    .text.HAL_CAN_RxFifo0MsgPendingCallback  callback.o
    0x08000ce8   0x08000ce8   0x00000002   Code   RO          543    .text.HAL_CAN_RxFifo1FullCallback  stm32f4xx_hal_can.o
    0x08000cea   0x08000cea   0x00000002   PAD
    0x08000cec   0x08000cec   0x00000002   Code   RO          545    .text.HAL_CAN_RxFifo1MsgPendingCallback  stm32f4xx_hal_can.o
    0x08000cee   0x08000cee   0x00000002   PAD
    0x08000cf0   0x08000cf0   0x00000002   Code   RO          547    .text.HAL_CAN_SleepCallback  stm32f4xx_hal_can.o
    0x08000cf2   0x08000cf2   0x00000002   PAD
    0x08000cf4   0x08000cf4   0x0000005a   Code   RO          499    .text.HAL_CAN_Start  stm32f4xx_hal_can.o
    0x08000d4e   0x08000d4e   0x00000002   PAD
    0x08000d50   0x08000d50   0x00000002   Code   RO          529    .text.HAL_CAN_TxMailbox0AbortCallback  stm32f4xx_hal_can.o
    0x08000d52   0x08000d52   0x00000002   PAD
    0x08000d54   0x08000d54   0x00000002   Code   RO          527    .text.HAL_CAN_TxMailbox0CompleteCallback  stm32f4xx_hal_can.o
    0x08000d56   0x08000d56   0x00000002   PAD
    0x08000d58   0x08000d58   0x00000002   Code   RO          533    .text.HAL_CAN_TxMailbox1AbortCallback  stm32f4xx_hal_can.o
    0x08000d5a   0x08000d5a   0x00000002   PAD
    0x08000d5c   0x08000d5c   0x00000002   Code   RO          531    .text.HAL_CAN_TxMailbox1CompleteCallback  stm32f4xx_hal_can.o
    0x08000d5e   0x08000d5e   0x00000002   PAD
    0x08000d60   0x08000d60   0x00000002   Code   RO          537    .text.HAL_CAN_TxMailbox2AbortCallback  stm32f4xx_hal_can.o
    0x08000d62   0x08000d62   0x00000002   PAD
    0x08000d64   0x08000d64   0x00000002   Code   RO          535    .text.HAL_CAN_TxMailbox2CompleteCallback  stm32f4xx_hal_can.o
    0x08000d66   0x08000d66   0x00000002   PAD
    0x08000d68   0x08000d68   0x00000002   Code   RO          549    .text.HAL_CAN_WakeUpFromRxMsgCallback  stm32f4xx_hal_can.o
    0x08000d6a   0x08000d6a   0x00000002   PAD
    0x08000d6c   0x08000d6c   0x000001c0   Code   RO          729    .text.HAL_DMA_IRQHandler  stm32f4xx_hal_dma.o
    0x08000f2c   0x08000f2c   0x00000162   Code   RO          715    .text.HAL_DMA_Init  stm32f4xx_hal_dma.o
    0x0800108e   0x0800108e   0x00000002   PAD
    0x08001090   0x08001090   0x0000009e   Code   RO          721    .text.HAL_DMA_Start_IT  stm32f4xx_hal_dma.o
    0x0800112e   0x0800112e   0x00000002   PAD
    0x08001130   0x08001130   0x00000028   Code   RO          882    .text.HAL_Delay     stm32f4xx_hal.o
    0x08001158   0x08001158   0x000001a6   Code   RO          677    .text.HAL_GPIO_Init  stm32f4xx_hal_gpio.o
    0x080012fe   0x080012fe   0x00000002   PAD
    0x08001300   0x08001300   0x0000000a   Code   RO          683    .text.HAL_GPIO_WritePin  stm32f4xx_hal_gpio.o
    0x0800130a   0x0800130a   0x00000002   PAD
    0x0800130c   0x0800130c   0x0000000c   Code   RO          874    .text.HAL_GetTick   stm32f4xx_hal.o
    0x08001318   0x08001318   0x0000005c   Code   RO          952    .text.HAL_IWDG_Init  stm32f4xx_hal_iwdg.o
    0x08001374   0x08001374   0x0000000c   Code   RO          954    .text.HAL_IWDG_Refresh  stm32f4xx_hal_iwdg.o
    0x08001380   0x08001380   0x0000001a   Code   RO          872    .text.HAL_IncTick   stm32f4xx_hal.o
    0x0800139a   0x0800139a   0x00000002   PAD
    0x0800139c   0x0800139c   0x00000036   Code   RO          862    .text.HAL_Init      stm32f4xx_hal.o
    0x080013d2   0x080013d2   0x00000002   PAD
    0x080013d4   0x080013d4   0x000000bc   Code   RO          153    .text.HAL_InitTick  stm32f4xx_hal_timebase_tim.o
    0x08001490   0x08001490   0x00000042   Code   RO          144    .text.HAL_MspInit   stm32f4xx_hal_msp.o
    0x080014d2   0x080014d2   0x00000002   PAD
    0x080014d4   0x080014d4   0x00000026   Code   RO          814    .text.HAL_NVIC_EnableIRQ  stm32f4xx_hal_cortex.o
    0x080014fa   0x080014fa   0x00000002   PAD
    0x080014fc   0x080014fc   0x00000056   Code   RO          812    .text.HAL_NVIC_SetPriority  stm32f4xx_hal_cortex.o
    0x08001552   0x08001552   0x00000002   PAD
    0x08001554   0x08001554   0x00000020   Code   RO          810    .text.HAL_NVIC_SetPriorityGrouping  stm32f4xx_hal_cortex.o
    0x08001574   0x08001574   0x00000160   Code   RO          571    .text.HAL_RCC_ClockConfig  stm32f4xx_hal_rcc.o
    0x080016d4   0x080016d4   0x0000003e   Code   RO          589    .text.HAL_RCC_GetClockConfig  stm32f4xx_hal_rcc.o
    0x08001712   0x08001712   0x00000002   PAD
    0x08001714   0x08001714   0x00000026   Code   RO          583    .text.HAL_RCC_GetPCLK1Freq  stm32f4xx_hal_rcc.o
    0x0800173a   0x0800173a   0x00000002   PAD
    0x0800173c   0x0800173c   0x00000026   Code   RO          585    .text.HAL_RCC_GetPCLK2Freq  stm32f4xx_hal_rcc.o
    0x08001762   0x08001762   0x00000002   PAD
    0x08001764   0x08001764   0x0000006a   Code   RO          573    .text.HAL_RCC_GetSysClockFreq  stm32f4xx_hal_rcc.o
    0x080017ce   0x080017ce   0x00000002   PAD
    0x080017d0   0x080017d0   0x00000374   Code   RO          569    .text.HAL_RCC_OscConfig  stm32f4xx_hal_rcc.o
    0x08001b44   0x08001b44   0x00000006   Code   RO         1058    .text.HAL_SPI_GetState  stm32f4xx_hal_spi.o
    0x08001b4a   0x08001b4a   0x00000002   PAD
    0x08001b4c   0x08001b4c   0x000000b4   Code   RO          964    .text.HAL_SPI_Init  stm32f4xx_hal_spi.o
    0x08001c00   0x08001c00   0x000000a2   Code   RO           90    .text.HAL_SPI_MspInit  spi.o
    0x08001ca2   0x08001ca2   0x00000002   PAD
    0x08001ca4   0x08001ca4   0x00000200   Code   RO          974    .text.HAL_SPI_Receive  stm32f4xx_hal_spi.o
    0x08001ea4   0x08001ea4   0x0000027a   Code   RO          972    .text.HAL_SPI_Transmit  stm32f4xx_hal_spi.o
    0x0800211e   0x0800211e   0x00000002   PAD
    0x08002120   0x08002120   0x0000034e   Code   RO          976    .text.HAL_SPI_TransmitReceive  stm32f4xx_hal_spi.o
    0x0800246e   0x0800246e   0x00000002   PAD
    0x08002470   0x08002470   0x00000002   Code   RO          473    .text.HAL_TIMEx_BreakCallback  stm32f4xx_hal_tim_ex.o
    0x08002472   0x08002472   0x00000002   PAD
    0x08002474   0x08002474   0x00000002   Code   RO          469    .text.HAL_TIMEx_CommutCallback  stm32f4xx_hal_tim_ex.o
    0x08002476   0x08002476   0x00000002   PAD
    0x08002478   0x08002478   0x0000005a   Code   RO          168    .text.HAL_TIM_Base_Init  stm32f4xx_hal_tim.o
    0x080024d2   0x080024d2   0x00000002   PAD
    0x080024d4   0x080024d4   0x00000002   Code   RO          170    .text.HAL_TIM_Base_MspInit  stm32f4xx_hal_tim.o
    0x080024d6   0x080024d6   0x00000002   PAD
    0x080024d8   0x080024d8   0x000000aa   Code   RO          182    .text.HAL_TIM_Base_Start_IT  stm32f4xx_hal_tim.o
    0x08002582   0x08002582   0x00000002   PAD
    0x08002584   0x08002584   0x00000002   Code   RO          304    .text.HAL_TIM_IC_CaptureCallback  stm32f4xx_hal_tim.o
    0x08002586   0x08002586   0x00000002   PAD
    0x08002588   0x08002588   0x0000014e   Code   RO          302    .text.HAL_TIM_IRQHandler  stm32f4xx_hal_tim.o
    0x080026d6   0x080026d6   0x00000002   PAD
    0x080026d8   0x080026d8   0x00000002   Code   RO          306    .text.HAL_TIM_OC_DelayElapsedCallback  stm32f4xx_hal_tim.o
    0x080026da   0x080026da   0x00000002   PAD
    0x080026dc   0x080026dc   0x00000002   Code   RO          308    .text.HAL_TIM_PWM_PulseFinishedCallback  stm32f4xx_hal_tim.o
    0x080026de   0x080026de   0x00000002   PAD
    0x080026e0   0x080026e0   0x00000014   Code   RO           17    .text.HAL_TIM_PeriodElapsedCallback  main.o
    0x080026f4   0x080026f4   0x00000002   Code   RO          312    .text.HAL_TIM_TriggerCallback  stm32f4xx_hal_tim.o
    0x080026f6   0x080026f6   0x00000002   PAD
    0x080026f8   0x080026f8   0x000001ea   Code   RO         1126    .text.HAL_UARTEx_ReceiveToIdle_DMA  stm32f4xx_hal_uart.o
    0x080028e2   0x080028e2   0x00000002   PAD
    0x080028e4   0x080028e4   0x0000003c   Code   RO         1217    .text.HAL_UARTEx_RxEventCallback  callback.o
    0x08002920   0x08002920   0x00000002   Code   RO         1162    .text.HAL_UART_ErrorCallback  stm32f4xx_hal_uart.o
    0x08002922   0x08002922   0x00000002   PAD
    0x08002924   0x08002924   0x00000060   Code   RO         1078    .text.HAL_UART_Init  stm32f4xx_hal_uart.o
    0x08002984   0x08002984   0x000000a8   Code   RO          105    .text.HAL_UART_MspInit  usart.o
    0x08002a2c   0x08002a2c   0x00000002   Code   RO         1170    .text.HAL_UART_RxCpltCallback  stm32f4xx_hal_uart.o
    0x08002a2e   0x08002a2e   0x00000002   PAD
    0x08002a30   0x08002a30   0x00000002   Code   RO         1172    .text.HAL_UART_RxHalfCpltCallback  stm32f4xx_hal_uart.o
    0x08002a32   0x08002a32   0x00000002   PAD
    0x08002a34   0x08002a34   0x00000002   Code   RO          121    .text.HardFault_Handler  stm32f4xx_it.o
    0x08002a36   0x08002a36   0x00000002   PAD
    0x08002a38   0x08002a38   0x00000040   Code   RO           55    .text.MX_CAN1_Init  can.o
    0x08002a78   0x08002a78   0x00000038   Code   RO           70    .text.MX_DMA_Init   dma.o
    0x08002ab0   0x08002ab0   0x00000028   Code   RO           41    .text.MX_FREERTOS_Init  freertos.o
    0x08002ad8   0x08002ad8   0x000000c6   Code   RO           32    .text.MX_GPIO_Init  gpio.o
    0x08002b9e   0x08002b9e   0x00000002   PAD
    0x08002ba0   0x08002ba0   0x0000002e   Code   RO           79    .text.MX_IWDG_Init  iwdg.o
    0x08002bce   0x08002bce   0x00000002   PAD
    0x08002bd0   0x08002bd0   0x00000052   Code   RO           88    .text.MX_SPI1_Init  spi.o
    0x08002c22   0x08002c22   0x00000002   PAD
    0x08002c24   0x08002c24   0x00000048   Code   RO          103    .text.MX_USART3_UART_Init  usart.o
    0x08002c6c   0x08002c6c   0x00000002   Code   RO          123    .text.MemManage_Handler  stm32f4xx_it.o
    0x08002c6e   0x08002c6e   0x00000002   PAD
    0x08002c70   0x08002c70   0x00000002   Code   RO          119    .text.NMI_Handler   stm32f4xx_it.o
    0x08002c72   0x08002c72   0x0000000e   PAD
    0x08002c80   0x08002c80   0x00000064   Code   RO         1931    .text.PendSV_Handler  port.o
    0x08002ce4   0x08002ce4   0x00000124   Code   RO         1068    .text.SPI_WaitFlagStateUntilTimeout  stm32f4xx_hal_spi.o
    0x08002e08   0x08002e08   0x00000008   PAD
    0x08002e10   0x08002e10   0x00000024   Code   RO         1915    .text.SVC_Handler   port.o
    0x08002e34   0x08002e34   0x00000008   Code   RO           43    .text.StartDefaultTask  freertos.o
    0x08002e3c   0x08002e3c   0x0000001e   Code   RO         1726    .text.SysTick_Handler  cmsis_os2.o
    0x08002e5a   0x08002e5a   0x00000002   PAD
    0x08002e5c   0x08002e5c   0x000000ac   Code   RO           13    .text.SystemClock_Config  main.o
    0x08002f08   0x08002f08   0x00000012   Code   RO         1200    .text.SystemInit    system_stm32f4xx.o
    0x08002f1a   0x08002f1a   0x00000002   PAD
    0x08002f1c   0x08002f1c   0x0000000c   Code   RO          135    .text.TIM6_DAC_IRQHandler  stm32f4xx_it.o
    0x08002f28   0x08002f28   0x00000142   Code   RO          172    .text.TIM_Base_SetConfig  stm32f4xx_hal_tim.o
    0x0800306a   0x0800306a   0x00000002   PAD
    0x0800306c   0x0800306c   0x0000017c   Code   RO         1110    .text.UART_DMAError  stm32f4xx_hal_uart.o
    0x080031e8   0x080031e8   0x0000015e   Code   RO         1188    .text.UART_DMAReceiveCplt  stm32f4xx_hal_uart.o
    0x08003346   0x08003346   0x00000002   PAD
    0x08003348   0x08003348   0x00000018   Code   RO         1190    .text.UART_DMARxHalfCplt  stm32f4xx_hal_uart.o
    0x08003360   0x08003360   0x000000ee   Code   RO         1082    .text.UART_SetConfig  stm32f4xx_hal_uart.o
    0x0800344e   0x0800344e   0x00000002   PAD
    0x08003450   0x08003450   0x00000002   Code   RO          127    .text.UsageFault_Handler  stm32f4xx_it.o
    0x08003452   0x08003452   0x00000002   PAD
    0x08003454   0x08003454   0x000001dc   Code   RO         1244    .text._GLOBAL__sub_I_motor.cpp  motor.o
    0x08003630   0x08003630   0x00000078   Code   RO         1279    .text._Z10motor_taskPv  user_task.o
    0x080036a8   0x080036a8   0x000000b0   Code   RO         1283    .text._Z7rc_taskPv  user_task.o
    0x08003758   0x08003758   0x0000001c   Code   RO         1281    .text._Z8imu_taskPv  user_task.o
    0x08003774   0x08003774   0x00000018   Code   RO         1285    .text._Z9ctrl_taskPv  user_task.o
    0x0800378c   0x0800378c   0x000001cc   Code   RO         1230    .text._ZN11GM6020Motor10read_RxMsgEPKh  motor.o
    0x08003958   0x08003958   0x0000002c   Code   RO         1232    .text._ZN11GM6020Motor11write_TxMsgEPh  motor.o
    0x08003984   0x08003984   0x00000004   PAD
    0x08003988   0x08003988   0x00000280   Code   RO         1242    .text._ZN11GM6020Motor6handleEv  motor.o
    0x08003c08   0x08003c08   0x00000010   Code   RO         1238    .text._ZN11GM6020Motor8SetAngleEfff  motor.o
    0x08003c18   0x08003c18   0x00000328   Code   RO         1364    .text._ZN2RC6handleEi  remotecontroller.o
    0x08003f40   0x08003f40   0x000000e0   Code   RO         1345    .text._ZN3IMU14gyro_calculateEv  imu.o
    0x08004020   0x08004020   0x000000a8   Code   RO         1343    .text._ZN3IMU15accel_calculateEv  imu.o
    0x080040c8   0x080040c8   0x0000001c   Code   RO         1263    .text._ZN3PID11set_out_maxEf  pid.o
    0x080040e4   0x080040e4   0x0000013c   Code   RO         1265    .text._ZN3PID4calcEff  pid.o
    0x08004220   0x08004220   0x00000070   Code   RO         1323    .text.bmi088_accel_read_reg  bmi088.o
    0x08004290   0x08004290   0x00000070   Code   RO         1325    .text.bmi088_gyro_read_reg  bmi088.o
    0x08004300   0x08004300   0x000000ee   Code   RO         1329    .text.bmi088_init   bmi088.o
    0x080043ee   0x080043ee   0x00000002   PAD
    0x080043f0   0x080043f0   0x0000005a   Code   RO           11    .text.main          main.o
    0x0800444a   0x0800444a   0x00000002   PAD
    0x0800444c   0x0800444c   0x00000020   Code   RO         1786    .text.osDelay       cmsis_os2.o
    0x0800446c   0x0800446c   0x00000010   Code   RO         1742    .text.osKernelGetTickCount  cmsis_os2.o
    0x0800447c   0x0800447c   0x00000028   Code   RO         1728    .text.osKernelInitialize  cmsis_os2.o
    0x080044a4   0x080044a4   0x0000003c   Code   RO         1734    .text.osKernelStart  cmsis_os2.o
    0x080044e0   0x080044e0   0x0000006c   Code   RO         1828    .text.osSemaphoreAcquire  cmsis_os2.o
    0x0800454c   0x0800454c   0x000000b8   Code   RO         1826    .text.osSemaphoreNew  cmsis_os2.o
    0x08004604   0x08004604   0x00000064   Code   RO         1830    .text.osSemaphoreRelease  cmsis_os2.o
    0x08004668   0x08004668   0x000000ae   Code   RO         1750    .text.osThreadNew   cmsis_os2.o
    0x08004716   0x08004716   0x00000002   PAD
    0x08004718   0x08004718   0x0000028a   Code   RO         1561    .text.prvAddNewTaskToReadyList  tasks.o
    0x080049a2   0x080049a2   0x00000002   PAD
    0x080049a4   0x080049a4   0x00000086   Code   RO         1593    .text.prvIdleTask   tasks.o
    0x08004a2a   0x08004a2a   0x00000002   PAD
    0x08004a2c   0x08004a2c   0x00000128   Code   RO         1559    .text.prvInitialiseNewTask  tasks.o
    0x08004b54   0x08004b54   0x00000028   Code   RO         1923    .text.prvPortStartFirstTask  port.o
    0x08004b7c   0x08004b7c   0x0000003e   Code   RO         1913    .text.prvTaskExitError  port.o
    0x08004bba   0x08004bba   0x00000002   PAD
    0x08004bbc   0x08004bbc   0x0000038a   Code   RO         1678    .text.prvTimerTask  timers.o
    0x08004f46   0x08004f46   0x00000002   PAD
    0x08004f48   0x08004f48   0x00000074   Code   RO         1458    .text.prvUnlockQueue  queue.o
    0x08004fbc   0x08004fbc   0x0000020a   Code   RO         1889    .text.pvPortMalloc  heap_4.o
    0x080051c6   0x080051c6   0x00000002   PAD
    0x080051c8   0x080051c8   0x00000018   Code   RO         1649    .text.pvTaskIncrementMutexHeldCount  tasks.o
    0x080051e0   0x080051e0   0x00000028   Code   RO         1911    .text.pxPortInitialiseStack  port.o
    0x08005208   0x08005208   0x0000001a   Code   RO         1356    .text.rc_init       init.o
    0x08005222   0x08005222   0x00000002   PAD
    0x08005224   0x08005224   0x00000074   Code   RO         1287    .text.user_task_init  user_task.o
    0x08005298   0x08005298   0x00000024   Code   RO         1422    .text.uxListRemove  list.o
    0x080052bc   0x080052bc   0x0000001a   Code   RO         1872    .text.vApplicationGetIdleTaskMemory  cmsis_os2.o
    0x080052d6   0x080052d6   0x00000002   PAD
    0x080052d8   0x080052d8   0x0000001c   Code   RO         1874    .text.vApplicationGetTimerTaskMemory  cmsis_os2.o
    0x080052f4   0x080052f4   0x00000016   Code   RO         1414    .text.vListInitialise  list.o
    0x0800530a   0x0800530a   0x00000002   PAD
    0x0800530c   0x0800530c   0x00000006   Code   RO         1416    .text.vListInitialiseItem  list.o
    0x08005312   0x08005312   0x00000002   PAD
    0x08005314   0x08005314   0x00000062   Code   RO         1420    .text.vListInsert   list.o
    0x08005376   0x08005376   0x00000002   PAD
    0x08005378   0x08005378   0x0000001c   Code   RO         1418    .text.vListInsertEnd  list.o
    0x08005394   0x08005394   0x00000014   Code   RO         1921    .text.vPortEnableVFP  port.o
    0x080053a8   0x080053a8   0x00000046   Code   RO         1927    .text.vPortEnterCritical  port.o
    0x080053ee   0x080053ee   0x00000002   PAD
    0x080053f0   0x080053f0   0x0000002e   Code   RO         1929    .text.vPortExitCritical  port.o
    0x0800541e   0x0800541e   0x00000002   PAD
    0x08005420   0x08005420   0x000000d4   Code   RO         1891    .text.vPortFree     heap_4.o
    0x080054f4   0x080054f4   0x00000034   Code   RO         1919    .text.vPortSetupTimerInterrupt  port.o
    0x08005528   0x08005528   0x0000005e   Code   RO         1935    .text.vPortValidateInterruptPriority  port.o
    0x08005586   0x08005586   0x00000002   PAD
    0x08005588   0x08005588   0x000000b0   Code   RO         1492    .text.vQueueAddToRegistry  queue.o
    0x08005638   0x08005638   0x000000a8   Code   RO         1478    .text.vQueueDelete  queue.o
    0x080056e0   0x080056e0   0x00000052   Code   RO         1496    .text.vQueueWaitForMessageRestricted  queue.o
    0x08005732   0x08005732   0x00000002   PAD
    0x08005734   0x08005734   0x00000080   Code   RO         1573    .text.vTaskDelay    tasks.o
    0x080057b4   0x080057b4   0x00000012   Code   RO         1623    .text.vTaskInternalSetTimeOutState  tasks.o
    0x080057c6   0x080057c6   0x00000002   PAD
    0x080057c8   0x080057c8   0x0000000e   Code   RO         1627    .text.vTaskMissedYield  tasks.o
    0x080057d6   0x080057d6   0x00000002   PAD
    0x080057d8   0x080057d8   0x00000074   Code   RO         1611    .text.vTaskPlaceOnEventList  tasks.o
    0x0800584c   0x0800584c   0x0000007a   Code   RO         1615    .text.vTaskPlaceOnEventListRestricted  tasks.o
    0x080058c6   0x080058c6   0x00000002   PAD
    0x080058c8   0x080058c8   0x000000a2   Code   RO         1645    .text.vTaskPriorityDisinheritAfterTimeout  tasks.o
    0x0800596a   0x0800596a   0x00000002   PAD
    0x0800596c   0x0800596c   0x000000f0   Code   RO         1591    .text.vTaskStartScheduler  tasks.o
    0x08005a5c   0x08005a5c   0x00000010   Code   RO         1569    .text.vTaskSuspendAll  tasks.o
    0x08005a6c   0x08005a6c   0x000000bc   Code   RO         1585    .text.vTaskSwitchContext  tasks.o
    0x08005b28   0x08005b28   0x00000184   Code   RO         1917    .text.xPortStartScheduler  port.o
    0x08005cac   0x08005cac   0x0000002e   Code   RO         1933    .text.xPortSysTickHandler  port.o
    0x08005cda   0x08005cda   0x00000002   PAD
    0x08005cdc   0x08005cdc   0x00000044   Code   RO         1456    .text.xQueueCreateCountingSemaphore  queue.o
    0x08005d20   0x08005d20   0x000000c2   Code   RO         1454    .text.xQueueCreateCountingSemaphoreStatic  queue.o
    0x08005de2   0x08005de2   0x00000002   PAD
    0x08005de4   0x08005de4   0x00000086   Code   RO         1436    .text.xQueueGenericCreate  queue.o
    0x08005e6a   0x08005e6a   0x00000002   PAD
    0x08005e6c   0x08005e6c   0x000000de   Code   RO         1434    .text.xQueueGenericCreateStatic  queue.o
    0x08005f4a   0x08005f4a   0x00000002   PAD
    0x08005f4c   0x08005f4c   0x0000022a   Code   RO         1448    .text.xQueueGenericSend  queue.o
    0x08006176   0x08006176   0x00000002   PAD
    0x08006178   0x08006178   0x000000c8   Code   RO         1462    .text.xQueueGiveFromISR  queue.o
    0x08006240   0x08006240   0x000001a2   Code   RO         1464    .text.xQueueReceive  queue.o
    0x080063e2   0x080063e2   0x00000002   PAD
    0x080063e4   0x080063e4   0x000000e4   Code   RO         1468    .text.xQueueReceiveFromISR  queue.o
    0x080064c8   0x080064c8   0x000001da   Code   RO         1452    .text.xQueueSemaphoreTake  queue.o
    0x080066a2   0x080066a2   0x00000002   PAD
    0x080066a4   0x080066a4   0x000000a2   Code   RO         1625    .text.xTaskCheckForTimeOut  tasks.o
    0x08006746   0x08006746   0x00000002   PAD
    0x08006748   0x08006748   0x00000060   Code   RO         1563    .text.xTaskCreate   tasks.o
    0x080067a8   0x080067a8   0x00000076   Code   RO         1557    .text.xTaskCreateStatic  tasks.o
    0x0800681e   0x0800681e   0x00000002   PAD
    0x08006820   0x08006820   0x0000001e   Code   RO         1639    .text.xTaskGetSchedulerState  tasks.o
    0x0800683e   0x0800683e   0x00000002   PAD
    0x08006840   0x08006840   0x0000000c   Code   RO         1599    .text.xTaskGetTickCount  tasks.o
    0x0800684c   0x0800684c   0x00000012   Code   RO         1601    .text.xTaskGetTickCountFromISR  tasks.o
    0x0800685e   0x0800685e   0x00000002   PAD
    0x08006860   0x08006860   0x00000104   Code   RO         1597    .text.xTaskIncrementTick  tasks.o
    0x08006964   0x08006964   0x0000008a   Code   RO         1643    .text.xTaskPriorityDisinherit  tasks.o
    0x080069ee   0x080069ee   0x00000002   PAD
    0x080069f0   0x080069f0   0x00000092   Code   RO         1641    .text.xTaskPriorityInherit  tasks.o
    0x08006a82   0x08006a82   0x00000002   PAD
    0x08006a84   0x08006a84   0x00000072   Code   RO         1617    .text.xTaskRemoveFromEventList  tasks.o
    0x08006af6   0x08006af6   0x00000002   PAD
    0x08006af8   0x08006af8   0x000000ee   Code   RO         1571    .text.xTaskResumeAll  tasks.o
    0x08006be6   0x08006be6   0x00000002   PAD
    0x08006be8   0x08006be8   0x000000b4   Code   RO         1676    .text.xTimerCreateTimerTask  timers.o
    0x08006c9c   0x08006c9c   0x00000030   Code   RO         2102    i.__ARM_fpclassify  m_wm.l(fpclassify.o)
    0x08006ccc   0x08006ccc   0x00000004   PAD
    0x08006cd0   0x08006cd0   0x00000c60   Code   RO         1988    i.__hardfp_pow      m_wm.l(pow.o)
    0x08007930   0x08007930   0x000000f8   Code   RO         2104    i.__kernel_poly     m_wm.l(poly.o)
    0x08007a28   0x08007a28   0x00000030   Code   RO         2082    i.__mathlib_dbl_divzero  m_wm.l(dunder.o)
    0x08007a58   0x08007a58   0x00000014   Code   RO         2084    i.__mathlib_dbl_infnan2  m_wm.l(dunder.o)
    0x08007a6c   0x08007a6c   0x00000004   PAD
    0x08007a70   0x08007a70   0x00000020   Code   RO         2085    i.__mathlib_dbl_invalid  m_wm.l(dunder.o)
    0x08007a90   0x08007a90   0x00000020   Code   RO         2086    i.__mathlib_dbl_overflow  m_wm.l(dunder.o)
    0x08007ab0   0x08007ab0   0x00000020   Code   RO         2088    i.__mathlib_dbl_underflow  m_wm.l(dunder.o)
    0x08007ad0   0x08007ad0   0x00000018   Code   RO         2098    i.fabs              m_wm.l(fabs.o)
    0x08007ae8   0x08007ae8   0x0000006e   Code   RO         2109    i.sqrt              m_wm.l(sqrt.o)
    0x08007b56   0x08007b56   0x00000018   Code   RO         2055    x$fpl$basic         fz_wm.l(basic.o)
    0x08007b6e   0x08007b6e   0x00000002   PAD
    0x08007b70   0x08007b70   0x00000062   Code   RO         1970    x$fpl$d2f           fz_wm.l(d2f.o)
    0x08007bd2   0x08007bd2   0x00000002   PAD
    0x08007bd4   0x08007bd4   0x00000150   Code   RO         1972    x$fpl$dadd          fz_wm.l(daddsub_clz.o)
    0x08007d24   0x08007d24   0x00000010   Code   RO         2137    x$fpl$dcheck1       fz_wm.l(dcheck1.o)
    0x08007d34   0x08007d34   0x00000018   Code   RO         2139    x$fpl$dcmpinf       fz_wm.l(dcmpi.o)
    0x08007d4c   0x08007d4c   0x000002b4   Code   RO         1981    x$fpl$ddiv          fz_wm.l(ddiv.o)
    0x08008000   0x08008000   0x00000078   Code   RO         2057    x$fpl$deqf          fz_wm.l(deqf.o)
    0x08008078   0x08008078   0x0000002e   Code   RO         2060    x$fpl$dflt          fz_wm.l(dflt_clz.o)
    0x080080a6   0x080080a6   0x00000002   PAD
    0x080080a8   0x080080a8   0x00000078   Code   RO         2065    x$fpl$dgeqf         fz_wm.l(dgeqf.o)
    0x08008120   0x08008120   0x00000078   Code   RO         2067    x$fpl$dleqf         fz_wm.l(dleqf.o)
    0x08008198   0x08008198   0x00000154   Code   RO         1984    x$fpl$dmul          fz_wm.l(dmul.o)
    0x080082ec   0x080082ec   0x0000009c   Code   RO         2069    x$fpl$dnaninf       fz_wm.l(dnaninf.o)
    0x08008388   0x08008388   0x0000000c   Code   RO         2071    x$fpl$dretinf       fz_wm.l(dretinf.o)
    0x08008394   0x08008394   0x0000006c   Code   RO         2073    x$fpl$drleqf        fz_wm.l(drleqf.o)
    0x08008400   0x08008400   0x00000016   Code   RO         1973    x$fpl$drsb          fz_wm.l(daddsub_clz.o)
    0x08008416   0x08008416   0x00000002   PAD
    0x08008418   0x08008418   0x00000198   Code   RO         2141    x$fpl$dsqrt         fz_wm.l(dsqrt_umaal.o)
    0x080085b0   0x080085b0   0x000001dc   Code   RO         1974    x$fpl$dsub          fz_wm.l(daddsub_clz.o)
    0x0800878c   0x0800878c   0x00000056   Code   RO         1986    x$fpl$f2d           fz_wm.l(f2d.o)
    0x080087e2   0x080087e2   0x00000054   Code   RO         1978    x$fpl$fcmp          fz_wm.l(dcmp.o)
    0x08008836   0x08008836   0x0000008c   Code   RO         2075    x$fpl$fnaninf       fz_wm.l(fnaninf.o)
    0x080088c2   0x080088c2   0x0000001a   Code   RO         2143    x$fpl$fpinit        fz_wm.l(fpinit.o)
    0x080088dc   0x080088dc   0x0000000a   Code   RO         2077    x$fpl$fretinf       fz_wm.l(fretinf.o)
    0x080088e6   0x080088e6   0x00000064   Code   RO         2166    x$fpl$retnan        fz_wm.l(retnan.o)
    0x0800894a   0x0800894a   0x0000005c   Code   RO         2079    x$fpl$scalbn        fz_wm.l(scalbn.o)
    0x080089a6   0x080089a6   0x00000030   Code   RO         2186    x$fpl$trapveneer    fz_wm.l(trapv.o)
    0x080089d6   0x080089d6   0x00000000   Code   RO         2081    x$fpl$usenofp       fz_wm.l(usenofp.o)
    0x080089d6   0x080089d6   0x00000002   PAD
    0x080089d8   0x080089d8   0x00000088   Data   RO         1991    .constdata          m_wm.l(pow.o)
    0x08008a60   0x08008a60   0x00000008   Data   RO         2106    .constdata          m_wm.l(qnan.o)
    0x08008a68   0x08008a68   0x00000010   Data   RO         1205    .rodata.AHBPrescTable  system_stm32f4xx.o
    0x08008a78   0x08008a78   0x00000008   Data   RO         1206    .rodata.APBPrescTable  system_stm32f4xx.o
    0x08008a80   0x08008a80   0x00000008   Data   RO          739    .rodata.cst8        stm32f4xx_hal_dma.o
    0x08008a88   0x08008a88   0x00000024   Data   RO           46    .rodata.defaultTask_attributes  freertos.o
    0x08008aac   0x08008aac   0x0000000c   Data   RO           45    .rodata.str1.1      freertos.o
    0x08008ab8   0x08008ab8   0x00000033   Data   RO         1292    .rodata.str1.1      user_task.o
    0x08008aeb   0x08008aeb   0x00000005   Data   RO         1716    .rodata.str1.1      timers.o
    0x08008af0   0x08008af0   0x00000020   Data   RO         2248    Region$$Table       anon$$obj.o
    0x08008b10   0x08008b10   0x00000004   Data   RO         1252    .init_array         motor.o
    0x08008b14   0x08008b10   0x00000000   Data   RO         1965    .init_array         c_w.l(init_aeabi.o)


    Execution Region RW_IRAM1 (Exec base: 0x20000000, Load base: 0x08008b18, Size: 0x000055f0, Max: 0x0001c000, ABSOLUTE, COMPRESSED[0x00000050])

    Exec Addr    Load Addr    Size         Type   Attr      Idx    E Section Name        Object

    0x20000000   COMPRESSED   0x00000008   Data   RW          917    .data..L_MergedGlobals  stm32f4xx_hal.o
    0x20000008   COMPRESSED   0x0000007c   Data   RW         1297    .data..L_MergedGlobals  user_task.o
    0x20000084   COMPRESSED   0x00000004   Data   RW         1204    .data.SystemCoreClock  system_stm32f4xx.o
    0x20000088   COMPRESSED   0x00000024   Data   RW         1296    .data.ctrl_task_attr  user_task.o
    0x200000ac   COMPRESSED   0x00000028   Data   RW           20    .data.filter_config  main.o
    0x200000d4   COMPRESSED   0x00000080   Data   RW         1368    .data.rc            remotecontroller.o
    0x20000154   COMPRESSED   0x00000004   Data   RW         1289    .data.stop_flag     user_task.o
    0x20000158   COMPRESSED   0x00000018   Data   RW           19    .data.tx_header     main.o
    0x20000170   COMPRESSED   0x00000004   Data   RW         1937    .data.uxCriticalNesting  port.o
    0x20000174   COMPRESSED   0x00000004   PAD
    0x20000178        -       0x00000060   Zero   RW         2146    .bss                c_w.l(libspace.o)
    0x200001d8        -       0x00000078   Zero   RW         1666    .bss..L_MergedGlobals  tasks.o
    0x20000250        -       0x0000003c   Zero   RW         1717    .bss..L_MergedGlobals  timers.o
    0x2000028c        -       0x00000020   Zero   RW         1902    .bss..L_MergedGlobals  heap_4.o
    0x200002ac        -       0x00000008   Zero   RW         1938    .bss..L_MergedGlobals  port.o
    0x200002b4        -       0x00000028   Zero   RW         1667    .bss..L_MergedGlobals.1  tasks.o
    0x200002dc        -       0x00000014   Zero   RW         1298    .bss..L_MergedGlobals.6  user_task.o
    0x200002f0        -       0x00000004   Zero   RW         1876    .bss.KernelState    cmsis_os2.o
    0x200002f4        -       0x00000004   Zero   RW           22    .bss.can_tx_mailbox  main.o
    0x200002f8        -       0x00000004   Zero   RW           47    .bss.defaultTaskHandle  freertos.o
    0x200002fc        -       0x00000028   Zero   RW           61    .bss.hcan1          can.o
    0x20000324        -       0x00000060   Zero   RW          110    .bss.hdma_usart3_rx  usart.o
    0x20000384        -       0x0000000c   Zero   RW           81    .bss.hiwdg          iwdg.o
    0x20000390        -       0x00000058   Zero   RW           94    .bss.hspi1          spi.o
    0x200003e8        -       0x00000048   Zero   RW          159    .bss.htim6          stm32f4xx_hal_timebase_tim.o
    0x20000430        -       0x00000048   Zero   RW          109    .bss.huart3         usart.o
    0x20000478        -       0x00000044   Zero   RW         1347    .bss.imu            imu.o
    0x200004bc        -       0x000000d4   Zero   RW         1251    .bss.pitch_motor    motor.o
    0x20000590        -       0x00000044   Zero   RW         1249    .bss.pitch_ppid     motor.o
    0x200005d4        -       0x00000044   Zero   RW         1250    .bss.pitch_spid     motor.o
    0x20000618        -       0x000000a0   Zero   RW         1715    .bss.prvCheckForValidListAndQueue.ucStaticTimerQueueStorage  timers.o
    0x200006b8        -       0x00000050   Zero   RW         1714    .bss.prvCheckForValidListAndQueue.xStaticTimerQueue  timers.o
    0x20000708        -       0x00000460   Zero   RW         1665    .bss.pxReadyTasksLists  tasks.o
    0x20000b68        -       0x00000008   Zero   RW         1219    .bss.rx_data        callback.o
    0x20000b70        -       0x0000001c   Zero   RW           21    .bss.rx_header      main.o
    0x20000b8c   COMPRESSED   0x00000004   PAD
    0x20000b90        -       0x00000008   Zero   RW         1290    .bss.tx_data        user_task.o
    0x20000b98        -       0x00003c00   Zero   RW         1901    .bss.ucHeap         heap_4.o
    0x20004798        -       0x00000004   Zero   RW          916    .bss.uwTick         stm32f4xx_hal.o
    0x2000479c        -       0x00000200   Zero   RW         1878    .bss.vApplicationGetIdleTaskMemory.Idle_Stack  cmsis_os2.o
    0x2000499c        -       0x0000005c   Zero   RW         1877    .bss.vApplicationGetIdleTaskMemory.Idle_TCB  cmsis_os2.o
    0x200049f8        -       0x00000400   Zero   RW         1880    .bss.vApplicationGetTimerTaskMemory.Timer_Stack  cmsis_os2.o
    0x20004df8        -       0x0000005c   Zero   RW         1879    .bss.vApplicationGetTimerTaskMemory.Timer_TCB  cmsis_os2.o
    0x20004e54        -       0x00000040   Zero   RW         1498    .bss.xQueueRegistry  queue.o
    0x20004e94        -       0x000000d4   Zero   RW         1248    .bss.yaw_motor      motor.o
    0x20004f68        -       0x00000044   Zero   RW         1246    .bss.yaw_ppid       motor.o
    0x20004fac        -       0x00000044   Zero   RW         1247    .bss.yaw_spid       motor.o
    0x20004ff0        -       0x00000200   Zero   RW            2    HEAP                startup_stm32f407xx.o
    0x200051f0        -       0x00000400   Zero   RW            1    STACK               startup_stm32f407xx.o


    Execution Region RW_IRAM2 (Exec base: 0x2001c000, Load base: 0x08008b68, Size: 0x00000000, Max: 0x00004000, ABSOLUTE)

    **** No section assigned to this execution region ****


==============================================================================

Image component sizes


      Code (inc. data)   RO Data    RW Data    ZI Data      Debug   Object Name

       462          0          0          0          0       6109   bmi088.o
       180          0          0          0          8       3618   callback.o
       184          0          0          0         40       6172   can.o
       798          0          0          0       1724      44670   cmsis_os2.o
        56          0          0          0          0       3439   dma.o
        48          0         48          0          4       2787   freertos.o
       198          0          0          0          0       2155   gpio.o
       734          0          0          0      15392       5578   heap_4.o
       392         48          0          0         68       3830   imu.o
        26          0          0          0          0       1952   init.o
        46          0          0          0         12       1194   iwdg.o
       190          0          0          0          0       2304   list.o
       288          0          0         64         32       7173   main.o
      1636        128          4          0        696      28595   motor.o
       344          8          0          0          0       1694   pid.o
       994         16          0          4          8       4150   port.o
      3034          0          0          0         64      28107   queue.o
       808         32          0        128          0       4315   remotecontroller.o
       244          0          0          0         88       5116   spi.o
        64         26        392          0       1536        824   startup_stm32f407xx.o
       132          0          0          8          4       7271   stm32f4xx_hal.o
      1708          6          0          0          0      13803   stm32f4xx_hal_can.o
       156          0          0          0          0      10792   stm32f4xx_hal_cortex.o
       960          6          8          0          0      10574   stm32f4xx_hal_dma.o
       432          0          0          0          0       5233   stm32f4xx_hal_gpio.o
       104          0          0          0          0       1629   stm32f4xx_hal_iwdg.o
        66          0          0          0          0       3505   stm32f4xx_hal_msp.o
      1480          0          0          0          0       7363   stm32f4xx_hal_rcc.o
      2470          0          0          0          0      24876   stm32f4xx_hal_spi.o
       926          0          0          0          0      55145   stm32f4xx_hal_tim.o
         4          0          0          0          0      21165   stm32f4xx_hal_tim_ex.o
       188          0          0          0         72       7238   stm32f4xx_hal_timebase_tim.o
      1584          0          0          0          0      32119   stm32f4xx_hal_uart.o
        48          0          0          0          0       5970   stm32f4xx_it.o
        18          0         24          4          0       2563   system_stm32f4xx.o
      3440          8          0          0       1280      42975   tasks.o
      1086         20          5          0        300      16051   timers.o
       240          0          0          0        168       5141   usart.o
       464          8         51        164         28       6720   user_task.o

    ----------------------------------------------------------------------
     26452        306        564        372      21532     443915   Object Totals
         0          0         32          0          0          0   (incl. Generated)
       220          0          0          0          8          0   (incl. Padding)

    ----------------------------------------------------------------------

      Code (inc. data)   RO Data    RW Data    ZI Data      Debug   Library Member Name

        58          0          0          0          0          0   __dczerorl.o
         8          0          0          0          0         68   __main.o
         0          0          0          0          0          0   __rtentry.o
        12          0          0          0          0          0   __rtentry2.o
         6          0          0          0          0          0   __rtentry4.o
        52          8          0          0          0          0   __scatter.o
        28          0          0          0          0          0   __scatter_zi.o
        22          0          0          0          0        100   _rserrno.o
        16          0          0          0          0         68   aeabi_memset4.o
        18          0          0          0          0         80   exit.o
         6          0          0          0          0        152   heapauxi.o
         0          0          0          0          0          0   indicate_semi.o
        36          8          0          0          0         80   init_aeabi.o
         2          0          0          0          0          0   libinit.o
        10          0          0          0          0          0   libinit2.o
         2          0          0          0          0          0   libshutdown.o
         2          0          0          0          0          0   libshutdown2.o
         8          4          0          0         96         68   libspace.o
       240          0          0          0          0        100   lludivv7m.o
         8          4          0          0          0         68   rt_errno_addr_intlibspace.o
        78          0          0          0          0         80   rt_memclr_w.o
       138          0          0          0          0         68   rt_memcpy_v6.o
       100          0          0          0          0         80   rt_memcpy_w.o
         2          0          0          0          0          0   rtexit.o
        10          0          0          0          0          0   rtexit2.o
        12          4          0          0          0         68   sys_exit.o
        74          0          0          0          0         80   sys_stackheap_outer.o
         2          0          0          0          0         68   use_no_semi.o
        24          0          0          0          0        164   basic.o
        98          4          0          0          0        140   d2f.o
       834         16          0          0          0        516   daddsub_clz.o
        16          4          0          0          0        116   dcheck1.o
        84          0          0          0          0        244   dcmp.o
        24          0          0          0          0        116   dcmpi.o
       692        140          0          0          0        264   ddiv.o
       120          4          0          0          0        140   deqf.o
        46          0          0          0          0        116   dflt_clz.o
       120          4          0          0          0        140   dgeqf.o
       120          4          0          0          0        140   dleqf.o
       340         12          0          0          0        152   dmul.o
       156          4          0          0          0        140   dnaninf.o
        12          0          0          0          0        116   dretinf.o
       108          0          0          0          0        128   drleqf.o
       408         56          0          0          0        168   dsqrt_umaal.o
        86          4          0          0          0        132   f2d.o
       140          4          0          0          0        132   fnaninf.o
        26          0          0          0          0        116   fpinit.o
        10          0          0          0          0        116   fretinf.o
       100          0          0          0          0        116   retnan.o
        92          0          0          0          0        116   scalbn.o
        48          0          0          0          0        116   trapv.o
         0          0          0          0          0          0   usenofp.o
       164         44          0          0          0        620   dunder.o
        24          0          0          0          0        124   fabs.o
        48          0          0          0          0        124   fpclassify.o
       248          0          0          0          0        152   poly.o
      3168        296        136          0          0        352   pow.o
         0          0          8          0          0          0   qnan.o
       110          0          0          0          0        148   sqrt.o

    ----------------------------------------------------------------------
      8444        624        144          0         96       6392   Library Totals
        28          0          0          0          0          0   (incl. Padding)

    ----------------------------------------------------------------------

      Code (inc. data)   RO Data    RW Data    ZI Data      Debug   Library Name

       950         28          0          0         96       1228   c_w.l
      3704        256          0          0          0       3644   fz_wm.l
      3762        340        144          0          0       1520   m_wm.l

    ----------------------------------------------------------------------
      8444        624        144          0         96       6392   Library Totals

    ----------------------------------------------------------------------

==============================================================================


      Code (inc. data)   RO Data    RW Data    ZI Data      Debug   

     34896        930        708        372      21628     445695   Grand Totals
     34896        930        708         80      21628     445695   ELF Image Totals (compressed)
     34896        930        708         80          0          0   ROM Totals

==============================================================================

    Total RO  Size (Code + RO Data)                35604 (  34.77kB)
    Total RW  Size (RW Data + ZI Data)             22000 (  21.48kB)
    Total ROM Size (Code + RO Data + RW Data)      35684 (  34.85kB)

==============================================================================

